[INFO] Scanning for projects...
[INFO] 
[INFO] ------------------------< doc.eq.code:dec-demo >------------------------
[INFO] Building dec-demo 1.0
[INFO]   from pom.xml
[INFO] --------------------------------[ jar ]---------------------------------
[INFO] 
[INFO] --- enforcer:3.5.0:enforce (enforce-build-toolchain) @ dec-demo ---
[INFO] Rule 0: org.apache.maven.enforcer.rules.version.RequireMavenVersion passed
[INFO] Rule 1: org.apache.maven.enforcer.rules.version.RequireJavaVersion passed
[INFO] 
[INFO] --- jacoco:0.8.12:prepare-agent (prepare-agent) @ dec-demo ---
[INFO] argLine set to -javaagent:/home/runner/.m2/repository/org/jacoco/org.jacoco.agent/0.8.12/org.jacoco.agent-0.8.12-runtime.jar=destfile=/home/runner/work/doc-eq-code-Dgremlin/doc-eq-code-Dgremlin/dec-demo/target/jacoco.exec
[INFO] 
[INFO] --- resources:3.4.0:resources (default-resources) @ dec-demo ---
[INFO] Copying 50 resources from src/main/resources to target/classes
[INFO] 
[INFO] --- compiler:3.13.0:compile (default-compile) @ dec-demo ---
[INFO] Recompiling the module because of changed source code.
[INFO] Compiling 11 source files with javac [debug release 8] to target/classes
[INFO] 
[INFO] --- resources:3.4.0:testResources (default-testResources) @ dec-demo ---
[INFO] Copying 52 resources from src/test/resources to target/test-classes
[INFO] 
[INFO] --- compiler:3.13.0:testCompile (default-testCompile) @ dec-demo ---
[INFO] Recompiling the module because of changed dependency.
[INFO] Compiling 8 source files with javac [debug release 8] to target/test-classes
[INFO] 
[INFO] --- surefire:3.2.5:test (default-test) @ dec-demo ---
[INFO] Using auto detected provider org.apache.maven.surefire.junitplatform.JUnitPlatformProvider
[INFO] 
[INFO] -------------------------------------------------------
[INFO]  T E S T S
[INFO] -------------------------------------------------------
[INFO] Running dec.demo.p2.P2RealFixtureIntegrationTest
[INFO] Tests run: 1, Failures: 0, Errors: 0, Skipped: 0, Time elapsed: 0.661 s -- in dec.demo.p2.P2RealFixtureIntegrationTest
[INFO] 
[INFO] Results:
[INFO] 
[INFO] Tests run: 1, Failures: 0, Errors: 0, Skipped: 0
[INFO] 
[INFO] ------------------------------------------------------------------------
[INFO] BUILD SUCCESS
[INFO] ------------------------------------------------------------------------
[INFO] Total time:  4.600 s
[INFO] Finished at: 2026-08-19T01:04:39Z
[INFO] ------------------------------------------------------------------------
