[INFO] Scanning for projects...
[INFO] ------------------------------------------------------------------------
[INFO] Reactor Build Order:
[INFO] 
[INFO] doc-eq-code-parent                                                 [pom]
[INFO] dec-core-context                                                   [jar]
[INFO] DEC Core Compiler                                                  [jar]
[INFO] dec-core-frontends                                                 [jar]
[INFO] dec-core-datasource                                                [jar]
[INFO] dec-context-config-parse-xml                                       [jar]
[INFO] dec-context-config-parse-yaml                                      [jar]
[INFO] dec-datasource-orm-sql                                             [jar]
[INFO] dec-datasource-orm-mysql                                           [jar]
[INFO] dec-core-model                                                     [jar]
[INFO] dec-core-starter                                                   [jar]
[INFO] dec-demo                                                           [jar]
[INFO] 
[INFO] -------------------< doc.eq.code:doc-eq-code-parent >-------------------
[INFO] Building doc-eq-code-parent 1.0                                   [1/12]
[INFO]   from pom.xml
[INFO] --------------------------------[ pom ]---------------------------------
[INFO] 
[INFO] --- enforcer:3.5.0:enforce (enforce-build-toolchain) @ doc-eq-code-parent ---
[INFO] Rule 0: org.apache.maven.enforcer.rules.version.RequireMavenVersion passed
[INFO] Rule 1: org.apache.maven.enforcer.rules.version.RequireJavaVersion passed
[INFO] 
[INFO] --- jacoco:0.8.12:prepare-agent (prepare-agent) @ doc-eq-code-parent ---
[INFO] argLine set to -javaagent:/home/runner/.m2/repository/org/jacoco/org.jacoco.agent/0.8.12/org.jacoco.agent-0.8.12-runtime.jar=destfile=/home/runner/work/doc-eq-code-Dgremlin/doc-eq-code-Dgremlin/target/jacoco.exec
[INFO] 
[INFO] --- failsafe:3.2.5:integration-test (default) @ doc-eq-code-parent ---
[INFO] No tests to run.
[INFO] 
[INFO] --- failsafe:3.2.5:verify (default) @ doc-eq-code-parent ---
[INFO] 
[INFO] --- jacoco:0.8.12:report (report) @ doc-eq-code-parent ---
[INFO] Skipping JaCoCo execution due to missing execution data file.
[INFO] 
[INFO] --------------------< doc.eq.code:dec-core-context >--------------------
[INFO] Building dec-core-context 1.0                                     [2/12]
[INFO]   from dec-core-context/pom.xml
[INFO] --------------------------------[ jar ]---------------------------------
[INFO] 
[INFO] --- enforcer:3.5.0:enforce (enforce-build-toolchain) @ dec-core-context ---
[INFO] 
[INFO] --- jacoco:0.8.12:prepare-agent (prepare-agent) @ dec-core-context ---
[INFO] argLine set to -javaagent:/home/runner/.m2/repository/org/jacoco/org.jacoco.agent/0.8.12/org.jacoco.agent-0.8.12-runtime.jar=destfile=/home/runner/work/doc-eq-code-Dgremlin/doc-eq-code-Dgremlin/dec-core-context/target/jacoco.exec
[INFO] 
[INFO] --- resources:3.4.0:resources (default-resources) @ dec-core-context ---
[INFO] skip non existing resourceDirectory /home/runner/work/doc-eq-code-Dgremlin/doc-eq-code-Dgremlin/dec-core-context/src/main/resources
[INFO] 
[INFO] --- compiler:3.13.0:compile (default-compile) @ dec-core-context ---
[INFO] Nothing to compile - all classes are up to date.
[INFO] 
[INFO] --- resources:3.4.0:testResources (default-testResources) @ dec-core-context ---
[INFO] skip non existing resourceDirectory /home/runner/work/doc-eq-code-Dgremlin/doc-eq-code-Dgremlin/dec-core-context/src/test/resources
[INFO] 
[INFO] --- compiler:3.13.0:testCompile (default-testCompile) @ dec-core-context ---
[INFO] Nothing to compile - all classes are up to date.
[INFO] 
[INFO] --- surefire:3.2.5:test (default-test) @ dec-core-context ---
[INFO] Using auto detected provider org.apache.maven.surefire.junitplatform.JUnitPlatformProvider
[INFO] 
[INFO] -------------------------------------------------------
[INFO]  T E S T S
[INFO] -------------------------------------------------------
[INFO] Running dec.core.context.data.BaseDataContractTest
[INFO] Tests run: 1, Failures: 0, Errors: 0, Skipped: 0, Time elapsed: 0.067 s -- in dec.core.context.data.BaseDataContractTest
[INFO] Running dec.core.context.tdd.ContextReworkContractTest
[INFO] Tests run: 8, Failures: 0, Errors: 0, Skipped: 0, Time elapsed: 0.099 s -- in dec.core.context.tdd.ContextReworkContractTest
[INFO] Running dec.core.context.tdd.ContextContractBehaviorTest
[INFO] Tests run: 5, Failures: 0, Errors: 0, Skipped: 0, Time elapsed: 0.082 s -- in dec.core.context.tdd.ContextContractBehaviorTest
[INFO] Running dec.core.context.tdd.RegistryImmutabilityTest
[INFO] Tests run: 1, Failures: 0, Errors: 0, Skipped: 0, Time elapsed: 0.044 s -- in dec.core.context.tdd.RegistryImmutabilityTest
[INFO] Running dec.core.context.tdd.ContextReworkR03ContractTest
[INFO] Tests run: 4, Failures: 0, Errors: 0, Skipped: 0, Time elapsed: 0.083 s -- in dec.core.context.tdd.ContextReworkR03ContractTest
[INFO] Running dec.core.context.tdd.EngineContextApiTest
[INFO] Tests run: 1, Failures: 0, Errors: 0, Skipped: 0, Time elapsed: 0.053 s -- in dec.core.context.tdd.EngineContextApiTest
[INFO] Running dec.core.context.tdd.ContextValueContractTest
[INFO] Tests run: 1, Failures: 0, Errors: 0, Skipped: 0, Time elapsed: 0.062 s -- in dec.core.context.tdd.ContextValueContractTest
[INFO] Running dec.core.context.tdd.ContextReworkR04ContractTest
[INFO] Tests run: 5, Failures: 0, Errors: 0, Skipped: 0, Time elapsed: 0.095 s -- in dec.core.context.tdd.ContextReworkR04ContractTest
[INFO] Running dec.core.context.runtime.P2MaterializationAggregateExactTest
[INFO] Tests run: 2, Failures: 0, Errors: 0, Skipped: 0, Time elapsed: 0.072 s -- in dec.core.context.runtime.P2MaterializationAggregateExactTest
[INFO] Running dec.core.context.runtime.P2ContextNeutralValueExactTest
[INFO] Tests run: 3, Failures: 0, Errors: 0, Skipped: 0, Time elapsed: 0.060 s -- in dec.core.context.runtime.P2ContextNeutralValueExactTest
[INFO] Running dec.core.context.runtime.ProtectedAccessContextApiContractTest
[INFO] Tests run: 3, Failures: 0, Errors: 0, Skipped: 0, Time elapsed: 0.065 s -- in dec.core.context.runtime.ProtectedAccessContextApiContractTest
[INFO] Running dec.core.context.runtime.P2PolicyPublicationAggregateExactTest
[INFO] Tests run: 1, Failures: 0, Errors: 0, Skipped: 0, Time elapsed: 0.070 s -- in dec.core.context.runtime.P2PolicyPublicationAggregateExactTest
[INFO] Running dec.core.context.runtime.RuntimeFactValueContractTest
[INFO] Tests run: 2, Failures: 0, Errors: 0, Skipped: 0, Time elapsed: 0.045 s -- in dec.core.context.runtime.RuntimeFactValueContractTest
[INFO] 
[INFO] Results:
[INFO] 
[INFO] Tests run: 37, Failures: 0, Errors: 0, Skipped: 0
[INFO] 
[INFO] 
[INFO] --- jar:3.5.0:jar (default-jar) @ dec-core-context ---
[INFO] 
[INFO] --- failsafe:3.2.5:integration-test (default) @ dec-core-context ---
[INFO] 
[INFO] --- failsafe:3.2.5:verify (default) @ dec-core-context ---
[INFO] 
[INFO] --- jacoco:0.8.12:report (report) @ dec-core-context ---
[INFO] Loading execution data file /home/runner/work/doc-eq-code-Dgremlin/doc-eq-code-Dgremlin/dec-core-context/target/jacoco.exec
[INFO] Analyzed bundle 'dec-core-context' with 137 classes
[INFO] 
[INFO] -------------------< doc.eq.code:dec-core-compiler >--------------------
[INFO] Building DEC Core Compiler 1.0                                    [3/12]
[INFO]   from dec-core-compiler/pom.xml
[INFO] --------------------------------[ jar ]---------------------------------
[INFO] 
[INFO] --- enforcer:3.5.0:enforce (enforce-build-toolchain) @ dec-core-compiler ---
[INFO] 
[INFO] --- jacoco:0.8.12:prepare-agent (prepare-agent) @ dec-core-compiler ---
[INFO] argLine set to -javaagent:/home/runner/.m2/repository/org/jacoco/org.jacoco.agent/0.8.12/org.jacoco.agent-0.8.12-runtime.jar=destfile=/home/runner/work/doc-eq-code-Dgremlin/doc-eq-code-Dgremlin/dec-core-compiler/target/jacoco.exec
[INFO] 
[INFO] --- resources:3.4.0:resources (default-resources) @ dec-core-compiler ---
[INFO] skip non existing resourceDirectory /home/runner/work/doc-eq-code-Dgremlin/doc-eq-code-Dgremlin/dec-core-compiler/src/main/resources
[INFO] 
[INFO] --- compiler:3.13.0:compile (default-compile) @ dec-core-compiler ---
[INFO] Nothing to compile - all classes are up to date.
[INFO] 
[INFO] --- resources:3.4.0:testResources (default-testResources) @ dec-core-compiler ---
[INFO] skip non existing resourceDirectory /home/runner/work/doc-eq-code-Dgremlin/doc-eq-code-Dgremlin/dec-core-compiler/src/test/resources
[INFO] Copying 50 resources from ../dec-demo/src/main/resources to target/test-classes/main-fixture
[INFO] Copying 52 resources from ../dec-demo/src/test/resources to target/test-classes/test-fixture
[INFO] 
[INFO] --- compiler:3.13.0:testCompile (default-testCompile) @ dec-core-compiler ---
[INFO] Nothing to compile - all classes are up to date.
[INFO] 
[INFO] --- surefire:3.2.5:test (default-test) @ dec-core-compiler ---
[INFO] Using auto detected provider org.apache.maven.surefire.junitplatform.JUnitPlatformProvider
[INFO] 
[INFO] -------------------------------------------------------
[INFO]  T E S T S
[INFO] -------------------------------------------------------
[INFO] Running dec.core.compiler.pass.CandidateContextT14I002RedTest
[INFO] Tests run: 2, Failures: 0, Errors: 0, Skipped: 0, Time elapsed: 0.053 s -- in dec.core.compiler.pass.CandidateContextT14I002RedTest
[INFO] Running dec.core.compiler.pass.CompilerPipelineIndependentReviewTest
[INFO] Tests run: 7, Failures: 0, Errors: 0, Skipped: 0, Time elapsed: 0.085 s -- in dec.core.compiler.pass.CompilerPipelineIndependentReviewTest
[INFO] Running dec.core.compiler.pass.CompilerPipelineReworkI007IndependentReviewTest
[INFO] Tests run: 10, Failures: 0, Errors: 0, Skipped: 0, Time elapsed: 0.089 s -- in dec.core.compiler.pass.CompilerPipelineReworkI007IndependentReviewTest
[INFO] Running dec.core.compiler.pass.CompilationObserverTest
[INFO] Tests run: 4, Failures: 0, Errors: 0, Skipped: 0, Time elapsed: 0.099 s -- in dec.core.compiler.pass.CompilationObserverTest
[INFO] Running dec.core.compiler.pass.CompilerPipelineReworkI006Test
[INFO] Tests run: 8, Failures: 0, Errors: 0, Skipped: 0, Time elapsed: 0.089 s -- in dec.core.compiler.pass.CompilerPipelineReworkI006Test
[INFO] Running dec.core.compiler.pass.CompilerPipelineReworkI003IndependentReviewTest
[INFO] Tests run: 6, Failures: 0, Errors: 0, Skipped: 0, Time elapsed: 0.113 s -- in dec.core.compiler.pass.CompilerPipelineReworkI003IndependentReviewTest
[INFO] Running dec.core.compiler.pass.CompilerPipelineReworkI003Test
[INFO] Tests run: 6, Failures: 0, Errors: 0, Skipped: 0, Time elapsed: 0.103 s -- in dec.core.compiler.pass.CompilerPipelineReworkI003Test
[INFO] Running dec.core.compiler.pass.CandidateContextT14Test
[INFO] Tests run: 5, Failures: 0, Errors: 0, Skipped: 0, Time elapsed: 0.112 s -- in dec.core.compiler.pass.CandidateContextT14Test
[INFO] Running dec.core.compiler.pass.CompilerPipelineReworkI004IndependentReviewTest
[INFO] Tests run: 9, Failures: 0, Errors: 0, Skipped: 0, Time elapsed: 0.091 s -- in dec.core.compiler.pass.CompilerPipelineReworkI004IndependentReviewTest
[INFO] Running dec.core.compiler.pass.SessionIsolationTest
[INFO] Tests run: 4, Failures: 0, Errors: 0, Skipped: 0, Time elapsed: 0.094 s -- in dec.core.compiler.pass.SessionIsolationTest
[INFO] Running dec.core.compiler.pass.CompilerPipelineOrderTest
[INFO] Tests run: 4, Failures: 0, Errors: 0, Skipped: 0, Time elapsed: 0.074 s -- in dec.core.compiler.pass.CompilerPipelineOrderTest
[INFO] Running dec.core.compiler.pass.CompilationSessionStateTest
[INFO] Tests run: 5, Failures: 0, Errors: 0, Skipped: 0, Time elapsed: 0.059 s -- in dec.core.compiler.pass.CompilationSessionStateTest
[INFO] Running dec.core.compiler.pass.CompilerPipelineReworkI002HardeningTest
[INFO] Tests run: 4, Failures: 0, Errors: 0, Skipped: 0, Time elapsed: 0.095 s -- in dec.core.compiler.pass.CompilerPipelineReworkI002HardeningTest
[INFO] Running dec.core.compiler.pass.CompilerPipelineReworkI002IndependentReviewTest
[INFO] Tests run: 18, Failures: 0, Errors: 0, Skipped: 0, Time elapsed: 0.113 s -- in dec.core.compiler.pass.CompilerPipelineReworkI002IndependentReviewTest
[INFO] Running dec.core.compiler.pass.CompilationDeadlineTest
[INFO] Tests run: 3, Failures: 0, Errors: 0, Skipped: 0, Time elapsed: 0.090 s -- in dec.core.compiler.pass.CompilationDeadlineTest
[INFO] Running dec.core.compiler.pass.CompilerPipelineReworkI005Test
[INFO] Tests run: 8, Failures: 0, Errors: 0, Skipped: 0, Time elapsed: 0.086 s -- in dec.core.compiler.pass.CompilerPipelineReworkI005Test
[INFO] Running dec.core.compiler.pass.CompilationObserverIndependentReviewTest
[INFO] Tests run: 5, Failures: 0, Errors: 0, Skipped: 0, Time elapsed: 0.089 s -- in dec.core.compiler.pass.CompilationObserverIndependentReviewTest
[INFO] Running dec.core.compiler.pass.CompilerPipelineReworkI007Test
[INFO] Tests run: 6, Failures: 0, Errors: 0, Skipped: 0, Time elapsed: 0.073 s -- in dec.core.compiler.pass.CompilerPipelineReworkI007Test
[INFO] Running dec.core.compiler.pass.CompilerPipelineReworkI004Test
[INFO] Tests run: 8, Failures: 0, Errors: 0, Skipped: 0, Time elapsed: 0.112 s -- in dec.core.compiler.pass.CompilerPipelineReworkI004Test
[INFO] Running dec.core.compiler.pass.CompilerPipelineReworkI006IndependentReviewTest
[INFO] Tests run: 10, Failures: 0, Errors: 0, Skipped: 0, Time elapsed: 0.124 s -- in dec.core.compiler.pass.CompilerPipelineReworkI006IndependentReviewTest
[INFO] Running dec.core.compiler.pass.CompilerPipelineReworkI005IndependentReviewTest
[INFO] Tests run: 8, Failures: 0, Errors: 0, Skipped: 0, Time elapsed: 0.094 s -- in dec.core.compiler.pass.CompilerPipelineReworkI005IndependentReviewTest
[INFO] Running dec.core.compiler.pass.CandidateContextT14IndependentReviewTest
[INFO] Tests run: 11, Failures: 0, Errors: 0, Skipped: 0, Time elapsed: 0.111 s -- in dec.core.compiler.pass.CandidateContextT14IndependentReviewTest
[INFO] Running dec.core.compiler.pass.CompilerPipelineReworkI002Test
[INFO] Tests run: 12, Failures: 0, Errors: 0, Skipped: 0, Time elapsed: 0.090 s -- in dec.core.compiler.pass.CompilerPipelineReworkI002Test
[INFO] Running dec.core.compiler.source.SourceReferenceRelativeCategoryReworkTest
[INFO] Tests run: 4, Failures: 0, Errors: 0, Skipped: 0, Time elapsed: 0.060 s -- in dec.core.compiler.source.SourceReferenceRelativeCategoryReworkTest
[INFO] Running dec.core.compiler.source.SourceReferenceCanonicalEdgeReworkTest
[INFO] Tests run: 6, Failures: 0, Errors: 0, Skipped: 0, Time elapsed: 0.083 s -- in dec.core.compiler.source.SourceReferenceCanonicalEdgeReworkTest
[INFO] Running dec.core.compiler.source.SourceGraphFailureTest
[INFO] Tests run: 4, Failures: 0, Errors: 0, Skipped: 0, Time elapsed: 0.140 s -- in dec.core.compiler.source.SourceGraphFailureTest
[INFO] Running dec.core.compiler.source.ClasspathDocumentSourceProviderTest
[INFO] Tests run: 7, Failures: 0, Errors: 0, Skipped: 0, Time elapsed: 0.077 s -- in dec.core.compiler.source.ClasspathDocumentSourceProviderTest
[INFO] Running dec.core.compiler.source.SourceDeclarationExactPathReworkTest
[INFO] Tests run: 5, Failures: 0, Errors: 0, Skipped: 0, Time elapsed: 0.106 s -- in dec.core.compiler.source.SourceDeclarationExactPathReworkTest
[INFO] Running dec.core.compiler.source.SourceGraphSecurityReviewTest
[INFO] Tests run: 5, Failures: 0, Errors: 0, Skipped: 0, Time elapsed: 0.119 s -- in dec.core.compiler.source.SourceGraphSecurityReviewTest
[INFO] Running dec.core.compiler.source.SourceReferenceIdentityReviewTest
[INFO] Tests run: 2, Failures: 0, Errors: 0, Skipped: 0, Time elapsed: 0.112 s -- in dec.core.compiler.source.SourceReferenceIdentityReviewTest
[INFO] Running dec.core.compiler.source.SourceReferenceIdentityReworkTest
[INFO] Tests run: 4, Failures: 0, Errors: 0, Skipped: 0, Time elapsed: 0.092 s -- in dec.core.compiler.source.SourceReferenceIdentityReworkTest
[INFO] Running dec.core.compiler.source.SourcePolicySecurityTest
[INFO] Tests run: 3, Failures: 0, Errors: 0, Skipped: 0, Time elapsed: 0.106 s -- in dec.core.compiler.source.SourcePolicySecurityTest
[INFO] Running dec.core.compiler.source.MixSourceResolverContractTest
[INFO] Tests run: 3, Failures: 0, Errors: 0, Skipped: 0, Time elapsed: 0.139 s -- in dec.core.compiler.source.MixSourceResolverContractTest
[INFO] Running dec.core.compiler.publication.AtomicPublicationContractTest
[INFO] Tests run: 3, Failures: 0, Errors: 0, Skipped: 0, Time elapsed: 0.044 s -- in dec.core.compiler.publication.AtomicPublicationContractTest
[INFO] Running dec.core.compiler.contract.P2RevisionDependencyDagContractTest
[INFO] Tests run: 2, Failures: 0, Errors: 0, Skipped: 0, Time elapsed: 0.043 s -- in dec.core.compiler.contract.P2RevisionDependencyDagContractTest
[INFO] Running dec.core.compiler.contract.P2CompilerContextConstructibilityContractTest
[INFO] Tests run: 1, Failures: 0, Errors: 0, Skipped: 0, Time elapsed: 0.041 s -- in dec.core.compiler.contract.P2CompilerContextConstructibilityContractTest
[INFO] Running dec.core.compiler.modelaccess.ModelAccessReworkBoundaryTest
[INFO] Tests run: 12, Failures: 0, Errors: 0, Skipped: 0, Time elapsed: 0.096 s -- in dec.core.compiler.modelaccess.ModelAccessReworkBoundaryTest
[INFO] Running dec.core.compiler.modelaccess.ModelAccessSelectorTest
[INFO] Tests run: 7, Failures: 0, Errors: 0, Skipped: 0, Time elapsed: 0.070 s -- in dec.core.compiler.modelaccess.ModelAccessSelectorTest
[INFO] Running dec.core.compiler.modelaccess.ModelAccessTypedKeyLexicalReworkTest
[INFO] Tests run: 9, Failures: 0, Errors: 0, Skipped: 0, Time elapsed: 0.087 s -- in dec.core.compiler.modelaccess.ModelAccessTypedKeyLexicalReworkTest
[INFO] Running dec.core.compiler.modelaccess.ModelAccessReworkResourceTest
[INFO] Tests run: 2, Failures: 0, Errors: 0, Skipped: 0, Time elapsed: 0.059 s -- in dec.core.compiler.modelaccess.ModelAccessReworkResourceTest
[INFO] Running dec.core.compiler.modelaccess.ModelAccessI002IndependentReviewTest
[INFO] Tests run: 4, Failures: 0, Errors: 0, Skipped: 0, Time elapsed: 0.074 s -- in dec.core.compiler.modelaccess.ModelAccessI002IndependentReviewTest
[INFO] Running dec.core.compiler.modelaccess.ModelAccessFailureTest
[INFO] Tests run: 10, Failures: 0, Errors: 0, Skipped: 0, Time elapsed: 0.098 s -- in dec.core.compiler.modelaccess.ModelAccessFailureTest
[INFO] Running dec.core.compiler.modelaccess.ModelAccessIndependentReviewTest
[INFO] Tests run: 7, Failures: 0, Errors: 0, Skipped: 0, Time elapsed: 0.081 s -- in dec.core.compiler.modelaccess.ModelAccessIndependentReviewTest
[INFO] Running dec.core.compiler.modelaccess.P2ModelAccessStaticAuthorizationTest
[INFO] Tests run: 5, Failures: 0, Errors: 0, Skipped: 0, Time elapsed: 0.092 s -- in dec.core.compiler.modelaccess.P2ModelAccessStaticAuthorizationTest
[INFO] Running dec.core.compiler.modelaccess.ModelAccessI003IndependentReviewTest
[INFO] Tests run: 3, Failures: 0, Errors: 0, Skipped: 0, Time elapsed: 0.045 s -- in dec.core.compiler.modelaccess.ModelAccessI003IndependentReviewTest
[INFO] Running dec.core.compiler.information.InformationInputIdentityReworkTest
[INFO] Tests run: 12, Failures: 0, Errors: 0, Skipped: 0, Time elapsed: 0.079 s -- in dec.core.compiler.information.InformationInputIdentityReworkTest
[INFO] Running dec.core.compiler.information.CommonInformationExpressionTest
[INFO] Tests run: 9, Failures: 0, Errors: 0, Skipped: 0, Time elapsed: 0.103 s -- in dec.core.compiler.information.CommonInformationExpressionTest
[INFO] Running dec.core.compiler.information.InformationIndependentReviewTest
[INFO] Tests run: 6, Failures: 0, Errors: 0, Skipped: 0, Time elapsed: 0.082 s -- in dec.core.compiler.information.InformationIndependentReviewTest
[INFO] Running dec.core.compiler.information.InformationOwnershipTest
[INFO] Tests run: 9, Failures: 0, Errors: 0, Skipped: 0, Time elapsed: 0.082 s -- in dec.core.compiler.information.InformationOwnershipTest
[INFO] Running dec.core.compiler.compiled.SemanticDigestDeterminismTest
[INFO] Tests run: 6, Failures: 0, Errors: 0, Skipped: 0, Time elapsed: 0.085 s -- in dec.core.compiler.compiled.SemanticDigestDeterminismTest
[INFO] Running dec.core.compiler.compiled.SemanticDigestStrictUnicodeI002ReviewTest
[INFO] Tests run: 3, Failures: 0, Errors: 0, Skipped: 0, Time elapsed: 0.078 s -- in dec.core.compiler.compiled.SemanticDigestStrictUnicodeI002ReviewTest
[INFO] Running dec.core.compiler.compiled.SemanticDigestIndependentReviewTest
[INFO] Tests run: 13, Failures: 0, Errors: 0, Skipped: 0, Time elapsed: 0.088 s -- in dec.core.compiler.compiled.SemanticDigestIndependentReviewTest
[INFO] Running dec.core.compiler.symbol.SymbolOwnerIdentityReworkTest
[INFO] Tests run: 7, Failures: 0, Errors: 0, Skipped: 0, Time elapsed: 0.068 s -- in dec.core.compiler.symbol.SymbolOwnerIdentityReworkTest
[INFO] Running dec.core.compiler.symbol.ReferenceResolverCanonicalIntegrationTest
[INFO] Tests run: 9, Failures: 0, Errors: 0, Skipped: 0, Time elapsed: 0.096 s -- in dec.core.compiler.symbol.ReferenceResolverCanonicalIntegrationTest
[INFO] Running dec.core.compiler.symbol.DiagnosticOrderTest
[INFO] Tests run: 4, Failures: 0, Errors: 0, Skipped: 0, Time elapsed: 0.080 s -- in dec.core.compiler.symbol.DiagnosticOrderTest
[INFO] Running dec.core.compiler.symbol.TypedKeyContractTest
[INFO] Tests run: 5, Failures: 0, Errors: 0, Skipped: 0, Time elapsed: 0.062 s -- in dec.core.compiler.symbol.TypedKeyContractTest
[INFO] Running dec.core.compiler.symbol.DiagnosticAccumulatorReworkTest
[INFO] Tests run: 2, Failures: 0, Errors: 0, Skipped: 0, Time elapsed: 0.049 s -- in dec.core.compiler.symbol.DiagnosticAccumulatorReworkTest
[INFO] Running dec.core.compiler.symbol.SymbolIndependentReviewTest
[INFO] Tests run: 4, Failures: 0, Errors: 0, Skipped: 0, Time elapsed: 0.059 s -- in dec.core.compiler.symbol.SymbolIndependentReviewTest
[INFO] Running dec.core.compiler.symbol.SymbolRegistrationTest
[INFO] Tests run: 11, Failures: 0, Errors: 0, Skipped: 0, Time elapsed: 0.076 s -- in dec.core.compiler.symbol.SymbolRegistrationTest
[INFO] Running dec.core.compiler.symbol.SymbolResourceBoundaryTest
[INFO] Tests run: 3, Failures: 0, Errors: 0, Skipped: 0, Time elapsed: 0.066 s -- in dec.core.compiler.symbol.SymbolResourceBoundaryTest
[INFO] Running dec.core.compiler.symbol.ReferenceResolverBoundaryReworkTest
[INFO] Tests run: 13, Failures: 0, Errors: 0, Skipped: 0, Time elapsed: 0.104 s -- in dec.core.compiler.symbol.ReferenceResolverBoundaryReworkTest
[INFO] Running dec.core.compiler.symbol.ReferenceResolverContractTest
[INFO] Tests run: 8, Failures: 0, Errors: 0, Skipped: 0, Time elapsed: 0.076 s -- in dec.core.compiler.symbol.ReferenceResolverContractTest
[INFO] Running dec.core.compiler.ruleview.RuleViewCompilationContractTest
[INFO] Tests run: 13, Failures: 0, Errors: 0, Skipped: 0, Time elapsed: 0.088 s -- in dec.core.compiler.ruleview.RuleViewCompilationContractTest
[INFO] Running dec.core.compiler.diagnostic.P2DiagnosticDeterminismTest
[INFO] Tests run: 2, Failures: 0, Errors: 0, Skipped: 0, Time elapsed: 0.037 s -- in dec.core.compiler.diagnostic.P2DiagnosticDeterminismTest
[INFO] Running dec.core.compiler.deferred.DeferredClassificationTest
[INFO] Tests run: 5, Failures: 0, Errors: 0, Skipped: 0, Time elapsed: 0.064 s -- in dec.core.compiler.deferred.DeferredClassificationTest
[INFO] Running dec.core.compiler.deferred.DeferredCompletenessTest
[INFO] Tests run: 16, Failures: 0, Errors: 0, Skipped: 0, Time elapsed: 0.082 s -- in dec.core.compiler.deferred.DeferredCompletenessTest
[INFO] Running dec.core.compiler.deferred.DeferredI002ReworkTest
[INFO] Tests run: 7, Failures: 0, Errors: 0, Skipped: 0, Time elapsed: 0.064 s -- in dec.core.compiler.deferred.DeferredI002ReworkTest
[INFO] Running dec.core.compiler.deferred.DeferredIndependentReviewTest
[INFO] Tests run: 5, Failures: 0, Errors: 0, Skipped: 0, Time elapsed: 0.100 s -- in dec.core.compiler.deferred.DeferredIndependentReviewTest
[INFO] Running dec.core.compiler.deferred.DeferredI002SnapshotFailureReviewTest
[INFO] Tests run: 1, Failures: 0, Errors: 0, Skipped: 0, Time elapsed: 0.052 s -- in dec.core.compiler.deferred.DeferredI002SnapshotFailureReviewTest
[INFO] Running dec.core.compiler.model.access.TargetKeyModelPathContractTest
[INFO] Tests run: 11, Failures: 0, Errors: 0, Skipped: 0, Time elapsed: 0.062 s -- in dec.core.compiler.model.access.TargetKeyModelPathContractTest
[INFO] Running dec.core.compiler.model.access.ModelAccessPolicyContractTest
[INFO] Tests run: 9, Failures: 0, Errors: 0, Skipped: 0, Time elapsed: 0.055 s -- in dec.core.compiler.model.access.ModelAccessPolicyContractTest
[INFO] Running dec.core.compiler.api.CompilerFrontendIsolationR04Test
[INFO] Tests run: 1, Failures: 0, Errors: 0, Skipped: 0, Time elapsed: 0.055 s -- in dec.core.compiler.api.CompilerFrontendIsolationR04Test
[INFO] Running dec.core.compiler.api.PublishedFactIdentityTest
[INFO] Tests run: 1, Failures: 0, Errors: 0, Skipped: 0, Time elapsed: 0.073 s -- in dec.core.compiler.api.PublishedFactIdentityTest
[INFO] Running dec.core.compiler.api.CompilerSourcePolicyNegativeR05Test
[INFO] Tests run: 4, Failures: 0, Errors: 0, Skipped: 0, Time elapsed: 0.060 s -- in dec.core.compiler.api.CompilerSourcePolicyNegativeR05Test
[INFO] Running dec.core.compiler.api.CompilerSourceFrontendClosureContractR04Test
[INFO] Tests run: 4, Failures: 0, Errors: 0, Skipped: 0, Time elapsed: 0.060 s -- in dec.core.compiler.api.CompilerSourceFrontendClosureContractR04Test
[INFO] Running dec.core.compiler.api.CompilerFullApiContractR03Test
[INFO] Tests run: 4, Failures: 0, Errors: 0, Skipped: 0, Time elapsed: 0.052 s -- in dec.core.compiler.api.CompilerFullApiContractR03Test
[INFO] Running dec.core.compiler.api.CompilerValueSemanticsR03Test
[INFO] Tests run: 2, Failures: 0, Errors: 0, Skipped: 0, Time elapsed: 0.061 s -- in dec.core.compiler.api.CompilerValueSemanticsR03Test
[INFO] Running dec.core.compiler.api.CompilerSourceResolutionBehaviorR04Test
[INFO] Tests run: 3, Failures: 0, Errors: 0, Skipped: 0, Time elapsed: 0.063 s -- in dec.core.compiler.api.CompilerSourceResolutionBehaviorR04Test
[INFO] Running dec.core.compiler.api.CompilerSourceSecurityR04Test
[INFO] Tests run: 2, Failures: 0, Errors: 0, Skipped: 0, Time elapsed: 0.057 s -- in dec.core.compiler.api.CompilerSourceSecurityR04Test
[INFO] Running dec.core.compiler.api.ModuleDependencyTest
[INFO] Tests run: 1, Failures: 0, Errors: 0, Skipped: 0, Time elapsed: 0.050 s -- in dec.core.compiler.api.ModuleDependencyTest
[INFO] Running dec.core.compiler.api.CompilerSourcePolicyR05Test
[INFO] Tests run: 8, Failures: 0, Errors: 0, Skipped: 0, Time elapsed: 0.072 s -- in dec.core.compiler.api.CompilerSourcePolicyR05Test
[INFO] Running dec.core.compiler.api.CompilerSourceFrontendClosureBehaviorR04Test
[INFO] Tests run: 4, Failures: 0, Errors: 0, Skipped: 0, Time elapsed: 0.062 s -- in dec.core.compiler.api.CompilerSourceFrontendClosureBehaviorR04Test
[INFO] Running dec.core.compiler.api.CompilerFullApiBehaviorR03Test
[INFO] Tests run: 4, Failures: 0, Errors: 0, Skipped: 0, Time elapsed: 0.089 s -- in dec.core.compiler.api.CompilerFullApiBehaviorR03Test
[INFO] Running dec.core.compiler.api.CompilerApiContractTest
[INFO] Tests run: 9, Failures: 0, Errors: 0, Skipped: 0, Time elapsed: 0.076 s -- in dec.core.compiler.api.CompilerApiContractTest
[INFO] Running dec.core.compiler.compat.P2DeclarationCompatibilityContractTest
[INFO] Tests run: 2, Failures: 0, Errors: 0, Skipped: 0, Time elapsed: 0.043 s -- in dec.core.compiler.compat.P2DeclarationCompatibilityContractTest
[INFO] Running dec.core.compiler.raw.RawInvariantIndependentReviewTest
[INFO] Tests run: 4, Failures: 0, Errors: 0, Skipped: 0, Time elapsed: 0.071 s -- in dec.core.compiler.raw.RawInvariantIndependentReviewTest
[INFO] Running dec.core.compiler.raw.RawInvariantAdditionalReviewTest
[INFO] Tests run: 3, Failures: 0, Errors: 0, Skipped: 0, Time elapsed: 0.052 s -- in dec.core.compiler.raw.RawInvariantAdditionalReviewTest
[INFO] Running dec.core.compiler.raw.RawInputSnapshotReworkTest
[INFO] Tests run: 7, Failures: 0, Errors: 0, Skipped: 0, Time elapsed: 0.071 s -- in dec.core.compiler.raw.RawInputSnapshotReworkTest
[INFO] Running dec.core.compiler.raw.RawInvariantReworkTest
[INFO] Tests run: 8, Failures: 0, Errors: 0, Skipped: 0, Time elapsed: 0.068 s -- in dec.core.compiler.raw.RawInvariantReworkTest
[INFO] Running dec.core.compiler.raw.RawGrammarAndFormatReviewTest
[INFO] Tests run: 3, Failures: 0, Errors: 0, Skipped: 0, Time elapsed: 0.063 s -- in dec.core.compiler.raw.RawGrammarAndFormatReviewTest
[INFO] Running dec.core.compiler.raw.RawSnapshotBudgetReworkTest
[INFO] Tests run: 8, Failures: 0, Errors: 0, Skipped: 0, Time elapsed: 0.066 s -- in dec.core.compiler.raw.RawSnapshotBudgetReworkTest
[INFO] Running dec.core.compiler.raw.RawValueObjectReviewTest
[INFO] Tests run: 2, Failures: 0, Errors: 0, Skipped: 0, Time elapsed: 0.051 s -- in dec.core.compiler.raw.RawValueObjectReviewTest
[INFO] Running dec.core.compiler.raw.RawDefinitionBuilderContractTest
[INFO] Tests run: 11, Failures: 0, Errors: 0, Skipped: 0, Time elapsed: 0.090 s -- in dec.core.compiler.raw.RawDefinitionBuilderContractTest
[INFO] Running dec.core.compiler.system.SystemCompilationContractTest
[INFO] Tests run: 6, Failures: 0, Errors: 0, Skipped: 0, Time elapsed: 0.066 s -- in dec.core.compiler.system.SystemCompilationContractTest
[INFO] 
[INFO] Results:
[INFO] 
[INFO] Tests run: 565, Failures: 0, Errors: 0, Skipped: 0
[INFO] 
[INFO] 
[INFO] --- jar:3.5.0:jar (default-jar) @ dec-core-compiler ---
[INFO] 
[INFO] --- failsafe:3.2.5:integration-test (default) @ dec-core-compiler ---
[INFO] 
[INFO] --- failsafe:3.2.5:verify (default) @ dec-core-compiler ---
[INFO] 
[INFO] --- jacoco:0.8.12:report (report) @ dec-core-compiler ---
[INFO] Loading execution data file /home/runner/work/doc-eq-code-Dgremlin/doc-eq-code-Dgremlin/dec-core-compiler/target/jacoco.exec
[INFO] Analyzed bundle 'DEC Core Compiler' with 237 classes
[INFO] 
[INFO] -------------------< doc.eq.code:dec-core-frontends >-------------------
[INFO] Building dec-core-frontends 1.0                                   [4/12]
[INFO]   from dec-core-frontends/pom.xml
[INFO] --------------------------------[ jar ]---------------------------------
[INFO] 
[INFO] --- enforcer:3.5.0:enforce (enforce-build-toolchain) @ dec-core-frontends ---
[INFO] 
[INFO] --- jacoco:0.8.12:prepare-agent (prepare-agent) @ dec-core-frontends ---
[INFO] argLine set to -javaagent:/home/runner/.m2/repository/org/jacoco/org.jacoco.agent/0.8.12/org.jacoco.agent-0.8.12-runtime.jar=destfile=/home/runner/work/doc-eq-code-Dgremlin/doc-eq-code-Dgremlin/dec-core-frontends/target/jacoco.exec
[INFO] 
[INFO] --- resources:3.4.0:resources (default-resources) @ dec-core-frontends ---
[INFO] skip non existing resourceDirectory /home/runner/work/doc-eq-code-Dgremlin/doc-eq-code-Dgremlin/dec-core-frontends/src/main/resources
[INFO] 
[INFO] --- compiler:3.13.0:compile (default-compile) @ dec-core-frontends ---
[INFO] Nothing to compile - all classes are up to date.
[INFO] 
[INFO] --- resources:3.4.0:testResources (default-testResources) @ dec-core-frontends ---
[INFO] skip non existing resourceDirectory /home/runner/work/doc-eq-code-Dgremlin/doc-eq-code-Dgremlin/dec-core-frontends/src/test/resources
[INFO] 
[INFO] --- compiler:3.13.0:testCompile (default-testCompile) @ dec-core-frontends ---
[INFO] No sources to compile
[INFO] 
[INFO] --- surefire:3.2.5:test (default-test) @ dec-core-frontends ---
[INFO] No tests to run.
[INFO] 
[INFO] --- jar:3.5.0:jar (default-jar) @ dec-core-frontends ---
[INFO] 
[INFO] --- failsafe:3.2.5:integration-test (default) @ dec-core-frontends ---
[INFO] No tests to run.
[INFO] 
[INFO] --- failsafe:3.2.5:verify (default) @ dec-core-frontends ---
[INFO] 
[INFO] --- jacoco:0.8.12:report (report) @ dec-core-frontends ---
[INFO] Skipping JaCoCo execution due to missing execution data file.
[INFO] 
[INFO] ------------------< doc.eq.code:dec-core-datasource >-------------------
[INFO] Building dec-core-datasource 1.0                                  [5/12]
[INFO]   from dec-core-datasource/pom.xml
[INFO] --------------------------------[ jar ]---------------------------------
[INFO] 
[INFO] --- enforcer:3.5.0:enforce (enforce-build-toolchain) @ dec-core-datasource ---
[INFO] 
[INFO] --- jacoco:0.8.12:prepare-agent (prepare-agent) @ dec-core-datasource ---
[INFO] argLine set to -javaagent:/home/runner/.m2/repository/org/jacoco/org.jacoco.agent/0.8.12/org.jacoco.agent-0.8.12-runtime.jar=destfile=/home/runner/work/doc-eq-code-Dgremlin/doc-eq-code-Dgremlin/dec-core-datasource/target/jacoco.exec
[INFO] 
[INFO] --- resources:3.4.0:resources (default-resources) @ dec-core-datasource ---
[INFO] skip non existing resourceDirectory /home/runner/work/doc-eq-code-Dgremlin/doc-eq-code-Dgremlin/dec-core-datasource/src/main/resources
[INFO] 
[INFO] --- compiler:3.13.0:compile (default-compile) @ dec-core-datasource ---
[INFO] Nothing to compile - all classes are up to date.
[INFO] 
[INFO] --- resources:3.4.0:testResources (default-testResources) @ dec-core-datasource ---
[INFO] skip non existing resourceDirectory /home/runner/work/doc-eq-code-Dgremlin/doc-eq-code-Dgremlin/dec-core-datasource/src/test/resources
[INFO] 
[INFO] --- compiler:3.13.0:testCompile (default-testCompile) @ dec-core-datasource ---
[INFO] No sources to compile
[INFO] 
[INFO] --- surefire:3.2.5:test (default-test) @ dec-core-datasource ---
[INFO] No tests to run.
[INFO] 
[INFO] --- jar:3.5.0:jar (default-jar) @ dec-core-datasource ---
[INFO] 
[INFO] --- failsafe:3.2.5:integration-test (default) @ dec-core-datasource ---
[INFO] No tests to run.
[INFO] 
[INFO] --- failsafe:3.2.5:verify (default) @ dec-core-datasource ---
[INFO] 
[INFO] --- jacoco:0.8.12:report (report) @ dec-core-datasource ---
[INFO] Skipping JaCoCo execution due to missing execution data file.
[INFO] 
[INFO] --------------< doc.eq.code:dec-context-config-parse-xml >--------------
[INFO] Building dec-context-config-parse-xml 1.0                         [6/12]
[INFO]   from dec-context-config-parse-xml/pom.xml
[INFO] --------------------------------[ jar ]---------------------------------
[INFO] 
[INFO] --- enforcer:3.5.0:enforce (enforce-build-toolchain) @ dec-context-config-parse-xml ---
[INFO] 
[INFO] --- jacoco:0.8.12:prepare-agent (prepare-agent) @ dec-context-config-parse-xml ---
[INFO] argLine set to -javaagent:/home/runner/.m2/repository/org/jacoco/org.jacoco.agent/0.8.12/org.jacoco.agent-0.8.12-runtime.jar=destfile=/home/runner/work/doc-eq-code-Dgremlin/doc-eq-code-Dgremlin/dec-context-config-parse-xml/target/jacoco.exec
[INFO] 
[INFO] --- resources:3.4.0:resources (default-resources) @ dec-context-config-parse-xml ---
[INFO] skip non existing resourceDirectory /home/runner/work/doc-eq-code-Dgremlin/doc-eq-code-Dgremlin/dec-context-config-parse-xml/src/main/resources
[INFO] 
[INFO] --- compiler:3.13.0:compile (default-compile) @ dec-context-config-parse-xml ---
[INFO] Nothing to compile - all classes are up to date.
[INFO] 
[INFO] --- resources:3.4.0:testResources (default-testResources) @ dec-context-config-parse-xml ---
[INFO] skip non existing resourceDirectory /home/runner/work/doc-eq-code-Dgremlin/doc-eq-code-Dgremlin/dec-context-config-parse-xml/src/test/resources
[INFO] 
[INFO] --- compiler:3.13.0:testCompile (default-testCompile) @ dec-context-config-parse-xml ---
[INFO] Nothing to compile - all classes are up to date.
[INFO] 
[INFO] --- surefire:3.2.5:test (default-test) @ dec-context-config-parse-xml ---
[INFO] Using auto detected provider org.apache.maven.surefire.junitplatform.JUnitPlatformProvider
[INFO] 
[INFO] -------------------------------------------------------
[INFO]  T E S T S
[INFO] -------------------------------------------------------
[INFO] Running dec.core.compiler.canonical.xml.XmlCanonicalContractTest
[INFO] Tests run: 4, Failures: 0, Errors: 0, Skipped: 0, Time elapsed: 0.080 s -- in dec.core.compiler.canonical.xml.XmlCanonicalContractTest
[INFO] Running dec.core.compiler.canonical.xml.XmlFrontendArchitectureTest
[INFO] Tests run: 4, Failures: 0, Errors: 0, Skipped: 0, Time elapsed: 0.086 s -- in dec.core.compiler.canonical.xml.XmlFrontendArchitectureTest
[INFO] Running dec.core.compiler.canonical.xml.XmlFrontendSecurityTest
[INFO] Tests run: 10, Failures: 0, Errors: 0, Skipped: 0, Time elapsed: 0.115 s -- in dec.core.compiler.canonical.xml.XmlFrontendSecurityTest
[INFO] Running dec.core.compiler.canonical.xml.XmlFrontendResourceLimitTest
[INFO] Tests run: 12, Failures: 0, Errors: 0, Skipped: 0, Time elapsed: 0.136 s -- in dec.core.compiler.canonical.xml.XmlFrontendResourceLimitTest
[INFO] 
[INFO] Results:
[INFO] 
[INFO] Tests run: 30, Failures: 0, Errors: 0, Skipped: 0
[INFO] 
[INFO] 
[INFO] --- jar:3.5.0:jar (default-jar) @ dec-context-config-parse-xml ---
[INFO] 
[INFO] --- failsafe:3.2.5:integration-test (default) @ dec-context-config-parse-xml ---
[INFO] 
[INFO] --- failsafe:3.2.5:verify (default) @ dec-context-config-parse-xml ---
[INFO] 
[INFO] --- jacoco:0.8.12:report (report) @ dec-context-config-parse-xml ---
[INFO] Loading execution data file /home/runner/work/doc-eq-code-Dgremlin/doc-eq-code-Dgremlin/dec-context-config-parse-xml/target/jacoco.exec
[INFO] Analyzed bundle 'dec-context-config-parse-xml' with 29 classes
[INFO] 
[INFO] -------------< doc.eq.code:dec-context-config-parse-yaml >--------------
[INFO] Building dec-context-config-parse-yaml 1.0                        [7/12]
[INFO]   from dec-context-config-parse-yaml/pom.xml
[INFO] --------------------------------[ jar ]---------------------------------
[INFO] 
[INFO] --- enforcer:3.5.0:enforce (enforce-build-toolchain) @ dec-context-config-parse-yaml ---
[INFO] 
[INFO] --- jacoco:0.8.12:prepare-agent (prepare-agent) @ dec-context-config-parse-yaml ---
[INFO] argLine set to -javaagent:/home/runner/.m2/repository/org/jacoco/org.jacoco.agent/0.8.12/org.jacoco.agent-0.8.12-runtime.jar=destfile=/home/runner/work/doc-eq-code-Dgremlin/doc-eq-code-Dgremlin/dec-context-config-parse-yaml/target/jacoco.exec
[INFO] 
[INFO] --- resources:3.4.0:resources (default-resources) @ dec-context-config-parse-yaml ---
[INFO] skip non existing resourceDirectory /home/runner/work/doc-eq-code-Dgremlin/doc-eq-code-Dgremlin/dec-context-config-parse-yaml/src/main/resources
[INFO] 
[INFO] --- compiler:3.13.0:compile (default-compile) @ dec-context-config-parse-yaml ---
[INFO] Nothing to compile - all classes are up to date.
[INFO] 
[INFO] --- resources:3.4.0:testResources (default-testResources) @ dec-context-config-parse-yaml ---
[INFO] skip non existing resourceDirectory /home/runner/work/doc-eq-code-Dgremlin/doc-eq-code-Dgremlin/dec-context-config-parse-yaml/src/test/resources
[INFO] 
[INFO] --- compiler:3.13.0:testCompile (default-testCompile) @ dec-context-config-parse-yaml ---
[INFO] Nothing to compile - all classes are up to date.
[INFO] 
[INFO] --- surefire:3.2.5:test (default-test) @ dec-context-config-parse-yaml ---
[INFO] Using auto detected provider org.apache.maven.surefire.junitplatform.JUnitPlatformProvider
[INFO] 
[INFO] -------------------------------------------------------
[INFO]  T E S T S
[INFO] -------------------------------------------------------
[INFO] Running dec.core.compiler.canonical.yaml.YamlFrontendSecurityTest
[INFO] Tests run: 10, Failures: 0, Errors: 0, Skipped: 0, Time elapsed: 0.136 s -- in dec.core.compiler.canonical.yaml.YamlFrontendSecurityTest
[INFO] Running dec.core.compiler.canonical.yaml.YamlFrontendArchitectureTest
[INFO] Tests run: 3, Failures: 0, Errors: 0, Skipped: 0, Time elapsed: 0.065 s -- in dec.core.compiler.canonical.yaml.YamlFrontendArchitectureTest
[INFO] Running dec.core.compiler.canonical.yaml.CanonicalParityTest
[INFO] Tests run: 3, Failures: 0, Errors: 0, Skipped: 0, Time elapsed: 0.160 s -- in dec.core.compiler.canonical.yaml.CanonicalParityTest
[INFO] Running dec.core.compiler.canonical.yaml.YamlScalarBudgetResolverReworkTest
[INFO] Tests run: 12, Failures: 0, Errors: 0, Skipped: 0, Time elapsed: 0.161 s -- in dec.core.compiler.canonical.yaml.YamlScalarBudgetResolverReworkTest
[INFO] Running dec.core.compiler.canonical.yaml.YamlFrontendSourceFactsReworkTest
[INFO] Tests run: 9, Failures: 0, Errors: 0, Skipped: 0, Time elapsed: 0.158 s -- in dec.core.compiler.canonical.yaml.YamlFrontendSourceFactsReworkTest
[INFO] Running dec.core.compiler.canonical.yaml.YamlScalarLexemePolicyReviewTest
[INFO] Tests run: 1, Failures: 0, Errors: 0, Skipped: 0, Time elapsed: 0.130 s -- in dec.core.compiler.canonical.yaml.YamlScalarLexemePolicyReviewTest
[INFO] Running dec.core.compiler.canonical.yaml.YamlScalarPolicyArchitectureReviewTest
[INFO] Tests run: 2, Failures: 0, Errors: 0, Skipped: 0, Time elapsed: 0.052 s -- in dec.core.compiler.canonical.yaml.YamlScalarPolicyArchitectureReviewTest
[INFO] Running dec.core.compiler.canonical.yaml.YamlFrontendReviewTest
[INFO] Tests run: 8, Failures: 0, Errors: 0, Skipped: 0, Time elapsed: 0.157 s -- in dec.core.compiler.canonical.yaml.YamlFrontendReviewTest
[INFO] Running dec.core.compiler.canonical.yaml.YamlFrontendResourceLimitTest
[INFO] Tests run: 11, Failures: 0, Errors: 0, Skipped: 0, Time elapsed: 0.148 s -- in dec.core.compiler.canonical.yaml.YamlFrontendResourceLimitTest
[INFO] 
[INFO] Results:
[INFO] 
[INFO] Tests run: 59, Failures: 0, Errors: 0, Skipped: 0
[INFO] 
[INFO] 
[INFO] --- jar:3.5.0:jar (default-jar) @ dec-context-config-parse-yaml ---
[INFO] 
[INFO] --- failsafe:3.2.5:integration-test (default) @ dec-context-config-parse-yaml ---
[INFO] 
[INFO] --- failsafe:3.2.5:verify (default) @ dec-context-config-parse-yaml ---
[INFO] 
[INFO] --- jacoco:0.8.12:report (report) @ dec-context-config-parse-yaml ---
[INFO] Loading execution data file /home/runner/work/doc-eq-code-Dgremlin/doc-eq-code-Dgremlin/dec-context-config-parse-yaml/target/jacoco.exec
[INFO] Analyzed bundle 'dec-context-config-parse-yaml' with 11 classes
[INFO] 
[INFO] -----------------< doc.eq.code:dec-datasource-orm-sql >-----------------
[INFO] Building dec-datasource-orm-sql 1.0                               [8/12]
[INFO]   from dec-datasource-orm-sql/pom.xml
[INFO] --------------------------------[ jar ]---------------------------------
[INFO] 
[INFO] --- enforcer:3.5.0:enforce (enforce-build-toolchain) @ dec-datasource-orm-sql ---
[INFO] 
[INFO] --- jacoco:0.8.12:prepare-agent (prepare-agent) @ dec-datasource-orm-sql ---
[INFO] argLine set to -javaagent:/home/runner/.m2/repository/org/jacoco/org.jacoco.agent/0.8.12/org.jacoco.agent-0.8.12-runtime.jar=destfile=/home/runner/work/doc-eq-code-Dgremlin/doc-eq-code-Dgremlin/dec-datasource-orm-sql/target/jacoco.exec
[INFO] 
[INFO] --- resources:3.4.0:resources (default-resources) @ dec-datasource-orm-sql ---
[INFO] skip non existing resourceDirectory /home/runner/work/doc-eq-code-Dgremlin/doc-eq-code-Dgremlin/dec-datasource-orm-sql/src/main/resources
[INFO] 
[INFO] --- compiler:3.13.0:compile (default-compile) @ dec-datasource-orm-sql ---
[INFO] Nothing to compile - all classes are up to date.
[INFO] 
[INFO] --- resources:3.4.0:testResources (default-testResources) @ dec-datasource-orm-sql ---
[INFO] skip non existing resourceDirectory /home/runner/work/doc-eq-code-Dgremlin/doc-eq-code-Dgremlin/dec-datasource-orm-sql/src/test/resources
[INFO] 
[INFO] --- compiler:3.13.0:testCompile (default-testCompile) @ dec-datasource-orm-sql ---
[INFO] No sources to compile
[INFO] 
[INFO] --- surefire:3.2.5:test (default-test) @ dec-datasource-orm-sql ---
[INFO] No tests to run.
[INFO] 
[INFO] --- jar:3.5.0:jar (default-jar) @ dec-datasource-orm-sql ---
[INFO] 
[INFO] --- failsafe:3.2.5:integration-test (default) @ dec-datasource-orm-sql ---
[INFO] No tests to run.
[INFO] 
[INFO] --- failsafe:3.2.5:verify (default) @ dec-datasource-orm-sql ---
[INFO] 
[INFO] --- jacoco:0.8.12:report (report) @ dec-datasource-orm-sql ---
[INFO] Skipping JaCoCo execution due to missing execution data file.
[INFO] 
[INFO] ----------------< doc.eq.code:dec-datasource-orm-mysql >----------------
[INFO] Building dec-datasource-orm-mysql 1.0                             [9/12]
[INFO]   from dec-datasource-orm-mysql/pom.xml
[INFO] --------------------------------[ jar ]---------------------------------
[INFO] 
[INFO] --- enforcer:3.5.0:enforce (enforce-build-toolchain) @ dec-datasource-orm-mysql ---
[INFO] 
[INFO] --- jacoco:0.8.12:prepare-agent (prepare-agent) @ dec-datasource-orm-mysql ---
[INFO] argLine set to -javaagent:/home/runner/.m2/repository/org/jacoco/org.jacoco.agent/0.8.12/org.jacoco.agent-0.8.12-runtime.jar=destfile=/home/runner/work/doc-eq-code-Dgremlin/doc-eq-code-Dgremlin/dec-datasource-orm-mysql/target/jacoco.exec
[INFO] 
[INFO] --- resources:3.4.0:resources (default-resources) @ dec-datasource-orm-mysql ---
[INFO] Copying 1 resource from src/main/resources to target/classes
[INFO] 
[INFO] --- compiler:3.13.0:compile (default-compile) @ dec-datasource-orm-mysql ---
[INFO] Nothing to compile - all classes are up to date.
[INFO] 
[INFO] --- resources:3.4.0:testResources (default-testResources) @ dec-datasource-orm-mysql ---
[INFO] skip non existing resourceDirectory /home/runner/work/doc-eq-code-Dgremlin/doc-eq-code-Dgremlin/dec-datasource-orm-mysql/src/test/resources
[INFO] 
[INFO] --- compiler:3.13.0:testCompile (default-testCompile) @ dec-datasource-orm-mysql ---
[INFO] No sources to compile
[INFO] 
[INFO] --- surefire:3.2.5:test (default-test) @ dec-datasource-orm-mysql ---
[INFO] No tests to run.
[INFO] 
[INFO] --- jar:3.5.0:jar (default-jar) @ dec-datasource-orm-mysql ---
[INFO] 
[INFO] --- failsafe:3.2.5:integration-test (default) @ dec-datasource-orm-mysql ---
[INFO] No tests to run.
[INFO] 
[INFO] --- failsafe:3.2.5:verify (default) @ dec-datasource-orm-mysql ---
[INFO] 
[INFO] --- jacoco:0.8.12:report (report) @ dec-datasource-orm-mysql ---
[INFO] Skipping JaCoCo execution due to missing execution data file.
[INFO] 
[INFO] ---------------------< doc.eq.code:dec-core-model >---------------------
[INFO] Building dec-core-model 1.0                                      [10/12]
[INFO]   from dec-core-model/pom.xml
[INFO] --------------------------------[ jar ]---------------------------------
[INFO] 
[INFO] --- enforcer:3.5.0:enforce (enforce-build-toolchain) @ dec-core-model ---
[INFO] 
[INFO] --- jacoco:0.8.12:prepare-agent (prepare-agent) @ dec-core-model ---
[INFO] argLine set to -javaagent:/home/runner/.m2/repository/org/jacoco/org.jacoco.agent/0.8.12/org.jacoco.agent-0.8.12-runtime.jar=destfile=/home/runner/work/doc-eq-code-Dgremlin/doc-eq-code-Dgremlin/dec-core-model/target/jacoco.exec
[INFO] 
[INFO] --- resources:3.4.0:resources (default-resources) @ dec-core-model ---
[INFO] skip non existing resourceDirectory /home/runner/work/doc-eq-code-Dgremlin/doc-eq-code-Dgremlin/dec-core-model/src/main/resources
[INFO] 
[INFO] --- compiler:3.13.0:compile (default-compile) @ dec-core-model ---
[INFO] Nothing to compile - all classes are up to date.
[INFO] 
[INFO] --- resources:3.4.0:testResources (default-testResources) @ dec-core-model ---
[INFO] skip non existing resourceDirectory /home/runner/work/doc-eq-code-Dgremlin/doc-eq-code-Dgremlin/dec-core-model/src/test/resources
[INFO] 
[INFO] --- compiler:3.13.0:testCompile (default-testCompile) @ dec-core-model ---
[INFO] Nothing to compile - all classes are up to date.
[INFO] 
[INFO] --- surefire:3.2.5:test (default-test) @ dec-core-model ---
[INFO] Using auto detected provider org.apache.maven.surefire.junitplatform.JUnitPlatformProvider
[INFO] 
[INFO] -------------------------------------------------------
[INFO]  T E S T S
[INFO] -------------------------------------------------------
[INFO] Running dec.core.model.runtime.ProtectedWriteTransactionIntegrationTest
[INFO] Tests run: 1, Failures: 0, Errors: 0, Skipped: 0, Time elapsed: 0.068 s -- in dec.core.model.runtime.ProtectedWriteTransactionIntegrationTest
[INFO] Running dec.core.model.runtime.ProtectedAccessModelApiContractTest
[INFO] Tests run: 2, Failures: 0, Errors: 0, Skipped: 0, Time elapsed: 0.218 s -- in dec.core.model.runtime.ProtectedAccessModelApiContractTest
[INFO] Running dec.core.model.runtime.OpaqueRuntimeIdContractTest
[INFO] Tests run: 1, Failures: 0, Errors: 0, Skipped: 0, Time elapsed: 0.041 s -- in dec.core.model.runtime.OpaqueRuntimeIdContractTest
[INFO] Running dec.core.model.runtime.RuntimeModelMaterializationIntegrationTest
[INFO] Tests run: 12, Failures: 0, Errors: 0, Skipped: 0, Time elapsed: 0.217 s -- in dec.core.model.runtime.RuntimeModelMaterializationIntegrationTest
[INFO] Running dec.core.model.runtime.RuntimeModelSessionEffectBehaviorTest
[INFO] Tests run: 5, Failures: 0, Errors: 0, Skipped: 0, Time elapsed: 0.079 s -- in dec.core.model.runtime.RuntimeModelSessionEffectBehaviorTest
[INFO] Running dec.core.model.runtime.RuntimeObjectLocatorIntegrationTest
[INFO] Tests run: 3, Failures: 0, Errors: 0, Skipped: 0, Time elapsed: 0.072 s -- in dec.core.model.runtime.RuntimeObjectLocatorIntegrationTest
[INFO] 
[INFO] Results:
[INFO] 
[INFO] Tests run: 24, Failures: 0, Errors: 0, Skipped: 0
[INFO] 
[INFO] 
[INFO] --- jar:3.5.0:jar (default-jar) @ dec-core-model ---
[INFO] 
[INFO] --- failsafe:3.2.5:integration-test (default) @ dec-core-model ---
[INFO] 
[INFO] --- failsafe:3.2.5:verify (default) @ dec-core-model ---
[INFO] 
[INFO] --- jacoco:0.8.12:report (report) @ dec-core-model ---
[INFO] Loading execution data file /home/runner/work/doc-eq-code-Dgremlin/doc-eq-code-Dgremlin/dec-core-model/target/jacoco.exec
[INFO] Analyzed bundle 'dec-core-model' with 106 classes
[INFO] 
[INFO] --------------------< doc.eq.code:dec-core-starter >--------------------
[INFO] Building dec-core-starter 1.0                                    [11/12]
[INFO]   from dec-core-starter/pom.xml
[INFO] --------------------------------[ jar ]---------------------------------
[INFO] 
[INFO] --- enforcer:3.5.0:enforce (enforce-build-toolchain) @ dec-core-starter ---
[INFO] 
[INFO] --- jacoco:0.8.12:prepare-agent (prepare-agent) @ dec-core-starter ---
[INFO] argLine set to -javaagent:/home/runner/.m2/repository/org/jacoco/org.jacoco.agent/0.8.12/org.jacoco.agent-0.8.12-runtime.jar=destfile=/home/runner/work/doc-eq-code-Dgremlin/doc-eq-code-Dgremlin/dec-core-starter/target/jacoco.exec
[INFO] 
[INFO] --- resources:3.4.0:resources (default-resources) @ dec-core-starter ---
[INFO] skip non existing resourceDirectory /home/runner/work/doc-eq-code-Dgremlin/doc-eq-code-Dgremlin/dec-core-starter/src/main/resources
[INFO] 
[INFO] --- compiler:3.13.0:compile (default-compile) @ dec-core-starter ---
[INFO] Nothing to compile - all classes are up to date.
[INFO] 
[INFO] --- resources:3.4.0:testResources (default-testResources) @ dec-core-starter ---
[INFO] Copying 11 resources from src/test/resources to target/test-classes
[INFO] 
[INFO] --- compiler:3.13.0:testCompile (default-testCompile) @ dec-core-starter ---
[INFO] Nothing to compile - all classes are up to date.
[INFO] 
[INFO] --- surefire:3.2.5:test (default-test) @ dec-core-starter ---
[INFO] Using auto detected provider org.apache.maven.surefire.junitplatform.JUnitPlatformProvider
[INFO] 
[INFO] -------------------------------------------------------
[INFO]  T E S T S
[INFO] -------------------------------------------------------
[INFO] Running dec.core.starter.access.ProtectedAccessProductionCompositionTest
[INFO] Tests run: 17, Failures: 0, Errors: 0, Skipped: 0, Time elapsed: 0.159 s -- in dec.core.starter.access.ProtectedAccessProductionCompositionTest
[INFO] Running dec.core.starter.access.ProtectedRuntimeModelAdapterIntegrationTest
[INFO] Tests run: 6, Failures: 0, Errors: 0, Skipped: 0, Time elapsed: 0.115 s -- in dec.core.starter.access.ProtectedRuntimeModelAdapterIntegrationTest
[INFO] Running dec.core.starter.access.ProtectedAccessConcurrencyTest
[INFO] Tests run: 3, Failures: 0, Errors: 0, Skipped: 0, Time elapsed: 0.106 s -- in dec.core.starter.access.ProtectedAccessConcurrencyTest
[INFO] Running dec.core.starter.access.ProtectedWriteIntentResolutionTest
[INFO] Tests run: 8, Failures: 0, Errors: 0, Skipped: 0, Time elapsed: 0.103 s -- in dec.core.starter.access.ProtectedWriteIntentResolutionTest
[INFO] Running dec.core.starter.access.SingleEngineContextRuntimeLifecycleTest
[INFO] Tests run: 3, Failures: 0, Errors: 0, Skipped: 0, Time elapsed: 0.114 s -- in dec.core.starter.access.SingleEngineContextRuntimeLifecycleTest
[INFO] Running dec.core.starter.access.ProtectedAccessStarterApiContractTest
[INFO] Tests run: 3, Failures: 0, Errors: 0, Skipped: 0, Time elapsed: 0.081 s -- in dec.core.starter.access.ProtectedAccessStarterApiContractTest
[INFO] Running dec.core.starter.access.P2SecurityAuthorityRemediationTest
[INFO] Tests run: 4, Failures: 0, Errors: 0, Skipped: 0, Time elapsed: 0.109 s -- in dec.core.starter.access.P2SecurityAuthorityRemediationTest
[INFO] Running dec.core.starter.CompilerStarterBehaviorT15Test
[INFO] Tests run: 3, Failures: 0, Errors: 0, Skipped: 0, Time elapsed: 0.077 s -- in dec.core.starter.CompilerStarterBehaviorT15Test
[INFO] Running dec.core.starter.CompilerStarterBehaviorT15IndependentReviewTest
[INFO] Tests run: 4, Failures: 0, Errors: 0, Skipped: 0, Time elapsed: 0.084 s -- in dec.core.starter.CompilerStarterBehaviorT15IndependentReviewTest
[INFO] Running dec.core.starter.StarterRetirementT15Test
[INFO] Tests run: 3, Failures: 0, Errors: 0, Skipped: 0, Time elapsed: 0.052 s -- in dec.core.starter.StarterRetirementT15Test
[INFO] Running dec.core.starter.CompilerBootstrapStageClosureTest
[INFO] Tests run: 3, Failures: 0, Errors: 0, Skipped: 0, Time elapsed: 0.488 s -- in dec.core.starter.CompilerBootstrapStageClosureTest
[INFO] Running dec.core.starter.architecture.ProtectedAccessDependencyDirectionTest
[INFO] Tests run: 1, Failures: 0, Errors: 0, Skipped: 0, Time elapsed: 0.050 s -- in dec.core.starter.architecture.ProtectedAccessDependencyDirectionTest
[INFO] 
[INFO] Results:
[INFO] 
[INFO] Tests run: 58, Failures: 0, Errors: 0, Skipped: 0
[INFO] 
[INFO] 
[INFO] --- jar:3.5.0:jar (default-jar) @ dec-core-starter ---
[INFO] 
[INFO] --- failsafe:3.2.5:integration-test (default) @ dec-core-starter ---
[INFO] 
[INFO] --- failsafe:3.2.5:verify (default) @ dec-core-starter ---
[INFO] 
[INFO] --- jacoco:0.8.12:report (report) @ dec-core-starter ---
[INFO] Loading execution data file /home/runner/work/doc-eq-code-Dgremlin/doc-eq-code-Dgremlin/dec-core-starter/target/jacoco.exec
[INFO] Analyzed bundle 'dec-core-starter' with 27 classes
[INFO] 
[INFO] ------------------------< doc.eq.code:dec-demo >------------------------
[INFO] Building dec-demo 1.0                                            [12/12]
[INFO]   from dec-demo/pom.xml
[INFO] --------------------------------[ jar ]---------------------------------
[INFO] 
[INFO] --- enforcer:3.5.0:enforce (enforce-build-toolchain) @ dec-demo ---
[INFO] 
[INFO] --- jacoco:0.8.12:prepare-agent (prepare-agent) @ dec-demo ---
[INFO] argLine set to -javaagent:/home/runner/.m2/repository/org/jacoco/org.jacoco.agent/0.8.12/org.jacoco.agent-0.8.12-runtime.jar=destfile=/home/runner/work/doc-eq-code-Dgremlin/doc-eq-code-Dgremlin/dec-demo/target/jacoco.exec
[INFO] 
[INFO] --- resources:3.4.0:resources (default-resources) @ dec-demo ---
[INFO] Copying 50 resources from src/main/resources to target/classes
[INFO] 
[INFO] --- compiler:3.13.0:compile (default-compile) @ dec-demo ---
[INFO] Nothing to compile - all classes are up to date.
[INFO] 
[INFO] --- resources:3.4.0:testResources (default-testResources) @ dec-demo ---
[INFO] Copying 52 resources from src/test/resources to target/test-classes
[INFO] 
[INFO] --- compiler:3.13.0:testCompile (default-testCompile) @ dec-demo ---
[INFO] Nothing to compile - all classes are up to date.
[INFO] 
[INFO] --- surefire:3.2.5:test (default-test) @ dec-demo ---
[INFO] Using auto detected provider org.apache.maven.surefire.junitplatform.JUnitPlatformProvider
[INFO] 
[INFO] -------------------------------------------------------
[INFO]  T E S T S
[INFO] -------------------------------------------------------
[INFO] Running dec.demo.directory.DirectoryTest
[main] INFO dec.context.parse.xml.parse.config.ConfigFileParser - ------Dec init Start------
[main] INFO dec.context.parse.xml.parse.config.ConfigFileParser - Load the directory/orm-config.xml Start
[main] INFO dec.context.parse.xml.parse.config.ConfigFileParser - Load the DataSource Start!
[main] INFO dec.context.parse.xml.parse.config.ConfigFileParser - Load the DataSource:data1 success!
[main] INFO dec.context.parse.xml.parse.config.ConfigFileParser - Load the DataSource:data2 success!
[main] INFO dec.context.parse.xml.parse.config.ConfigFileParser - Load the DataSource End!
[main] INFO dec.context.parse.xml.parse.config.ConfigFileParser - Load the Connection Start!
[main] INFO dec.context.parse.xml.parse.config.ConfigFileParser - Load the Connection:con1 success!
[main] INFO dec.context.parse.xml.parse.config.ConfigFileParser - Load the Connection:con2 success!
[main] INFO dec.context.parse.xml.parse.config.ConfigFileParser - Load the Connection End!
[main] INFO dec.context.parse.xml.parse.config.ConfigFileParser - Load the directory/orm-config.xml End
[main] INFO dec.context.parse.xml.parse.config.ConfigFileParser - Load the other config file Start!
[main] INFO dec.context.parse.xml.parse.config.CommonParser - Load the filePath:classpath:system/test-data/ Start!
[main] INFO dec.context.parse.xml.parse.AbstractFileParser - Start parse filePath:classpath:system/test-data/
[main] INFO dec.context.parse.xml.parse.AbstractFileParser - Load the file:/home/runner/work/doc-eq-code-Dgremlin/doc-eq-code-Dgremlin/dec-demo/target/test-classes/system/test-data/User.xml Start!
[main] INFO dec.context.parse.xml.parse.data.DataParser - Load the data:user start!
[main] INFO dec.context.parse.xml.parse.data.DataParser - Load the data:user success!
[main] INFO dec.context.parse.xml.parse.AbstractFileParser - Load the file:/home/runner/work/doc-eq-code-Dgremlin/doc-eq-code-Dgremlin/dec-demo/target/test-classes/system/test-data/User.xml End!
[main] INFO dec.context.parse.xml.parse.AbstractFileParser - Load the file:/home/runner/work/doc-eq-code-Dgremlin/doc-eq-code-Dgremlin/dec-demo/target/test-classes/system/test-data/Pay.xml Start!
[main] INFO dec.context.parse.xml.parse.data.DataParser - Load the data:pay start!
[main] INFO dec.context.parse.xml.parse.data.DataParser - Load the data:pay success!
[main] INFO dec.context.parse.xml.parse.data.DataParser - Load the data:payDetail start!
[main] INFO dec.context.parse.xml.parse.data.DataParser - Load the data:payDetail success!
[main] INFO dec.context.parse.xml.parse.AbstractFileParser - Load the file:/home/runner/work/doc-eq-code-Dgremlin/doc-eq-code-Dgremlin/dec-demo/target/test-classes/system/test-data/Pay.xml End!
[main] INFO dec.context.parse.xml.parse.AbstractFileParser - Load the file:/home/runner/work/doc-eq-code-Dgremlin/doc-eq-code-Dgremlin/dec-demo/target/test-classes/system/test-data/Order.xml Start!
[main] INFO dec.context.parse.xml.parse.data.DataParser - Load the data:order start!
[main] INFO dec.context.parse.xml.parse.data.DataParser - Load the data:order success!
[main] INFO dec.context.parse.xml.parse.data.DataParser - Load the data:orderDetail start!
[main] INFO dec.context.parse.xml.parse.data.DataParser - Load the data:orderDetail success!
[main] INFO dec.context.parse.xml.parse.AbstractFileParser - Load the file:/home/runner/work/doc-eq-code-Dgremlin/doc-eq-code-Dgremlin/dec-demo/target/test-classes/system/test-data/Order.xml End!
[main] INFO dec.context.parse.xml.parse.AbstractFileParser - Load the file:/home/runner/work/doc-eq-code-Dgremlin/doc-eq-code-Dgremlin/dec-demo/target/test-classes/system/test-data/Product.xml Start!
[main] INFO dec.context.parse.xml.parse.data.DataParser - Load the data:product start!
[main] INFO dec.context.parse.xml.parse.data.DataParser - Load the data:product success!
[main] INFO dec.context.parse.xml.parse.AbstractFileParser - Load the file:/home/runner/work/doc-eq-code-Dgremlin/doc-eq-code-Dgremlin/dec-demo/target/test-classes/system/test-data/Product.xml End!
[main] INFO dec.context.parse.xml.parse.config.CommonParser - Load the filePath:classpath:system/test-data/ End!
[main] INFO dec.context.parse.xml.parse.config.CommonParser - Load the filePath:classpath:system/test-view Start!
[main] INFO dec.context.parse.xml.parse.AbstractFileParser - Start parse filePath:classpath:system/test-view
[main] INFO dec.context.parse.xml.parse.AbstractFileParser - Load the file:/home/runner/work/doc-eq-code-Dgremlin/doc-eq-code-Dgremlin/dec-demo/target/test-classes/system/test-view/orm-view.xml Start!
[main] INFO dec.context.parse.xml.parse.view.ViewParser - Load the view:UserInfo start!
[main] INFO dec.context.parse.xml.parse.view.ViewParser - Load the view:UserInfo success!
[main] INFO dec.context.parse.xml.parse.view.ViewParser - Load the view:OrderInfo start!
[main] INFO dec.context.parse.xml.parse.view.ViewParser - Load the view:OrderInfo success!
[main] INFO dec.context.parse.xml.parse.AbstractFileParser - Load the file:/home/runner/work/doc-eq-code-Dgremlin/doc-eq-code-Dgremlin/dec-demo/target/test-classes/system/test-view/orm-view.xml End!
[main] INFO dec.context.parse.xml.parse.config.CommonParser - Load the filePath:classpath:system/test-view End!
[main] INFO dec.context.parse.xml.parse.config.CommonParser - Load the filePath:classpath:directory/user Start!
[main] INFO dec.context.parse.xml.parse.directory.DirectoryFileParser - Start parse filePath:classpath:directory/user
[main] INFO dec.context.parse.xml.parse.AbstractFileParser - Load the file:/home/runner/work/doc-eq-code-Dgremlin/doc-eq-code-Dgremlin/dec-demo/target/test-classes/directory/user/user-directory.xml Start!
[main] INFO dec.context.parse.xml.parse.directory.DirectoryParser - Load the directory:user start!
[main] INFO dec.context.parse.xml.parse.directory.DirectoryParser - Load the directory:user success!
[main] INFO dec.context.parse.xml.parse.directory.DirectoryParser - Load the directory:auth start!
[main] INFO dec.context.parse.xml.parse.directory.DirectoryParser - Load the directory:auth success!
[main] INFO dec.context.parse.xml.parse.directory.DirectoryParser - Load the directory:register start!
[main] INFO dec.context.parse.xml.parse.directory.DirectoryParser - Load the directory:register success!
[main] INFO dec.context.parse.xml.parse.directory.DirectoryParser - Load the directory:register-pc start!
[main] INFO dec.context.parse.xml.parse.directory.DirectoryParser - Load the directory:register-pc success!
[main] INFO dec.context.parse.xml.parse.directory.DirectoryParser - Load the directory:register-wx start!
[main] INFO dec.context.parse.xml.parse.directory.DirectoryParser - Load the directory:register-wx success!
[main] INFO dec.context.parse.xml.parse.directory.DirectoryParser - Load the directory:register-notify start!
[main] INFO dec.context.parse.xml.parse.directory.DirectoryParser - Load the directory:register-notify success!
[main] INFO dec.context.parse.xml.parse.AbstractFileParser - Load the file:/home/runner/work/doc-eq-code-Dgremlin/doc-eq-code-Dgremlin/dec-demo/target/test-classes/directory/user/user-directory.xml End!
auth
register
register-pc
register-wx
register-notify
[main] INFO dec.context.parse.xml.parse.config.CommonParser - Load the filePath:classpath:directory/user End!
[main] INFO dec.context.parse.xml.parse.config.ConfigFileParser - Load the other config file End!
[main] INFO dec.context.parse.xml.parse.config.ConfigFileParser - ------Dec init End------
[main] INFO com.zaxxer.hikari.HikariDataSource - dec-demo-primary - Starting...
[main] INFO com.zaxxer.hikari.HikariDataSource - dec-demo-primary - Start completed.
[main] INFO com.zaxxer.hikari.HikariDataSource - dec-demo-secondary - Starting...
[main] INFO com.zaxxer.hikari.HikariDataSource - dec-demo-secondary - Start completed.
select * from user where status=1  or status=2
select * from user where status=1  or status=2
data:[[id=3, name=register-user, status=1, activetime=null], [id=4, name=auth-user, status=2, activetime=null]]
2026-08-19 01:34:40.661  INFO    [main           ] artoria.logging.LoggerFactory            : Set logger provider: artoria.logging.JdkLoggerProvider
2026-08-19 01:34:40.673  INFO    [main           ] artoria.convert.SimpleConversionProvider : Add converter: artoria.convert.support.ObjectToStringConverter
2026-08-19 01:34:40.675  INFO    [main           ] artoria.convert.SimpleConversionProvider : Add converter: artoria.convert.support.StringToBooleanConverter
2026-08-19 01:34:40.675  INFO    [main           ] artoria.convert.SimpleConversionProvider : Add converter: artoria.convert.support.StringToNumberConverter
2026-08-19 01:34:40.676  INFO    [main           ] artoria.convert.SimpleConversionProvider : Add converter: artoria.convert.support.StringToDateConverter
2026-08-19 01:34:40.677  INFO    [main           ] artoria.convert.SimpleConversionProvider : Add converter: artoria.convert.support.DateToStringConverter
2026-08-19 01:34:40.677  INFO    [main           ] artoria.convert.SimpleConversionProvider : Add converter: artoria.convert.support.DateToDateConverter
2026-08-19 01:34:40.678  INFO    [main           ] artoria.convert.SimpleConversionProvider : Add converter: artoria.convert.support.NumberToNumberConverter
2026-08-19 01:34:40.679  INFO    [main           ] artoria.convert.SimpleConversionProvider : Add converter: artoria.convert.support.NumberToDateConverter
2026-08-19 01:34:40.679  INFO    [main           ] artoria.convert.ConversionUtils          : Set type conversion provider: artoria.convert.SimpleConversionProvider
2026-08-19 01:34:40.681  INFO    [main           ] artoria.beans.BeanUtils                  : Set map factory: artoria.beans.SimpleMapFactory
2026-08-19 01:34:40.683  INFO    [main           ] artoria.reflect.ReflectUtils             : Set reflect provider: artoria.reflect.SimpleReflectProvider
[main] INFO com.zaxxer.hikari.HikariDataSource - dec-demo-secondary - Shutdown initiated...
[main] INFO com.zaxxer.hikari.HikariDataSource - dec-demo-secondary - Shutdown completed.
[main] INFO com.zaxxer.hikari.HikariDataSource - dec-demo-primary - Shutdown initiated...
[main] INFO com.zaxxer.hikari.HikariDataSource - dec-demo-primary - Shutdown completed.
[INFO] Tests run: 1, Failures: 0, Errors: 0, Skipped: 0, Time elapsed: 0.655 s -- in dec.demo.directory.DirectoryTest
[INFO] Running dec.demo.model.RuleTests
[main] INFO dec.context.parse.xml.parse.config.ConfigFileParser - ------Dec init Start------
[main] INFO dec.context.parse.xml.parse.config.ConfigFileParser - Load the model/orm-config.xml Start
[main] INFO dec.context.parse.xml.parse.config.ConfigFileParser - Load the DataSource Start!
[main] INFO dec.context.parse.xml.parse.config.ConfigFileParser - Load the DataSource:data1 success!
[main] INFO dec.context.parse.xml.parse.config.ConfigFileParser - Load the DataSource:data2 success!
[main] INFO dec.context.parse.xml.parse.config.ConfigFileParser - Load the DataSource End!
[main] INFO dec.context.parse.xml.parse.config.ConfigFileParser - Load the Connection Start!
[main] INFO dec.context.parse.xml.parse.config.ConfigFileParser - Load the Connection:con1 success!
[main] INFO dec.context.parse.xml.parse.config.ConfigFileParser - Load the Connection:con2 success!
[main] INFO dec.context.parse.xml.parse.config.ConfigFileParser - Load the Connection End!
[main] INFO dec.context.parse.xml.parse.config.ConfigFileParser - Load the model/orm-config.xml End
[main] INFO dec.context.parse.xml.parse.config.ConfigFileParser - Load the other config file Start!
[main] INFO dec.context.parse.xml.parse.config.CommonParser - Load the filePath:classpath:model/test-data/ Start!
[main] INFO dec.context.parse.xml.parse.AbstractFileParser - Start parse filePath:classpath:model/test-data/
[main] INFO dec.context.parse.xml.parse.AbstractFileParser - Load the file:/home/runner/work/doc-eq-code-Dgremlin/doc-eq-code-Dgremlin/dec-demo/target/test-classes/model/test-data/User.xml Start!
[main] INFO dec.context.parse.xml.parse.data.DataParser - Load the data:user start!
[main] INFO dec.context.parse.xml.parse.data.DataParser - Load the data:user success!
[main] INFO dec.context.parse.xml.parse.AbstractFileParser - Load the file:/home/runner/work/doc-eq-code-Dgremlin/doc-eq-code-Dgremlin/dec-demo/target/test-classes/model/test-data/User.xml End!
[main] INFO dec.context.parse.xml.parse.AbstractFileParser - Load the file:/home/runner/work/doc-eq-code-Dgremlin/doc-eq-code-Dgremlin/dec-demo/target/test-classes/model/test-data/Order.xml Start!
[main] INFO dec.context.parse.xml.parse.data.DataParser - Load the data:order start!
[main] INFO dec.context.parse.xml.parse.data.DataParser - Load the data:order success!
[main] INFO dec.context.parse.xml.parse.AbstractFileParser - Load the file:/home/runner/work/doc-eq-code-Dgremlin/doc-eq-code-Dgremlin/dec-demo/target/test-classes/model/test-data/Order.xml End!
[main] INFO dec.context.parse.xml.parse.AbstractFileParser - Load the file:/home/runner/work/doc-eq-code-Dgremlin/doc-eq-code-Dgremlin/dec-demo/target/test-classes/model/test-data/Product.xml Start!
[main] INFO dec.context.parse.xml.parse.data.DataParser - Load the data:product start!
[main] INFO dec.context.parse.xml.parse.data.DataParser - Load the data:product success!
[main] INFO dec.context.parse.xml.parse.AbstractFileParser - Load the file:/home/runner/work/doc-eq-code-Dgremlin/doc-eq-code-Dgremlin/dec-demo/target/test-classes/model/test-data/Product.xml End!
[main] INFO dec.context.parse.xml.parse.config.CommonParser - Load the filePath:classpath:model/test-data/ End!
[main] INFO dec.context.parse.xml.parse.config.CommonParser - Load the filePath:classpath:model/test-view Start!
[main] INFO dec.context.parse.xml.parse.AbstractFileParser - Start parse filePath:classpath:model/test-view
[main] INFO dec.context.parse.xml.parse.AbstractFileParser - Load the file:/home/runner/work/doc-eq-code-Dgremlin/doc-eq-code-Dgremlin/dec-demo/target/test-classes/model/test-view/orm-view.xml Start!
[main] INFO dec.context.parse.xml.parse.view.ViewParser - Load the view:OrderInfo start!
[main] INFO dec.context.parse.xml.parse.view.ViewParser - Load the view:OrderInfo success!
[main] INFO dec.context.parse.xml.parse.AbstractFileParser - Load the file:/home/runner/work/doc-eq-code-Dgremlin/doc-eq-code-Dgremlin/dec-demo/target/test-classes/model/test-view/orm-view.xml End!
[main] INFO dec.context.parse.xml.parse.config.CommonParser - Load the filePath:classpath:model/test-view End!
[main] INFO dec.context.parse.xml.parse.config.CommonParser - Load the filePath:classpath:model/test-rule Start!
[main] INFO dec.context.parse.xml.parse.AbstractFileParser - Start parse filePath:classpath:model/test-rule
[main] INFO dec.context.parse.xml.parse.AbstractFileParser - Load the file:/home/runner/work/doc-eq-code-Dgremlin/doc-eq-code-Dgremlin/dec-demo/target/test-classes/model/test-rule/orm-rule.xml Start!
[main] INFO dec.context.parse.xml.parse.rule.RuleParser - Load the rule:save-Order start!
[main] INFO dec.context.parse.xml.parse.rule.RuleParser - Load the rule:save-Order success!
[main] INFO dec.context.parse.xml.parse.rule.RuleParser - Load the rule:get-user start!
[main] INFO dec.context.parse.xml.parse.rule.RuleParser - Load the rule:get-user success!
[main] INFO dec.context.parse.xml.parse.rule.RuleParser - Load the rule:back-Order start!
[main] INFO dec.context.parse.xml.parse.rule.RuleParser - Load the rule:back-Order success!
[main] INFO dec.context.parse.xml.parse.AbstractFileParser - Load the file:/home/runner/work/doc-eq-code-Dgremlin/doc-eq-code-Dgremlin/dec-demo/target/test-classes/model/test-rule/orm-rule.xml End!
[main] INFO dec.context.parse.xml.parse.config.CommonParser - Load the filePath:classpath:model/test-rule End!
[main] INFO dec.context.parse.xml.parse.config.ConfigFileParser - Load the other config file End!
[main] INFO dec.context.parse.xml.parse.config.ConfigFileParser - ------Dec init End------
[main] INFO com.zaxxer.hikari.HikariDataSource - dec-demo-primary - Starting...
[main] INFO com.zaxxer.hikari.HikariDataSource - dec-demo-primary - Start completed.
[main] INFO com.zaxxer.hikari.HikariDataSource - dec-demo-secondary - Starting...
[main] INFO com.zaxxer.hikari.HikariDataSource - dec-demo-secondary - Start completed.
[main] INFO dec.core.model.container.ModelContainer - Start Execute the view rule: save-Order
[main] INFO dec.demo.model.SimpleViewListener - VIEW_START:save-Order
[main] INFO dec.demo.model.SimpleViewListener - RULE_START:save-Order:dsl
[main] INFO dec.demo.model.SimpleViewListener - RULE_END:save-Order:dsl:dsl
[main] INFO dec.demo.model.SimpleViewListener - RULE_START:save-Order:checkName
[main] INFO dec.demo.model.SimpleViewListener - RULE_END:save-Order:checkName:checkName
[main] INFO dec.demo.model.SimpleViewListener - RULE_START:save-Order:insertUser
[main] INFO dec.demo.model.SimpleViewListener - RULE_END:save-Order:insertUser:insertUser
[main] INFO dec.demo.model.SimpleViewListener - RULE_START:save-Order:checkUser
[main] INFO dec.demo.model.SimpleViewListener - RULE_END:save-Order:checkUser:checkUser
[main] INFO dec.demo.model.SimpleViewListener - RULE_START:save-Order:checkUser1
[main] INFO dec.demo.model.SimpleViewListener - RULE_END:save-Order:checkUser1:checkUser1
[main] INFO dec.demo.model.SimpleViewListener - RULE_START:save-Order:check1
[main] INFO dec.demo.model.SimpleViewListener - RULE_END:save-Order:check1:check1
[main] INFO dec.demo.model.SimpleViewListener - RULE_START:save-Order:checkUerId
[main] INFO dec.demo.model.SimpleViewListener - RULE_END:save-Order:checkUerId:checkUerId
[main] INFO dec.demo.model.SimpleViewListener - RULE_START:save-Order:insertOrder
[main] INFO dec.demo.model.SimpleViewListener - RULE_END:save-Order:insertOrder:insertOrder
[main] INFO dec.demo.model.SimpleViewListener - RULE_START:save-Order:insertProduct
[main] INFO dec.demo.model.SimpleViewListener - RULE_END:save-Order:insertProduct:insertProduct
[main] INFO dec.demo.model.SimpleViewListener - RULE_START:save-Order:deleteProduct
[main] INFO dec.demo.model.SimpleViewListener - RULE_END:save-Order:deleteProduct:deleteProduct
[main] INFO dec.demo.model.SimpleViewListener - VIEW_END:save-Order:deleteProduct
[main] INFO dec.core.model.container.ModelContainer - End Execute the view rule: save-Order
[main] INFO dec.core.model.container.ModelContainer - Start Execute the view rule: back-Order
[main] INFO dec.core.model.container.ModelContainer - End Execute the view rule: back-Order
[main] INFO com.zaxxer.hikari.HikariDataSource - dec-demo-secondary - Shutdown initiated...
[main] INFO com.zaxxer.hikari.HikariDataSource - dec-demo-secondary - Shutdown completed.
[main] INFO com.zaxxer.hikari.HikariDataSource - dec-demo-primary - Shutdown initiated...
[main] INFO com.zaxxer.hikari.HikariDataSource - dec-demo-primary - Shutdown completed.
[INFO] Tests run: 1, Failures: 0, Errors: 0, Skipped: 0, Time elapsed: 0.629 s -- in dec.demo.model.RuleTests
[INFO] Running dec.demo.p2.P2RealFixtureIntegrationTest
[main] INFO dec.context.parse.xml.parse.config.ConfigFileParser - ------Dec init Start------
[main] INFO dec.context.parse.xml.parse.config.ConfigFileParser - Load the system/orm-config.xml Start
[main] INFO dec.context.parse.xml.parse.config.ConfigFileParser - Load the DataSource Start!
[main] INFO dec.context.parse.xml.parse.config.ConfigFileParser - Load the DataSource:data1 success!
[main] INFO dec.context.parse.xml.parse.config.ConfigFileParser - Load the DataSource:data2 success!
[main] INFO dec.context.parse.xml.parse.config.ConfigFileParser - Load the DataSource End!
[main] INFO dec.context.parse.xml.parse.config.ConfigFileParser - Load the Connection Start!
[main] INFO dec.context.parse.xml.parse.config.ConfigFileParser - Load the Connection:con1 success!
[main] INFO dec.context.parse.xml.parse.config.ConfigFileParser - Load the Connection:con2 success!
[main] INFO dec.context.parse.xml.parse.config.ConfigFileParser - Load the Connection End!
[main] INFO dec.context.parse.xml.parse.config.ConfigFileParser - Load the system/orm-config.xml End
[main] INFO dec.context.parse.xml.parse.config.ConfigFileParser - Load the other config file Start!
[main] INFO dec.context.parse.xml.parse.config.CommonParser - Load the filePath:classpath:system/test-data/ Start!
[main] INFO dec.context.parse.xml.parse.AbstractFileParser - Start parse filePath:classpath:system/test-data/
[main] INFO dec.context.parse.xml.parse.AbstractFileParser - Load the file:/home/runner/work/doc-eq-code-Dgremlin/doc-eq-code-Dgremlin/dec-demo/target/test-classes/system/test-data/User.xml Start!
[main] INFO dec.context.parse.xml.parse.data.DataParser - Load the data:user start!
[main] INFO dec.context.parse.xml.parse.data.DataParser - Load the data:user success!
[main] INFO dec.context.parse.xml.parse.AbstractFileParser - Load the file:/home/runner/work/doc-eq-code-Dgremlin/doc-eq-code-Dgremlin/dec-demo/target/test-classes/system/test-data/User.xml End!
[main] INFO dec.context.parse.xml.parse.AbstractFileParser - Load the file:/home/runner/work/doc-eq-code-Dgremlin/doc-eq-code-Dgremlin/dec-demo/target/test-classes/system/test-data/Pay.xml Start!
[main] INFO dec.context.parse.xml.parse.data.DataParser - Load the data:pay start!
[main] INFO dec.context.parse.xml.parse.data.DataParser - Load the data:pay success!
[main] INFO dec.context.parse.xml.parse.data.DataParser - Load the data:payDetail start!
[main] INFO dec.context.parse.xml.parse.data.DataParser - Load the data:payDetail success!
[main] INFO dec.context.parse.xml.parse.AbstractFileParser - Load the file:/home/runner/work/doc-eq-code-Dgremlin/doc-eq-code-Dgremlin/dec-demo/target/test-classes/system/test-data/Pay.xml End!
[main] INFO dec.context.parse.xml.parse.AbstractFileParser - Load the file:/home/runner/work/doc-eq-code-Dgremlin/doc-eq-code-Dgremlin/dec-demo/target/test-classes/system/test-data/Order.xml Start!
[main] INFO dec.context.parse.xml.parse.data.DataParser - Load the data:order start!
[main] INFO dec.context.parse.xml.parse.data.DataParser - Load the data:order success!
[main] INFO dec.context.parse.xml.parse.data.DataParser - Load the data:orderDetail start!
[main] INFO dec.context.parse.xml.parse.data.DataParser - Load the data:orderDetail success!
[main] INFO dec.context.parse.xml.parse.AbstractFileParser - Load the file:/home/runner/work/doc-eq-code-Dgremlin/doc-eq-code-Dgremlin/dec-demo/target/test-classes/system/test-data/Order.xml End!
[main] INFO dec.context.parse.xml.parse.AbstractFileParser - Load the file:/home/runner/work/doc-eq-code-Dgremlin/doc-eq-code-Dgremlin/dec-demo/target/test-classes/system/test-data/Product.xml Start!
[main] INFO dec.context.parse.xml.parse.data.DataParser - Load the data:product start!
[main] INFO dec.context.parse.xml.parse.data.DataParser - Load the data:product success!
[main] INFO dec.context.parse.xml.parse.AbstractFileParser - Load the file:/home/runner/work/doc-eq-code-Dgremlin/doc-eq-code-Dgremlin/dec-demo/target/test-classes/system/test-data/Product.xml End!
[main] INFO dec.context.parse.xml.parse.config.CommonParser - Load the filePath:classpath:system/test-data/ End!
[main] INFO dec.context.parse.xml.parse.config.CommonParser - Load the filePath:classpath:system/test-view Start!
[main] INFO dec.context.parse.xml.parse.AbstractFileParser - Start parse filePath:classpath:system/test-view
[main] INFO dec.context.parse.xml.parse.AbstractFileParser - Load the file:/home/runner/work/doc-eq-code-Dgremlin/doc-eq-code-Dgremlin/dec-demo/target/test-classes/system/test-view/orm-view.xml Start!
[main] INFO dec.context.parse.xml.parse.view.ViewParser - Load the view:UserInfo start!
[main] INFO dec.context.parse.xml.parse.view.ViewParser - Load the view:UserInfo success!
[main] INFO dec.context.parse.xml.parse.view.ViewParser - Load the view:OrderInfo start!
[main] INFO dec.context.parse.xml.parse.view.ViewParser - Load the view:OrderInfo success!
[main] INFO dec.context.parse.xml.parse.AbstractFileParser - Load the file:/home/runner/work/doc-eq-code-Dgremlin/doc-eq-code-Dgremlin/dec-demo/target/test-classes/system/test-view/orm-view.xml End!
[main] INFO dec.context.parse.xml.parse.config.CommonParser - Load the filePath:classpath:system/test-view End!
[main] INFO dec.context.parse.xml.parse.config.CommonParser - Load the filePath:classpath:system/test-rule Start!
[main] INFO dec.context.parse.xml.parse.AbstractFileParser - Start parse filePath:classpath:system/test-rule
[main] INFO dec.context.parse.xml.parse.AbstractFileParser - Load the file:/home/runner/work/doc-eq-code-Dgremlin/doc-eq-code-Dgremlin/dec-demo/target/test-classes/system/test-rule/orm-rule.xml Start!
[main] INFO dec.context.parse.xml.parse.rule.RuleParser - Load the rule:save-Order start!
[main] INFO dec.context.parse.xml.parse.rule.RuleParser - Load the rule:save-Order success!
[main] INFO dec.context.parse.xml.parse.rule.RuleParser - Load the rule:dev09-save-Order start!
[main] INFO dec.context.parse.xml.parse.rule.RuleParser - Load the rule:dev09-save-Order success!
[main] INFO dec.context.parse.xml.parse.rule.RuleParser - Load the rule:save-User start!
[main] INFO dec.context.parse.xml.parse.rule.RuleParser - Load the rule:save-User success!
[main] INFO dec.context.parse.xml.parse.AbstractFileParser - Load the file:/home/runner/work/doc-eq-code-Dgremlin/doc-eq-code-Dgremlin/dec-demo/target/test-classes/system/test-rule/orm-rule.xml End!
[main] INFO dec.context.parse.xml.parse.config.CommonParser - Load the filePath:classpath:system/test-rule End!
[main] INFO dec.context.parse.xml.parse.config.ConfigFileParser - Load the other config file End!
[main] INFO dec.context.parse.xml.parse.config.ConfigFileParser - ------Dec init End------
[main] INFO com.zaxxer.hikari.HikariDataSource - dec-demo-primary - Starting...
[main] INFO com.zaxxer.hikari.HikariDataSource - dec-demo-primary - Start completed.
[main] INFO com.zaxxer.hikari.HikariDataSource - dec-demo-secondary - Starting...
[main] INFO com.zaxxer.hikari.HikariDataSource - dec-demo-secondary - Start completed.
[main] INFO dec.core.model.container.SynContainer - Execute the view rule: dev09-save-Order start!
[main] INFO dec.core.model.container.SynContainer - Execute the view rule: dev09-save-Order end!
[main] INFO com.zaxxer.hikari.HikariDataSource - dec-demo-secondary - Shutdown initiated...
[main] INFO com.zaxxer.hikari.HikariDataSource - dec-demo-secondary - Shutdown completed.
[main] INFO com.zaxxer.hikari.HikariDataSource - dec-demo-primary - Shutdown initiated...
[main] INFO com.zaxxer.hikari.HikariDataSource - dec-demo-primary - Shutdown completed.
[INFO] Tests run: 1, Failures: 0, Errors: 0, Skipped: 0, Time elapsed: 0.884 s -- in dec.demo.p2.P2RealFixtureIntegrationTest
[INFO] Running dec.demo.system.OrderTest
[main] INFO dec.context.parse.xml.parse.config.ConfigFileParser - ------Dec init Start------
[main] INFO dec.context.parse.xml.parse.config.ConfigFileParser - Load the system/orm-config.xml Start
[main] INFO dec.context.parse.xml.parse.config.ConfigFileParser - Load the DataSource Start!
[main] INFO dec.context.parse.xml.parse.config.ConfigFileParser - Load the DataSource:data1 success!
[main] INFO dec.context.parse.xml.parse.config.ConfigFileParser - Load the DataSource:data2 success!
[main] INFO dec.context.parse.xml.parse.config.ConfigFileParser - Load the DataSource End!
[main] INFO dec.context.parse.xml.parse.config.ConfigFileParser - Load the Connection Start!
[main] INFO dec.context.parse.xml.parse.config.ConfigFileParser - Load the Connection:con1 success!
[main] INFO dec.context.parse.xml.parse.config.ConfigFileParser - Load the Connection:con2 success!
[main] INFO dec.context.parse.xml.parse.config.ConfigFileParser - Load the Connection End!
[main] INFO dec.context.parse.xml.parse.config.ConfigFileParser - Load the system/orm-config.xml End
[main] INFO dec.context.parse.xml.parse.config.ConfigFileParser - Load the other config file Start!
[main] INFO dec.context.parse.xml.parse.config.CommonParser - Load the filePath:classpath:system/test-data/ Start!
[main] INFO dec.context.parse.xml.parse.AbstractFileParser - Start parse filePath:classpath:system/test-data/
[main] INFO dec.context.parse.xml.parse.AbstractFileParser - Load the file:/home/runner/work/doc-eq-code-Dgremlin/doc-eq-code-Dgremlin/dec-demo/target/test-classes/system/test-data/User.xml Start!
[main] INFO dec.context.parse.xml.parse.data.DataParser - Load the data:user start!
[main] INFO dec.context.parse.xml.parse.data.DataParser - Load the data:user success!
[main] INFO dec.context.parse.xml.parse.AbstractFileParser - Load the file:/home/runner/work/doc-eq-code-Dgremlin/doc-eq-code-Dgremlin/dec-demo/target/test-classes/system/test-data/User.xml End!
[main] INFO dec.context.parse.xml.parse.AbstractFileParser - Load the file:/home/runner/work/doc-eq-code-Dgremlin/doc-eq-code-Dgremlin/dec-demo/target/test-classes/system/test-data/Pay.xml Start!
[main] INFO dec.context.parse.xml.parse.data.DataParser - Load the data:pay start!
[main] INFO dec.context.parse.xml.parse.data.DataParser - Load the data:pay success!
[main] INFO dec.context.parse.xml.parse.data.DataParser - Load the data:payDetail start!
[main] INFO dec.context.parse.xml.parse.data.DataParser - Load the data:payDetail success!
[main] INFO dec.context.parse.xml.parse.AbstractFileParser - Load the file:/home/runner/work/doc-eq-code-Dgremlin/doc-eq-code-Dgremlin/dec-demo/target/test-classes/system/test-data/Pay.xml End!
[main] INFO dec.context.parse.xml.parse.AbstractFileParser - Load the file:/home/runner/work/doc-eq-code-Dgremlin/doc-eq-code-Dgremlin/dec-demo/target/test-classes/system/test-data/Order.xml Start!
[main] INFO dec.context.parse.xml.parse.data.DataParser - Load the data:order start!
[main] INFO dec.context.parse.xml.parse.data.DataParser - Load the data:order success!
[main] INFO dec.context.parse.xml.parse.data.DataParser - Load the data:orderDetail start!
[main] INFO dec.context.parse.xml.parse.data.DataParser - Load the data:orderDetail success!
[main] INFO dec.context.parse.xml.parse.AbstractFileParser - Load the file:/home/runner/work/doc-eq-code-Dgremlin/doc-eq-code-Dgremlin/dec-demo/target/test-classes/system/test-data/Order.xml End!
[main] INFO dec.context.parse.xml.parse.AbstractFileParser - Load the file:/home/runner/work/doc-eq-code-Dgremlin/doc-eq-code-Dgremlin/dec-demo/target/test-classes/system/test-data/Product.xml Start!
[main] INFO dec.context.parse.xml.parse.data.DataParser - Load the data:product start!
[main] INFO dec.context.parse.xml.parse.data.DataParser - Load the data:product success!
[main] INFO dec.context.parse.xml.parse.AbstractFileParser - Load the file:/home/runner/work/doc-eq-code-Dgremlin/doc-eq-code-Dgremlin/dec-demo/target/test-classes/system/test-data/Product.xml End!
[main] INFO dec.context.parse.xml.parse.config.CommonParser - Load the filePath:classpath:system/test-data/ End!
[main] INFO dec.context.parse.xml.parse.config.CommonParser - Load the filePath:classpath:system/test-view Start!
[main] INFO dec.context.parse.xml.parse.AbstractFileParser - Start parse filePath:classpath:system/test-view
[main] INFO dec.context.parse.xml.parse.AbstractFileParser - Load the file:/home/runner/work/doc-eq-code-Dgremlin/doc-eq-code-Dgremlin/dec-demo/target/test-classes/system/test-view/orm-view.xml Start!
[main] INFO dec.context.parse.xml.parse.view.ViewParser - Load the view:UserInfo start!
[main] INFO dec.context.parse.xml.parse.view.ViewParser - Load the view:UserInfo success!
[main] INFO dec.context.parse.xml.parse.view.ViewParser - Load the view:OrderInfo start!
[main] INFO dec.context.parse.xml.parse.view.ViewParser - Load the view:OrderInfo success!
[main] INFO dec.context.parse.xml.parse.AbstractFileParser - Load the file:/home/runner/work/doc-eq-code-Dgremlin/doc-eq-code-Dgremlin/dec-demo/target/test-classes/system/test-view/orm-view.xml End!
[main] INFO dec.context.parse.xml.parse.config.CommonParser - Load the filePath:classpath:system/test-view End!
[main] INFO dec.context.parse.xml.parse.config.CommonParser - Load the filePath:classpath:system/test-rule Start!
[main] INFO dec.context.parse.xml.parse.AbstractFileParser - Start parse filePath:classpath:system/test-rule
[main] INFO dec.context.parse.xml.parse.AbstractFileParser - Load the file:/home/runner/work/doc-eq-code-Dgremlin/doc-eq-code-Dgremlin/dec-demo/target/test-classes/system/test-rule/orm-rule.xml Start!
[main] INFO dec.context.parse.xml.parse.rule.RuleParser - Load the rule:save-Order start!
[main] INFO dec.context.parse.xml.parse.rule.RuleParser - Load the rule:save-Order success!
[main] INFO dec.context.parse.xml.parse.rule.RuleParser - Load the rule:dev09-save-Order start!
[main] INFO dec.context.parse.xml.parse.rule.RuleParser - Load the rule:dev09-save-Order success!
[main] INFO dec.context.parse.xml.parse.rule.RuleParser - Load the rule:save-User start!
[main] INFO dec.context.parse.xml.parse.rule.RuleParser - Load the rule:save-User success!
[main] INFO dec.context.parse.xml.parse.AbstractFileParser - Load the file:/home/runner/work/doc-eq-code-Dgremlin/doc-eq-code-Dgremlin/dec-demo/target/test-classes/system/test-rule/orm-rule.xml End!
[main] INFO dec.context.parse.xml.parse.config.CommonParser - Load the filePath:classpath:system/test-rule End!
[main] INFO dec.context.parse.xml.parse.config.ConfigFileParser - Load the other config file End!
[main] INFO dec.context.parse.xml.parse.config.ConfigFileParser - ------Dec init End------
[main] INFO com.zaxxer.hikari.HikariDataSource - dec-demo-primary - Starting...
[main] INFO com.zaxxer.hikari.HikariDataSource - dec-demo-primary - Start completed.
[main] INFO com.zaxxer.hikari.HikariDataSource - dec-demo-secondary - Starting...
[main] INFO com.zaxxer.hikari.HikariDataSource - dec-demo-secondary - Start completed.
[main] INFO dec.core.model.container.ModelContainer - Start Execute the view rule: save-Order
[main] INFO dec.demo.model.SimpleViewListener - VIEW_START:save-Order
[main] INFO dec.demo.model.SimpleViewListener - RULE_START:save-Order:insertOrder
[main] INFO dec.demo.model.SimpleViewListener - RULE_END:save-Order:insertOrder:insertOrder
[main] INFO dec.demo.model.SimpleViewListener - RULE_START:save-Order:insertOrderDetail
[main] INFO dec.demo.model.SimpleViewListener - RULE_END:save-Order:insertOrderDetail:insertOrderDetail
[main] INFO dec.demo.model.SimpleViewListener - RULE_START:save-Order:insertPayInfo
[main] INFO dec.demo.model.SimpleViewListener - RULE_END:save-Order:insertPayInfo:insertPayInfo
[main] INFO dec.demo.model.SimpleViewListener - RULE_START:save-Order:insertPayDetailList
[main] INFO dec.demo.model.SimpleViewListener - RULE_END:save-Order:insertPayDetailList:insertPayDetailList
[main] INFO dec.demo.model.SimpleViewListener - VIEW_END:save-Order:insertPayDetailList
2026-08-19 01:34:44.667  INFO    [main           ] artoria.logging.LoggerFactory            : Set logger provider: artoria.logging.JdkLoggerProvider
2026-08-19 01:34:44.674  INFO    [main           ] artoria.beans.BeanUtils                  : Set bean copier: artoria.beans.SimpleBeanCopier
2026-08-19 01:34:44.678  INFO    [main           ] artoria.convert.SimpleConversionProvider : Add converter: artoria.convert.support.ObjectToStringConverter
2026-08-19 01:34:44.680  INFO    [main           ] artoria.convert.SimpleConversionProvider : Add converter: artoria.convert.support.StringToBooleanConverter
2026-08-19 01:34:44.681  INFO    [main           ] artoria.convert.SimpleConversionProvider : Add converter: artoria.convert.support.StringToNumberConverter
2026-08-19 01:34:44.681  INFO    [main           ] artoria.convert.SimpleConversionProvider : Add converter: artoria.convert.support.StringToDateConverter
2026-08-19 01:34:44.682  INFO    [main           ] artoria.convert.SimpleConversionProvider : Add converter: artoria.convert.support.DateToStringConverter
2026-08-19 01:34:44.683  INFO    [main           ] artoria.convert.SimpleConversionProvider : Add converter: artoria.convert.support.DateToDateConverter
2026-08-19 01:34:44.684  INFO    [main           ] artoria.convert.SimpleConversionProvider : Add converter: artoria.convert.support.NumberToNumberConverter
2026-08-19 01:34:44.684  INFO    [main           ] artoria.convert.SimpleConversionProvider : Add converter: artoria.convert.support.NumberToDateConverter
2026-08-19 01:34:44.685  INFO    [main           ] artoria.convert.ConversionUtils          : Set type conversion provider: artoria.convert.SimpleConversionProvider
2026-08-19 01:34:44.687  INFO    [main           ] artoria.reflect.ReflectUtils             : Set reflect provider: artoria.reflect.SimpleReflectProvider
[main] INFO dec.core.model.container.ModelContainer - End Execute the view rule: save-Order
[main] INFO com.zaxxer.hikari.HikariDataSource - dec-demo-secondary - Shutdown initiated...
[main] INFO com.zaxxer.hikari.HikariDataSource - dec-demo-secondary - Shutdown completed.
[main] INFO com.zaxxer.hikari.HikariDataSource - dec-demo-primary - Shutdown initiated...
[main] INFO com.zaxxer.hikari.HikariDataSource - dec-demo-primary - Shutdown completed.
[INFO] Tests run: 1, Failures: 0, Errors: 0, Skipped: 0, Time elapsed: 0.720 s -- in dec.demo.system.OrderTest
[INFO] 
[INFO] Results:
[INFO] 
[INFO] Tests run: 4, Failures: 0, Errors: 0, Skipped: 0
[INFO] 
[INFO] 
[INFO] --- jar:3.5.0:jar (default-jar) @ dec-demo ---
[INFO] 
[INFO] --- failsafe:3.2.5:integration-test (default) @ dec-demo ---
[INFO] 
[INFO] --- failsafe:3.2.5:verify (default) @ dec-demo ---
[INFO] 
[INFO] --- jacoco:0.8.12:report (report) @ dec-demo ---
[INFO] Loading execution data file /home/runner/work/doc-eq-code-Dgremlin/doc-eq-code-Dgremlin/dec-demo/target/jacoco.exec
[INFO] Analyzed bundle 'dec-demo' with 11 classes
[INFO] ------------------------------------------------------------------------
[INFO] Reactor Summary for doc-eq-code-parent 1.0:
[INFO] 
[INFO] doc-eq-code-parent ................................. SUCCESS [  0.518 s]
[INFO] dec-core-context ................................... SUCCESS [  9.294 s]
[INFO] DEC Core Compiler .................................. SUCCESS [01:00 min]
[INFO] dec-core-frontends ................................. SUCCESS [  0.026 s]
[INFO] dec-core-datasource ................................ SUCCESS [  0.019 s]
[INFO] dec-context-config-parse-xml ....................... SUCCESS [  3.070 s]
[INFO] dec-context-config-parse-yaml ...................... SUCCESS [  6.576 s]
[INFO] dec-datasource-orm-sql ............................. SUCCESS [  0.021 s]
[INFO] dec-datasource-orm-mysql ........................... SUCCESS [  0.025 s]
[INFO] dec-core-model ..................................... SUCCESS [  4.285 s]
[INFO] dec-core-starter ................................... SUCCESS [  8.668 s]
[INFO] dec-demo ........................................... SUCCESS [  5.427 s]
[INFO] ------------------------------------------------------------------------
[INFO] BUILD SUCCESS
[INFO] ------------------------------------------------------------------------
[INFO] Total time:  01:38 min
[INFO] Finished at: 2026-08-19T01:34:44Z
[INFO] ------------------------------------------------------------------------
