[INFO] Scanning for projects...
[INFO] ------------------------------------------------------------------------
[INFO] Reactor Build Order:
[INFO] 
[INFO] doc-eq-code-parent                                                 [pom]
[INFO] dec-core-context                                                   [jar]
[INFO] DEC Core Compiler                                                  [jar]
[INFO] dec-core-frontends                                                 [jar]
[INFO] dec-core-datasource                                                [jar]
[INFO] dec-context-config-parse-xml                                       [jar]
[INFO] dec-context-config-parse-yaml                                      [jar]
[INFO] dec-datasource-orm-sql                                             [jar]
[INFO] dec-datasource-orm-mysql                                           [jar]
[INFO] 
[INFO] -------------------< doc.eq.code:doc-eq-code-parent >-------------------
[INFO] Building doc-eq-code-parent 1.0                                    [1/9]
[INFO]   from pom.xml
[INFO] --------------------------------[ pom ]---------------------------------
[INFO] 
[INFO] --- enforcer:3.5.0:enforce (enforce-build-toolchain) @ doc-eq-code-parent ---
[INFO] Rule 0: org.apache.maven.enforcer.rules.version.RequireMavenVersion passed
[INFO] Rule 1: org.apache.maven.enforcer.rules.version.RequireJavaVersion passed
[INFO] 
[INFO] --- jacoco:0.8.12:prepare-agent (prepare-agent) @ doc-eq-code-parent ---
[INFO] argLine set to -javaagent:/home/runner/.m2/repository/org/jacoco/org.jacoco.agent/0.8.12/org.jacoco.agent-0.8.12-runtime.jar=destfile=/home/runner/work/doc-eq-code-Dgremlin/doc-eq-code-Dgremlin/target/jacoco.exec
[INFO] 
[INFO] --- failsafe:3.2.5:integration-test (default) @ doc-eq-code-parent ---
[INFO] Tests are skipped.
[INFO] 
[INFO] --- failsafe:3.2.5:verify (default) @ doc-eq-code-parent ---
[INFO] Tests are skipped.
[INFO] 
[INFO] --- jacoco:0.8.12:report (report) @ doc-eq-code-parent ---
[INFO] Skipping JaCoCo execution due to missing execution data file.
[INFO] 
[INFO] --- install:3.1.4:install (default-install) @ doc-eq-code-parent ---
[INFO] Installing /home/runner/work/doc-eq-code-Dgremlin/doc-eq-code-Dgremlin/pom.xml to /home/runner/.m2/repository/doc/eq/code/doc-eq-code-parent/1.0/doc-eq-code-parent-1.0.pom
[INFO] 
[INFO] --------------------< doc.eq.code:dec-core-context >--------------------
[INFO] Building dec-core-context 1.0                                      [2/9]
[INFO]   from dec-core-context/pom.xml
[INFO] --------------------------------[ jar ]---------------------------------
[INFO] 
[INFO] --- enforcer:3.5.0:enforce (enforce-build-toolchain) @ dec-core-context ---
[INFO] 
[INFO] --- jacoco:0.8.12:prepare-agent (prepare-agent) @ dec-core-context ---
[INFO] argLine set to -javaagent:/home/runner/.m2/repository/org/jacoco/org.jacoco.agent/0.8.12/org.jacoco.agent-0.8.12-runtime.jar=destfile=/home/runner/work/doc-eq-code-Dgremlin/doc-eq-code-Dgremlin/dec-core-context/target/jacoco.exec
[INFO] 
[INFO] --- resources:3.4.0:resources (default-resources) @ dec-core-context ---
[INFO] skip non existing resourceDirectory /home/runner/work/doc-eq-code-Dgremlin/doc-eq-code-Dgremlin/dec-core-context/src/main/resources
[INFO] 
[INFO] --- compiler:3.13.0:compile (default-compile) @ dec-core-context ---
[INFO] Recompiling the module because of changed source code.
[INFO] Compiling 139 source files with javac [debug release 8] to target/classes
[INFO] /home/runner/work/doc-eq-code-Dgremlin/doc-eq-code-Dgremlin/dec-core-context/src/main/java/dec/core/context/collections/list/SimpleList.java: Some input files use unchecked or unsafe operations.
[INFO] /home/runner/work/doc-eq-code-Dgremlin/doc-eq-code-Dgremlin/dec-core-context/src/main/java/dec/core/context/collections/list/SimpleList.java: Recompile with -Xlint:unchecked for details.
[INFO] 
[INFO] --- resources:3.4.0:testResources (default-testResources) @ dec-core-context ---
[INFO] skip non existing resourceDirectory /home/runner/work/doc-eq-code-Dgremlin/doc-eq-code-Dgremlin/dec-core-context/src/test/resources
[INFO] 
[INFO] --- compiler:3.13.0:testCompile (default-testCompile) @ dec-core-context ---
[INFO] Recompiling the module because of changed dependency.
[INFO] Compiling 14 source files with javac [debug release 8] to target/test-classes
[INFO] 
[INFO] --- surefire:3.2.5:test (default-test) @ dec-core-context ---
[INFO] Tests are skipped.
[INFO] 
[INFO] --- jar:3.5.0:jar (default-jar) @ dec-core-context ---
[INFO] Building jar: /home/runner/work/doc-eq-code-Dgremlin/doc-eq-code-Dgremlin/dec-core-context/target/dec-core-context-1.0.jar
[INFO] 
[INFO] --- failsafe:3.2.5:integration-test (default) @ dec-core-context ---
[INFO] Tests are skipped.
[INFO] 
[INFO] --- failsafe:3.2.5:verify (default) @ dec-core-context ---
[INFO] Tests are skipped.
[INFO] 
[INFO] --- jacoco:0.8.12:report (report) @ dec-core-context ---
[INFO] Skipping JaCoCo execution due to missing execution data file.
[INFO] 
[INFO] --- install:3.1.4:install (default-install) @ dec-core-context ---
[INFO] Installing /home/runner/work/doc-eq-code-Dgremlin/doc-eq-code-Dgremlin/dec-core-context/pom.xml to /home/runner/.m2/repository/doc/eq/code/dec-core-context/1.0/dec-core-context-1.0.pom
[INFO] Installing /home/runner/work/doc-eq-code-Dgremlin/doc-eq-code-Dgremlin/dec-core-context/target/dec-core-context-1.0.jar to /home/runner/.m2/repository/doc/eq/code/dec-core-context/1.0/dec-core-context-1.0.jar
[INFO] 
[INFO] -------------------< doc.eq.code:dec-core-compiler >--------------------
[INFO] Building DEC Core Compiler 1.0                                     [3/9]
[INFO]   from dec-core-compiler/pom.xml
[INFO] --------------------------------[ jar ]---------------------------------
[INFO] 
[INFO] --- enforcer:3.5.0:enforce (enforce-build-toolchain) @ dec-core-compiler ---
[INFO] 
[INFO] --- jacoco:0.8.12:prepare-agent (prepare-agent) @ dec-core-compiler ---
[INFO] argLine set to -javaagent:/home/runner/.m2/repository/org/jacoco/org.jacoco.agent/0.8.12/org.jacoco.agent-0.8.12-runtime.jar=destfile=/home/runner/work/doc-eq-code-Dgremlin/doc-eq-code-Dgremlin/dec-core-compiler/target/jacoco.exec
[INFO] 
[INFO] --- resources:3.4.0:resources (default-resources) @ dec-core-compiler ---
[INFO] skip non existing resourceDirectory /home/runner/work/doc-eq-code-Dgremlin/doc-eq-code-Dgremlin/dec-core-compiler/src/main/resources
[INFO] 
[INFO] --- compiler:3.13.0:compile (default-compile) @ dec-core-compiler ---
[INFO] Recompiling the module because of changed dependency.
[INFO] Compiling 133 source files with javac [debug release 8] to target/classes
[INFO] 
[INFO] --- resources:3.4.0:testResources (default-testResources) @ dec-core-compiler ---
[INFO] skip non existing resourceDirectory /home/runner/work/doc-eq-code-Dgremlin/doc-eq-code-Dgremlin/dec-core-compiler/src/test/resources
[INFO] Copying 50 resources from ../dec-demo/src/main/resources to target/test-classes/main-fixture
[INFO] Copying 52 resources from ../dec-demo/src/test/resources to target/test-classes/test-fixture
[INFO] 
[INFO] --- compiler:3.13.0:testCompile (default-testCompile) @ dec-core-compiler ---
[INFO] Recompiling the module because of changed dependency.
[INFO] Compiling 99 source files with javac [debug release 8] to target/test-classes
[INFO] /home/runner/work/doc-eq-code-Dgremlin/doc-eq-code-Dgremlin/dec-core-compiler/src/test/java/dec/core/compiler/pass/CompilerPipelineReworkI002IndependentReviewTest.java: Some input files use unchecked or unsafe operations.
[INFO] /home/runner/work/doc-eq-code-Dgremlin/doc-eq-code-Dgremlin/dec-core-compiler/src/test/java/dec/core/compiler/pass/CompilerPipelineReworkI002IndependentReviewTest.java: Recompile with -Xlint:unchecked for details.
[INFO] 
[INFO] --- surefire:3.2.5:test (default-test) @ dec-core-compiler ---
[INFO] Tests are skipped.
[INFO] 
[INFO] --- jar:3.5.0:jar (default-jar) @ dec-core-compiler ---
[INFO] Building jar: /home/runner/work/doc-eq-code-Dgremlin/doc-eq-code-Dgremlin/dec-core-compiler/target/dec-core-compiler-1.0.jar
[INFO] 
[INFO] --- failsafe:3.2.5:integration-test (default) @ dec-core-compiler ---
[INFO] Tests are skipped.
[INFO] 
[INFO] --- failsafe:3.2.5:verify (default) @ dec-core-compiler ---
[INFO] Tests are skipped.
[INFO] 
[INFO] --- jacoco:0.8.12:report (report) @ dec-core-compiler ---
[INFO] Skipping JaCoCo execution due to missing execution data file.
[INFO] 
[INFO] --- install:3.1.4:install (default-install) @ dec-core-compiler ---
[INFO] Installing /home/runner/work/doc-eq-code-Dgremlin/doc-eq-code-Dgremlin/dec-core-compiler/pom.xml to /home/runner/.m2/repository/doc/eq/code/dec-core-compiler/1.0/dec-core-compiler-1.0.pom
[INFO] Installing /home/runner/work/doc-eq-code-Dgremlin/doc-eq-code-Dgremlin/dec-core-compiler/target/dec-core-compiler-1.0.jar to /home/runner/.m2/repository/doc/eq/code/dec-core-compiler/1.0/dec-core-compiler-1.0.jar
[INFO] 
[INFO] -------------------< doc.eq.code:dec-core-frontends >-------------------
[INFO] Building dec-core-frontends 1.0                                    [4/9]
[INFO]   from dec-core-frontends/pom.xml
[INFO] --------------------------------[ jar ]---------------------------------
[INFO] 
[INFO] --- enforcer:3.5.0:enforce (enforce-build-toolchain) @ dec-core-frontends ---
[INFO] 
[INFO] --- jacoco:0.8.12:prepare-agent (prepare-agent) @ dec-core-frontends ---
[INFO] argLine set to -javaagent:/home/runner/.m2/repository/org/jacoco/org.jacoco.agent/0.8.12/org.jacoco.agent-0.8.12-runtime.jar=destfile=/home/runner/work/doc-eq-code-Dgremlin/doc-eq-code-Dgremlin/dec-core-frontends/target/jacoco.exec
[INFO] 
[INFO] --- resources:3.4.0:resources (default-resources) @ dec-core-frontends ---
[INFO] skip non existing resourceDirectory /home/runner/work/doc-eq-code-Dgremlin/doc-eq-code-Dgremlin/dec-core-frontends/src/main/resources
[INFO] 
[INFO] --- compiler:3.13.0:compile (default-compile) @ dec-core-frontends ---
[INFO] Recompiling the module because of changed dependency.
[INFO] Compiling 5 source files with javac [debug release 8] to target/classes
[INFO] 
[INFO] --- resources:3.4.0:testResources (default-testResources) @ dec-core-frontends ---
[INFO] skip non existing resourceDirectory /home/runner/work/doc-eq-code-Dgremlin/doc-eq-code-Dgremlin/dec-core-frontends/src/test/resources
[INFO] 
[INFO] --- compiler:3.13.0:testCompile (default-testCompile) @ dec-core-frontends ---
[INFO] No sources to compile
[INFO] 
[INFO] --- surefire:3.2.5:test (default-test) @ dec-core-frontends ---
[INFO] Tests are skipped.
[INFO] 
[INFO] --- jar:3.5.0:jar (default-jar) @ dec-core-frontends ---
[INFO] Building jar: /home/runner/work/doc-eq-code-Dgremlin/doc-eq-code-Dgremlin/dec-core-frontends/target/dec-core-frontends-1.0.jar
[INFO] 
[INFO] --- failsafe:3.2.5:integration-test (default) @ dec-core-frontends ---
[INFO] Tests are skipped.
[INFO] 
[INFO] --- failsafe:3.2.5:verify (default) @ dec-core-frontends ---
[INFO] Tests are skipped.
[INFO] 
[INFO] --- jacoco:0.8.12:report (report) @ dec-core-frontends ---
[INFO] Skipping JaCoCo execution due to missing execution data file.
[INFO] 
[INFO] --- install:3.1.4:install (default-install) @ dec-core-frontends ---
[INFO] Installing /home/runner/work/doc-eq-code-Dgremlin/doc-eq-code-Dgremlin/dec-core-frontends/pom.xml to /home/runner/.m2/repository/doc/eq/code/dec-core-frontends/1.0/dec-core-frontends-1.0.pom
[INFO] Installing /home/runner/work/doc-eq-code-Dgremlin/doc-eq-code-Dgremlin/dec-core-frontends/target/dec-core-frontends-1.0.jar to /home/runner/.m2/repository/doc/eq/code/dec-core-frontends/1.0/dec-core-frontends-1.0.jar
[INFO] 
[INFO] ------------------< doc.eq.code:dec-core-datasource >-------------------
[INFO] Building dec-core-datasource 1.0                                   [5/9]
[INFO]   from dec-core-datasource/pom.xml
[INFO] --------------------------------[ jar ]---------------------------------
[INFO] 
[INFO] --- enforcer:3.5.0:enforce (enforce-build-toolchain) @ dec-core-datasource ---
[INFO] 
[INFO] --- jacoco:0.8.12:prepare-agent (prepare-agent) @ dec-core-datasource ---
[INFO] argLine set to -javaagent:/home/runner/.m2/repository/org/jacoco/org.jacoco.agent/0.8.12/org.jacoco.agent-0.8.12-runtime.jar=destfile=/home/runner/work/doc-eq-code-Dgremlin/doc-eq-code-Dgremlin/dec-core-datasource/target/jacoco.exec
[INFO] 
[INFO] --- resources:3.4.0:resources (default-resources) @ dec-core-datasource ---
[INFO] skip non existing resourceDirectory /home/runner/work/doc-eq-code-Dgremlin/doc-eq-code-Dgremlin/dec-core-datasource/src/main/resources
[INFO] 
[INFO] --- compiler:3.13.0:compile (default-compile) @ dec-core-datasource ---
[INFO] Recompiling the module because of changed source code.
[INFO] Compiling 19 source files with javac [debug release 8] to target/classes
[INFO] 
[INFO] --- resources:3.4.0:testResources (default-testResources) @ dec-core-datasource ---
[INFO] skip non existing resourceDirectory /home/runner/work/doc-eq-code-Dgremlin/doc-eq-code-Dgremlin/dec-core-datasource/src/test/resources
[INFO] 
[INFO] --- compiler:3.13.0:testCompile (default-testCompile) @ dec-core-datasource ---
[INFO] No sources to compile
[INFO] 
[INFO] --- surefire:3.2.5:test (default-test) @ dec-core-datasource ---
[INFO] Tests are skipped.
[INFO] 
[INFO] --- jar:3.5.0:jar (default-jar) @ dec-core-datasource ---
[INFO] Building jar: /home/runner/work/doc-eq-code-Dgremlin/doc-eq-code-Dgremlin/dec-core-datasource/target/dec-core-datasource-1.0.jar
[INFO] 
[INFO] --- failsafe:3.2.5:integration-test (default) @ dec-core-datasource ---
[INFO] Tests are skipped.
[INFO] 
[INFO] --- failsafe:3.2.5:verify (default) @ dec-core-datasource ---
[INFO] Tests are skipped.
[INFO] 
[INFO] --- jacoco:0.8.12:report (report) @ dec-core-datasource ---
[INFO] Skipping JaCoCo execution due to missing execution data file.
[INFO] 
[INFO] --- install:3.1.4:install (default-install) @ dec-core-datasource ---
[INFO] Installing /home/runner/work/doc-eq-code-Dgremlin/doc-eq-code-Dgremlin/dec-core-datasource/pom.xml to /home/runner/.m2/repository/doc/eq/code/dec-core-datasource/1.0/dec-core-datasource-1.0.pom
[INFO] Installing /home/runner/work/doc-eq-code-Dgremlin/doc-eq-code-Dgremlin/dec-core-datasource/target/dec-core-datasource-1.0.jar to /home/runner/.m2/repository/doc/eq/code/dec-core-datasource/1.0/dec-core-datasource-1.0.jar
[INFO] 
[INFO] --------------< doc.eq.code:dec-context-config-parse-xml >--------------
[INFO] Building dec-context-config-parse-xml 1.0                          [6/9]
[INFO]   from dec-context-config-parse-xml/pom.xml
[INFO] --------------------------------[ jar ]---------------------------------
[INFO] 
[INFO] --- enforcer:3.5.0:enforce (enforce-build-toolchain) @ dec-context-config-parse-xml ---
[INFO] 
[INFO] --- jacoco:0.8.12:prepare-agent (prepare-agent) @ dec-context-config-parse-xml ---
[INFO] argLine set to -javaagent:/home/runner/.m2/repository/org/jacoco/org.jacoco.agent/0.8.12/org.jacoco.agent-0.8.12-runtime.jar=destfile=/home/runner/work/doc-eq-code-Dgremlin/doc-eq-code-Dgremlin/dec-context-config-parse-xml/target/jacoco.exec
[INFO] 
[INFO] --- resources:3.4.0:resources (default-resources) @ dec-context-config-parse-xml ---
[INFO] skip non existing resourceDirectory /home/runner/work/doc-eq-code-Dgremlin/doc-eq-code-Dgremlin/dec-context-config-parse-xml/src/main/resources
[INFO] 
[INFO] --- compiler:3.13.0:compile (default-compile) @ dec-context-config-parse-xml ---
[INFO] Recompiling the module because of changed dependency.
[INFO] Compiling 31 source files with javac [debug release 8] to target/classes
[INFO] 
[INFO] --- resources:3.4.0:testResources (default-testResources) @ dec-context-config-parse-xml ---
[INFO] skip non existing resourceDirectory /home/runner/work/doc-eq-code-Dgremlin/doc-eq-code-Dgremlin/dec-context-config-parse-xml/src/test/resources
[INFO] 
[INFO] --- compiler:3.13.0:testCompile (default-testCompile) @ dec-context-config-parse-xml ---
[INFO] Recompiling the module because of changed dependency.
[INFO] Compiling 5 source files with javac [debug release 8] to target/test-classes
[INFO] 
[INFO] --- surefire:3.2.5:test (default-test) @ dec-context-config-parse-xml ---
[INFO] Tests are skipped.
[INFO] 
[INFO] --- jar:3.5.0:jar (default-jar) @ dec-context-config-parse-xml ---
[INFO] Building jar: /home/runner/work/doc-eq-code-Dgremlin/doc-eq-code-Dgremlin/dec-context-config-parse-xml/target/context-config-parse-xml.jar
[INFO] 
[INFO] --- failsafe:3.2.5:integration-test (default) @ dec-context-config-parse-xml ---
[INFO] Tests are skipped.
[INFO] 
[INFO] --- failsafe:3.2.5:verify (default) @ dec-context-config-parse-xml ---
[INFO] Tests are skipped.
[INFO] 
[INFO] --- jacoco:0.8.12:report (report) @ dec-context-config-parse-xml ---
[INFO] Skipping JaCoCo execution due to missing execution data file.
[INFO] 
[INFO] --- install:3.1.4:install (default-install) @ dec-context-config-parse-xml ---
[INFO] Installing /home/runner/work/doc-eq-code-Dgremlin/doc-eq-code-Dgremlin/dec-context-config-parse-xml/pom.xml to /home/runner/.m2/repository/doc/eq/code/dec-context-config-parse-xml/1.0/dec-context-config-parse-xml-1.0.pom
[INFO] Installing /home/runner/work/doc-eq-code-Dgremlin/doc-eq-code-Dgremlin/dec-context-config-parse-xml/target/context-config-parse-xml.jar to /home/runner/.m2/repository/doc/eq/code/dec-context-config-parse-xml/1.0/dec-context-config-parse-xml-1.0.jar
[INFO] 
[INFO] -------------< doc.eq.code:dec-context-config-parse-yaml >--------------
[INFO] Building dec-context-config-parse-yaml 1.0                         [7/9]
[INFO]   from dec-context-config-parse-yaml/pom.xml
[INFO] --------------------------------[ jar ]---------------------------------
[INFO] 
[INFO] --- enforcer:3.5.0:enforce (enforce-build-toolchain) @ dec-context-config-parse-yaml ---
[INFO] 
[INFO] --- jacoco:0.8.12:prepare-agent (prepare-agent) @ dec-context-config-parse-yaml ---
[INFO] argLine set to -javaagent:/home/runner/.m2/repository/org/jacoco/org.jacoco.agent/0.8.12/org.jacoco.agent-0.8.12-runtime.jar=destfile=/home/runner/work/doc-eq-code-Dgremlin/doc-eq-code-Dgremlin/dec-context-config-parse-yaml/target/jacoco.exec
[INFO] 
[INFO] --- resources:3.4.0:resources (default-resources) @ dec-context-config-parse-yaml ---
[INFO] skip non existing resourceDirectory /home/runner/work/doc-eq-code-Dgremlin/doc-eq-code-Dgremlin/dec-context-config-parse-yaml/src/main/resources
[INFO] 
[INFO] --- compiler:3.13.0:compile (default-compile) @ dec-context-config-parse-yaml ---
[INFO] Recompiling the module because of changed dependency.
[INFO] Compiling 12 source files with javac [debug release 8] to target/classes
[INFO] 
[INFO] --- resources:3.4.0:testResources (default-testResources) @ dec-context-config-parse-yaml ---
[INFO] skip non existing resourceDirectory /home/runner/work/doc-eq-code-Dgremlin/doc-eq-code-Dgremlin/dec-context-config-parse-yaml/src/test/resources
[INFO] 
[INFO] --- compiler:3.13.0:testCompile (default-testCompile) @ dec-context-config-parse-yaml ---
[INFO] Recompiling the module because of changed dependency.
[INFO] Compiling 10 source files with javac [debug release 8] to target/test-classes
[INFO] 
[INFO] --- surefire:3.2.5:test (default-test) @ dec-context-config-parse-yaml ---
[INFO] Tests are skipped.
[INFO] 
[INFO] --- jar:3.5.0:jar (default-jar) @ dec-context-config-parse-yaml ---
[INFO] Building jar: /home/runner/work/doc-eq-code-Dgremlin/doc-eq-code-Dgremlin/dec-context-config-parse-yaml/target/dec-context-config-parse-yaml-1.0.jar
[INFO] 
[INFO] --- failsafe:3.2.5:integration-test (default) @ dec-context-config-parse-yaml ---
[INFO] Tests are skipped.
[INFO] 
[INFO] --- failsafe:3.2.5:verify (default) @ dec-context-config-parse-yaml ---
[INFO] Tests are skipped.
[INFO] 
[INFO] --- jacoco:0.8.12:report (report) @ dec-context-config-parse-yaml ---
[INFO] Skipping JaCoCo execution due to missing execution data file.
[INFO] 
[INFO] --- install:3.1.4:install (default-install) @ dec-context-config-parse-yaml ---
[INFO] Installing /home/runner/work/doc-eq-code-Dgremlin/doc-eq-code-Dgremlin/dec-context-config-parse-yaml/pom.xml to /home/runner/.m2/repository/doc/eq/code/dec-context-config-parse-yaml/1.0/dec-context-config-parse-yaml-1.0.pom
[INFO] Installing /home/runner/work/doc-eq-code-Dgremlin/doc-eq-code-Dgremlin/dec-context-config-parse-yaml/target/dec-context-config-parse-yaml-1.0.jar to /home/runner/.m2/repository/doc/eq/code/dec-context-config-parse-yaml/1.0/dec-context-config-parse-yaml-1.0.jar
[INFO] 
[INFO] -----------------< doc.eq.code:dec-datasource-orm-sql >-----------------
[INFO] Building dec-datasource-orm-sql 1.0                                [8/9]
[INFO]   from dec-datasource-orm-sql/pom.xml
[INFO] --------------------------------[ jar ]---------------------------------
[INFO] 
[INFO] --- enforcer:3.5.0:enforce (enforce-build-toolchain) @ dec-datasource-orm-sql ---
[INFO] 
[INFO] --- jacoco:0.8.12:prepare-agent (prepare-agent) @ dec-datasource-orm-sql ---
[INFO] argLine set to -javaagent:/home/runner/.m2/repository/org/jacoco/org.jacoco.agent/0.8.12/org.jacoco.agent-0.8.12-runtime.jar=destfile=/home/runner/work/doc-eq-code-Dgremlin/doc-eq-code-Dgremlin/dec-datasource-orm-sql/target/jacoco.exec
[INFO] 
[INFO] --- resources:3.4.0:resources (default-resources) @ dec-datasource-orm-sql ---
[INFO] skip non existing resourceDirectory /home/runner/work/doc-eq-code-Dgremlin/doc-eq-code-Dgremlin/dec-datasource-orm-sql/src/main/resources
[INFO] 
[INFO] --- compiler:3.13.0:compile (default-compile) @ dec-datasource-orm-sql ---
[INFO] Recompiling the module because of changed dependency.
[INFO] Compiling 48 source files with javac [debug release 8] to target/classes
[INFO] /home/runner/work/doc-eq-code-Dgremlin/doc-eq-code-Dgremlin/dec-datasource-orm-sql/src/main/java/dec/external/datasource/sql/collections/list/SimpleList.java: Some input files use unchecked or unsafe operations.
[INFO] /home/runner/work/doc-eq-code-Dgremlin/doc-eq-code-Dgremlin/dec-datasource-orm-sql/src/main/java/dec/external/datasource/sql/collections/list/SimpleList.java: Recompile with -Xlint:unchecked for details.
[INFO] 
[INFO] --- resources:3.4.0:testResources (default-testResources) @ dec-datasource-orm-sql ---
[INFO] skip non existing resourceDirectory /home/runner/work/doc-eq-code-Dgremlin/doc-eq-code-Dgremlin/dec-datasource-orm-sql/src/test/resources
[INFO] 
[INFO] --- compiler:3.13.0:testCompile (default-testCompile) @ dec-datasource-orm-sql ---
[INFO] No sources to compile
[INFO] 
[INFO] --- surefire:3.2.5:test (default-test) @ dec-datasource-orm-sql ---
[INFO] Tests are skipped.
[INFO] 
[INFO] --- jar:3.5.0:jar (default-jar) @ dec-datasource-orm-sql ---
[INFO] Building jar: /home/runner/work/doc-eq-code-Dgremlin/doc-eq-code-Dgremlin/dec-datasource-orm-sql/target/dec-datasource-orm-sql-1.0.jar
[INFO] 
[INFO] --- failsafe:3.2.5:integration-test (default) @ dec-datasource-orm-sql ---
[INFO] Tests are skipped.
[INFO] 
[INFO] --- failsafe:3.2.5:verify (default) @ dec-datasource-orm-sql ---
[INFO] Tests are skipped.
[INFO] 
[INFO] --- jacoco:0.8.12:report (report) @ dec-datasource-orm-sql ---
[INFO] Skipping JaCoCo execution due to missing execution data file.
[INFO] 
[INFO] --- install:3.1.4:install (default-install) @ dec-datasource-orm-sql ---
[INFO] Installing /home/runner/work/doc-eq-code-Dgremlin/doc-eq-code-Dgremlin/dec-datasource-orm-sql/pom.xml to /home/runner/.m2/repository/doc/eq/code/dec-datasource-orm-sql/1.0/dec-datasource-orm-sql-1.0.pom
[INFO] Installing /home/runner/work/doc-eq-code-Dgremlin/doc-eq-code-Dgremlin/dec-datasource-orm-sql/target/dec-datasource-orm-sql-1.0.jar to /home/runner/.m2/repository/doc/eq/code/dec-datasource-orm-sql/1.0/dec-datasource-orm-sql-1.0.jar
[INFO] 
[INFO] ----------------< doc.eq.code:dec-datasource-orm-mysql >----------------
[INFO] Building dec-datasource-orm-mysql 1.0                              [9/9]
[INFO]   from dec-datasource-orm-mysql/pom.xml
[INFO] --------------------------------[ jar ]---------------------------------
[INFO] 
[INFO] --- enforcer:3.5.0:enforce (enforce-build-toolchain) @ dec-datasource-orm-mysql ---
[INFO] 
[INFO] --- jacoco:0.8.12:prepare-agent (prepare-agent) @ dec-datasource-orm-mysql ---
[INFO] argLine set to -javaagent:/home/runner/.m2/repository/org/jacoco/org.jacoco.agent/0.8.12/org.jacoco.agent-0.8.12-runtime.jar=destfile=/home/runner/work/doc-eq-code-Dgremlin/doc-eq-code-Dgremlin/dec-datasource-orm-mysql/target/jacoco.exec
[INFO] 
[INFO] --- resources:3.4.0:resources (default-resources) @ dec-datasource-orm-mysql ---
[INFO] Copying 1 resource from src/main/resources to target/classes
[INFO] 
[INFO] --- compiler:3.13.0:compile (default-compile) @ dec-datasource-orm-mysql ---
[INFO] Recompiling the module because of changed dependency.
[INFO] Compiling 27 source files with javac [debug release 8] to target/classes
[INFO] /home/runner/work/doc-eq-code-Dgremlin/doc-eq-code-Dgremlin/dec-datasource-orm-mysql/src/main/java/dec/external/datasource/sql/mysql/convert/container/MySQLExprVisitor.java: Some input files use unchecked or unsafe operations.
[INFO] /home/runner/work/doc-eq-code-Dgremlin/doc-eq-code-Dgremlin/dec-datasource-orm-mysql/src/main/java/dec/external/datasource/sql/mysql/convert/container/MySQLExprVisitor.java: Recompile with -Xlint:unchecked for details.
[INFO] 
[INFO] --- resources:3.4.0:testResources (default-testResources) @ dec-datasource-orm-mysql ---
[INFO] skip non existing resourceDirectory /home/runner/work/doc-eq-code-Dgremlin/doc-eq-code-Dgremlin/dec-datasource-orm-mysql/src/test/resources
[INFO] 
[INFO] --- compiler:3.13.0:testCompile (default-testCompile) @ dec-datasource-orm-mysql ---
[INFO] No sources to compile
[INFO] 
[INFO] --- surefire:3.2.5:test (default-test) @ dec-datasource-orm-mysql ---
[INFO] Tests are skipped.
[INFO] 
[INFO] --- jar:3.5.0:jar (default-jar) @ dec-datasource-orm-mysql ---
[INFO] Building jar: /home/runner/work/doc-eq-code-Dgremlin/doc-eq-code-Dgremlin/dec-datasource-orm-mysql/target/dec-datasource-orm-mysql-1.0.jar
[INFO] 
[INFO] --- failsafe:3.2.5:integration-test (default) @ dec-datasource-orm-mysql ---
[INFO] Tests are skipped.
[INFO] 
[INFO] --- failsafe:3.2.5:verify (default) @ dec-datasource-orm-mysql ---
[INFO] Tests are skipped.
[INFO] 
[INFO] --- jacoco:0.8.12:report (report) @ dec-datasource-orm-mysql ---
[INFO] Skipping JaCoCo execution due to missing execution data file.
[INFO] 
[INFO] --- install:3.1.4:install (default-install) @ dec-datasource-orm-mysql ---
[INFO] Installing /home/runner/work/doc-eq-code-Dgremlin/doc-eq-code-Dgremlin/dec-datasource-orm-mysql/pom.xml to /home/runner/.m2/repository/doc/eq/code/dec-datasource-orm-mysql/1.0/dec-datasource-orm-mysql-1.0.pom
[INFO] Installing /home/runner/work/doc-eq-code-Dgremlin/doc-eq-code-Dgremlin/dec-datasource-orm-mysql/target/dec-datasource-orm-mysql-1.0.jar to /home/runner/.m2/repository/doc/eq/code/dec-datasource-orm-mysql/1.0/dec-datasource-orm-mysql-1.0.jar
[INFO] ------------------------------------------------------------------------
[INFO] Reactor Summary for doc-eq-code-parent 1.0:
[INFO] 
[INFO] doc-eq-code-parent ................................. SUCCESS [  6.258 s]
[INFO] dec-core-context ................................... SUCCESS [  4.960 s]
[INFO] DEC Core Compiler .................................. SUCCESS [  2.308 s]
[INFO] dec-core-frontends ................................. SUCCESS [  0.171 s]
[INFO] dec-core-datasource ................................ SUCCESS [  0.076 s]
[INFO] dec-context-config-parse-xml ....................... SUCCESS [  0.570 s]
[INFO] dec-context-config-parse-yaml ...................... SUCCESS [  0.195 s]
[INFO] dec-datasource-orm-sql ............................. SUCCESS [  0.208 s]
[INFO] dec-datasource-orm-mysql ........................... SUCCESS [  0.205 s]
[INFO] ------------------------------------------------------------------------
[INFO] BUILD SUCCESS
[INFO] ------------------------------------------------------------------------
[INFO] Total time:  15.050 s
[INFO] Finished at: 2026-08-19T01:32:16Z
[INFO] ------------------------------------------------------------------------
