Refreshing run status every 3 seconds. Press Ctrl+C to quit.

* dev_all P0 Build Gate · 30157808481
Triggered via workflow_dispatch less than a minute ago

JOBS
* core-verify (ID 89678386155)
  ✓ Set up job
  * Run actions/checkout@v6
  * Run actions/setup-java@v5
  * Verify Maven Wrapper
  * Bootstrap repository-bundled legacy dependencies
  * Core build and tests
  * Prove failing tests block the build
  * Upload test reports
  * Post Run actions/checkout@v6
* mysql-it (ID 89678386206)
  ✓ Set up job
  * Initialize containers
  * Run actions/checkout@v6
  * Run actions/setup-java@v5
  * Run scripts/remediation/bootstrap_legacy_dependencies.sh
  * Run ./mvnw --batch-mode --no-transfer-progress -Pmysql-it verify
  * Stop containers
Refreshing run status every 3 seconds. Press Ctrl+C to quit.

* dev_all P0 Build Gate · 30157808481
Triggered via workflow_dispatch less than a minute ago

JOBS
* core-verify (ID 89678386155)
  ✓ Set up job
  ✓ Run actions/checkout@v6
  ✓ Run actions/setup-java@v5
  ✓ Verify Maven Wrapper
  * Bootstrap repository-bundled legacy dependencies
  * Core build and tests
  * Prove failing tests block the build
  * Upload test reports
  * Post Run actions/setup-java@v5
  * Post Run actions/checkout@v6
* mysql-it (ID 89678386206)
  ✓ Set up job
  * Initialize containers
  * Run actions/checkout@v6
  * Run actions/setup-java@v5
  * Run scripts/remediation/bootstrap_legacy_dependencies.sh
  * Run ./mvnw --batch-mode --no-transfer-progress -Pmysql-it verify
  * Stop containers
Refreshing run status every 3 seconds. Press Ctrl+C to quit.

* dev_all P0 Build Gate · 30157808481
Triggered via workflow_dispatch less than a minute ago

JOBS
* core-verify (ID 89678386155)
  ✓ Set up job
  ✓ Run actions/checkout@v6
  ✓ Run actions/setup-java@v5
  ✓ Verify Maven Wrapper
  ✓ Bootstrap repository-bundled legacy dependencies
  * Core build and tests
  * Prove failing tests block the build
  * Upload test reports
  * Post Run actions/setup-java@v5
  * Post Run actions/checkout@v6
* mysql-it (ID 89678386206)
  ✓ Set up job
  * Initialize containers
  * Run actions/checkout@v6
  * Run actions/setup-java@v5
  * Run scripts/remediation/bootstrap_legacy_dependencies.sh
  * Run ./mvnw --batch-mode --no-transfer-progress -Pmysql-it verify
  * Stop containers
Refreshing run status every 3 seconds. Press Ctrl+C to quit.

* dev_all P0 Build Gate · 30157808481
Triggered via workflow_dispatch less than a minute ago

JOBS
* core-verify (ID 89678386155)
  ✓ Set up job
  ✓ Run actions/checkout@v6
  ✓ Run actions/setup-java@v5
  ✓ Verify Maven Wrapper
  ✓ Bootstrap repository-bundled legacy dependencies
  * Core build and tests
  * Prove failing tests block the build
  * Upload test reports
  * Post Run actions/setup-java@v5
  * Post Run actions/checkout@v6
* mysql-it (ID 89678386206)
  ✓ Set up job
  * Initialize containers
  * Run actions/checkout@v6
  * Run actions/setup-java@v5
  * Run scripts/remediation/bootstrap_legacy_dependencies.sh
  * Run ./mvnw --batch-mode --no-transfer-progress -Pmysql-it verify
  * Stop containers
Refreshing run status every 3 seconds. Press Ctrl+C to quit.

* dev_all P0 Build Gate · 30157808481
Triggered via workflow_dispatch less than a minute ago

JOBS
* core-verify (ID 89678386155)
  ✓ Set up job
  ✓ Run actions/checkout@v6
  ✓ Run actions/setup-java@v5
  ✓ Verify Maven Wrapper
  ✓ Bootstrap repository-bundled legacy dependencies
  ✓ Core build and tests
  * Prove failing tests block the build
  * Upload test reports
  * Post Run actions/setup-java@v5
  * Post Run actions/checkout@v6
* mysql-it (ID 89678386206)
  ✓ Set up job
  * Initialize containers
  * Run actions/checkout@v6
  * Run actions/setup-java@v5
  * Run scripts/remediation/bootstrap_legacy_dependencies.sh
  * Run ./mvnw --batch-mode --no-transfer-progress -Pmysql-it verify
  * Stop containers
Refreshing run status every 3 seconds. Press Ctrl+C to quit.

* dev_all P0 Build Gate · 30157808481
Triggered via workflow_dispatch less than a minute ago

JOBS
* core-verify (ID 89678386155)
  ✓ Set up job
  ✓ Run actions/checkout@v6
  ✓ Run actions/setup-java@v5
  ✓ Verify Maven Wrapper
  ✓ Bootstrap repository-bundled legacy dependencies
  ✓ Core build and tests
  ✓ Prove failing tests block the build
  * Upload test reports
  * Post Run actions/setup-java@v5
  * Post Run actions/checkout@v6
* mysql-it (ID 89678386206)
  ✓ Set up job
  ✓ Initialize containers
  ✓ Run actions/checkout@v6
  ✓ Run actions/setup-java@v5
  * Run scripts/remediation/bootstrap_legacy_dependencies.sh
  * Run ./mvnw --batch-mode --no-transfer-progress -Pmysql-it verify
  * Post Run actions/setup-java@v5
  * Post Run actions/checkout@v6
  * Stop containers
Refreshing run status every 3 seconds. Press Ctrl+C to quit.

* dev_all P0 Build Gate · 30157808481
Triggered via workflow_dispatch less than a minute ago

JOBS
✓ core-verify in 36s (ID 89678386155)
  ✓ Set up job
  ✓ Run actions/checkout@v6
  ✓ Run actions/setup-java@v5
  ✓ Verify Maven Wrapper
  ✓ Bootstrap repository-bundled legacy dependencies
  ✓ Core build and tests
  ✓ Prove failing tests block the build
  ✓ Upload test reports
  ✓ Post Run actions/setup-java@v5
  ✓ Post Run actions/checkout@v6
  ✓ Complete job
* mysql-it (ID 89678386206)
  ✓ Set up job
  ✓ Initialize containers
  ✓ Run actions/checkout@v6
  ✓ Run actions/setup-java@v5
  * Run scripts/remediation/bootstrap_legacy_dependencies.sh
  * Run ./mvnw --batch-mode --no-transfer-progress -Pmysql-it verify
  * Post Run actions/setup-java@v5
  * Post Run actions/checkout@v6
  * Stop containers
Refreshing run status every 3 seconds. Press Ctrl+C to quit.

* dev_all P0 Build Gate · 30157808481
Triggered via workflow_dispatch less than a minute ago

JOBS
✓ core-verify in 36s (ID 89678386155)
  ✓ Set up job
  ✓ Run actions/checkout@v6
  ✓ Run actions/setup-java@v5
  ✓ Verify Maven Wrapper
  ✓ Bootstrap repository-bundled legacy dependencies
  ✓ Core build and tests
  ✓ Prove failing tests block the build
  ✓ Upload test reports
  ✓ Post Run actions/setup-java@v5
  ✓ Post Run actions/checkout@v6
  ✓ Complete job
* mysql-it (ID 89678386206)
  ✓ Set up job
  ✓ Initialize containers
  ✓ Run actions/checkout@v6
  ✓ Run actions/setup-java@v5
  ✓ Run scripts/remediation/bootstrap_legacy_dependencies.sh
  * Run ./mvnw --batch-mode --no-transfer-progress -Pmysql-it verify
  * Post Run actions/setup-java@v5
  * Post Run actions/checkout@v6
  * Stop containers
Refreshing run status every 3 seconds. Press Ctrl+C to quit.

* dev_all P0 Build Gate · 30157808481
Triggered via workflow_dispatch less than a minute ago

JOBS
✓ core-verify in 36s (ID 89678386155)
  ✓ Set up job
  ✓ Run actions/checkout@v6
  ✓ Run actions/setup-java@v5
  ✓ Verify Maven Wrapper
  ✓ Bootstrap repository-bundled legacy dependencies
  ✓ Core build and tests
  ✓ Prove failing tests block the build
  ✓ Upload test reports
  ✓ Post Run actions/setup-java@v5
  ✓ Post Run actions/checkout@v6
  ✓ Complete job
* mysql-it (ID 89678386206)
  ✓ Set up job
  ✓ Initialize containers
  ✓ Run actions/checkout@v6
  ✓ Run actions/setup-java@v5
  ✓ Run scripts/remediation/bootstrap_legacy_dependencies.sh
  * Run ./mvnw --batch-mode --no-transfer-progress -Pmysql-it verify
  * Post Run actions/setup-java@v5
  * Post Run actions/checkout@v6
  * Stop containers
Refreshing run status every 3 seconds. Press Ctrl+C to quit.

* dev_all P0 Build Gate · 30157808481
Triggered via workflow_dispatch less than a minute ago

JOBS
✓ core-verify in 36s (ID 89678386155)
  ✓ Set up job
  ✓ Run actions/checkout@v6
  ✓ Run actions/setup-java@v5
  ✓ Verify Maven Wrapper
  ✓ Bootstrap repository-bundled legacy dependencies
  ✓ Core build and tests
  ✓ Prove failing tests block the build
  ✓ Upload test reports
  ✓ Post Run actions/setup-java@v5
  ✓ Post Run actions/checkout@v6
  ✓ Complete job
* mysql-it (ID 89678386206)
  ✓ Set up job
  ✓ Initialize containers
  ✓ Run actions/checkout@v6
  ✓ Run actions/setup-java@v5
  ✓ Run scripts/remediation/bootstrap_legacy_dependencies.sh
  * Run ./mvnw --batch-mode --no-transfer-progress -Pmysql-it verify
  * Post Run actions/setup-java@v5
  * Post Run actions/checkout@v6
  * Stop containers
X dev_all P0 Build Gate · 30157808481
Triggered via workflow_dispatch about 1 minute ago

JOBS
✓ core-verify in 36s (ID 89678386155)
  ✓ Set up job
  ✓ Run actions/checkout@v6
  ✓ Run actions/setup-java@v5
  ✓ Verify Maven Wrapper
  ✓ Bootstrap repository-bundled legacy dependencies
  ✓ Core build and tests
  ✓ Prove failing tests block the build
  ✓ Upload test reports
  ✓ Post Run actions/setup-java@v5
  ✓ Post Run actions/checkout@v6
  ✓ Complete job
X mysql-it in 57s (ID 89678386206)
  ✓ Set up job
  ✓ Initialize containers
  ✓ Run actions/checkout@v6
  ✓ Run actions/setup-java@v5
  ✓ Run scripts/remediation/bootstrap_legacy_dependencies.sh
  X Run ./mvnw --batch-mode --no-transfer-progress -Pmysql-it verify
  ✓ Post Run actions/setup-java@v5
  ✓ Post Run actions/checkout@v6
  ✓ Stop containers
  ✓ Complete job

ANNOTATIONS
X Process completed with exit code 1.
mysql-it: .github#964

