[INFO] Scanning for projects...
[INFO]
[INFO] --------------------< doc.eq.code:dec-core-starter >--------------------
[INFO] Building dec-core-starter 1.0
[INFO]   from pom.xml
[INFO] --------------------------------[ jar ]---------------------------------
[INFO]
[INFO] --- enforcer:3.5.0:enforce (enforce-build-toolchain) @ dec-core-starter ---
[INFO] Rule 0: org.apache.maven.enforcer.rules.version.RequireMavenVersion passed
[INFO] Rule 1: org.apache.maven.enforcer.rules.version.RequireJavaVersion passed
[INFO]
[INFO] --- jacoco:0.8.12:prepare-agent (prepare-agent) @ dec-core-starter ---
[INFO] argLine set to -javaagent:/home/runner/.m2/repository/org/jacoco/org.jacoco.agent/0.8.12/org.jacoco.agent-0.8.12-runtime.jar=destfile=/home/runner/work/doc-eq-code-Dgremlin/doc-eq-code-Dgremlin/dec-core-starter/target/jacoco.exec
[INFO]
[INFO] --- resources:3.4.0:resources (default-resources) @ dec-core-starter ---
[INFO] skip non existing resourceDirectory /home/runner/work/doc-eq-code-Dgremlin/doc-eq-code-Dgremlin/dec-core-starter/src/main/resources
[INFO]
[INFO] --- compiler:3.13.0:compile (default-compile) @ dec-core-starter ---
[INFO] Nothing to compile - all classes are up to date.
[INFO]
[INFO] --- resources:3.4.0:testResources (default-testResources) @ dec-core-starter ---
[INFO] Copying 11 resources from src/test/resources to target/test-classes
[INFO]
[INFO] --- compiler:3.13.0:testCompile (default-testCompile) @ dec-core-starter ---
[INFO] Nothing to compile - all classes are up to date.
[INFO]
[INFO] --- surefire:3.2.5:test (default-test) @ dec-core-starter ---
[INFO] Using auto detected provider org.apache.maven.surefire.junitplatform.JUnitPlatformProvider
[INFO]
[INFO] -------------------------------------------------------
[INFO]  T E S T S
[INFO] -------------------------------------------------------
[INFO] Running dec.core.starter.access.ProtectedRuntimeModelAdapterIntegrationTest
[ERROR] Tests run: 5, Failures: 5, Errors: 0, Skipped: 0, Time elapsed: 0.078 s <<< FAILURE! -- in dec.core.starter.access.ProtectedRuntimeModelAdapterIntegrationTest
[ERROR] dec.core.starter.access.ProtectedRuntimeModelAdapterIntegrationTest.case_case_p2_td_real_read_operation_001 -- Time elapsed: 0.030 s <<< FAILURE!
org.opentest4j.AssertionFailedError: P2 RED [CASE-P2-TD-REAL-READ-OPERATION-001]: missing production contract dec.core.model.runtime.RuntimeModelAccessScope
	at org.junit.jupiter.api.AssertionUtils.fail(AssertionUtils.java:38)
	at org.junit.jupiter.api.Assertions.fail(Assertions.java:138)
	at dec.core.starter.access.ProtectedRuntimeModelAdapterIntegrationTest.observe(ProtectedRuntimeModelAdapterIntegrationTest.java:47)
	at dec.core.starter.access.ProtectedRuntimeModelAdapterIntegrationTest.case_case_p2_td_real_read_operation_001(ProtectedRuntimeModelAdapterIntegrationTest.java:27)
	at java.base/java.lang.reflect.Method.invoke(Method.java:569)
	at java.base/java.util.ArrayList.forEach(ArrayList.java:1511)
	at java.base/java.util.ArrayList.forEach(ArrayList.java:1511)

[ERROR] dec.core.starter.access.ProtectedRuntimeModelAdapterIntegrationTest.case_case_p2_td_model_effect_same_handle_001 -- Time elapsed: 0.002 s <<< FAILURE!
org.opentest4j.AssertionFailedError: P2 RED [CASE-P2-TD-MODEL-EFFECT-SAME-HANDLE-001]: missing production contract dec.core.model.runtime.RuntimeModelAccessScope
	at org.junit.jupiter.api.AssertionUtils.fail(AssertionUtils.java:38)
	at org.junit.jupiter.api.Assertions.fail(Assertions.java:138)
	at dec.core.starter.access.ProtectedRuntimeModelAdapterIntegrationTest.observe(ProtectedRuntimeModelAdapterIntegrationTest.java:47)
	at dec.core.starter.access.ProtectedRuntimeModelAdapterIntegrationTest.case_case_p2_td_model_effect_same_handle_001(ProtectedRuntimeModelAdapterIntegrationTest.java:15)
	at java.base/java.lang.reflect.Method.invoke(Method.java:569)
	at java.base/java.util.ArrayList.forEach(ArrayList.java:1511)
	at java.base/java.util.ArrayList.forEach(ArrayList.java:1511)

[ERROR] dec.core.starter.access.ProtectedRuntimeModelAdapterIntegrationTest.case_case_p2_td_production_model_adapter_reachability_001 -- Time elapsed: 0.002 s <<< FAILURE!
org.opentest4j.AssertionFailedError: P2 RED [CASE-P2-TD-PRODUCTION-MODEL-ADAPTER-REACHABILITY-001]: missing production contract dec.core.model.runtime.RuntimeModelAccessScope
	at org.junit.jupiter.api.AssertionUtils.fail(AssertionUtils.java:38)
	at org.junit.jupiter.api.Assertions.fail(Assertions.java:138)
	at dec.core.starter.access.ProtectedRuntimeModelAdapterIntegrationTest.observe(ProtectedRuntimeModelAdapterIntegrationTest.java:47)
	at dec.core.starter.access.ProtectedRuntimeModelAdapterIntegrationTest.case_case_p2_td_production_model_adapter_reachability_001(ProtectedRuntimeModelAdapterIntegrationTest.java:39)
	at java.base/java.lang.reflect.Method.invoke(Method.java:569)
	at java.base/java.util.ArrayList.forEach(ArrayList.java:1511)
	at java.base/java.util.ArrayList.forEach(ArrayList.java:1511)

[ERROR] dec.core.starter.access.ProtectedRuntimeModelAdapterIntegrationTest.case_case_p2_td_operation_port_not_caller_injectable_001 -- Time elapsed: 0.002 s <<< FAILURE!
org.opentest4j.AssertionFailedError: P2 RED [CASE-P2-TD-OPERATION-PORT-NOT-CALLER-INJECTABLE-001]: missing production contract dec.core.model.runtime.RuntimeModelAccessScope
	at org.junit.jupiter.api.AssertionUtils.fail(AssertionUtils.java:38)
	at org.junit.jupiter.api.Assertions.fail(Assertions.java:138)
	at dec.core.starter.access.ProtectedRuntimeModelAdapterIntegrationTest.observe(ProtectedRuntimeModelAdapterIntegrationTest.java:47)
	at dec.core.starter.access.ProtectedRuntimeModelAdapterIntegrationTest.case_case_p2_td_operation_port_not_caller_injectable_001(ProtectedRuntimeModelAdapterIntegrationTest.java:21)
	at java.base/java.lang.reflect.Method.invoke(Method.java:569)
	at java.base/java.util.ArrayList.forEach(ArrayList.java:1511)
	at java.base/java.util.ArrayList.forEach(ArrayList.java:1511)

[ERROR] dec.core.starter.access.ProtectedRuntimeModelAdapterIntegrationTest.case_case_p2_td_real_write_operation_001 -- Time elapsed: 0.003 s <<< FAILURE!
org.opentest4j.AssertionFailedError: P2 RED [CASE-P2-TD-REAL-WRITE-OPERATION-001]: missing production contract dec.core.model.runtime.RuntimeModelAccessScope
	at org.junit.jupiter.api.AssertionUtils.fail(AssertionUtils.java:38)
	at org.junit.jupiter.api.Assertions.fail(Assertions.java:138)
	at dec.core.starter.access.ProtectedRuntimeModelAdapterIntegrationTest.observe(ProtectedRuntimeModelAdapterIntegrationTest.java:47)
	at dec.core.starter.access.ProtectedRuntimeModelAdapterIntegrationTest.case_case_p2_td_real_write_operation_001(ProtectedRuntimeModelAdapterIntegrationTest.java:33)
	at java.base/java.lang.reflect.Method.invoke(Method.java:569)
	at java.base/java.util.ArrayList.forEach(ArrayList.java:1511)
	at java.base/java.util.ArrayList.forEach(ArrayList.java:1511)

[INFO]
[INFO] Results:
[INFO]
[ERROR] Failures:
[ERROR]   ProtectedRuntimeModelAdapterIntegrationTest.case_case_p2_td_model_effect_same_handle_001:15->observe:47 P2 RED [CASE-P2-TD-MODEL-EFFECT-SAME-HANDLE-001]: missing production contract dec.core.model.runtime.RuntimeModelAccessScope
[ERROR]   ProtectedRuntimeModelAdapterIntegrationTest.case_case_p2_td_operation_port_not_caller_injectable_001:21->observe:47 P2 RED [CASE-P2-TD-OPERATION-PORT-NOT-CALLER-INJECTABLE-001]: missing production contract dec.core.model.runtime.RuntimeModelAccessScope
[ERROR]   ProtectedRuntimeModelAdapterIntegrationTest.case_case_p2_td_production_model_adapter_reachability_001:39->observe:47 P2 RED [CASE-P2-TD-PRODUCTION-MODEL-ADAPTER-REACHABILITY-001]: missing production contract dec.core.model.runtime.RuntimeModelAccessScope
[ERROR]   ProtectedRuntimeModelAdapterIntegrationTest.case_case_p2_td_real_read_operation_001:27->observe:47 P2 RED [CASE-P2-TD-REAL-READ-OPERATION-001]: missing production contract dec.core.model.runtime.RuntimeModelAccessScope
[ERROR]   ProtectedRuntimeModelAdapterIntegrationTest.case_case_p2_td_real_write_operation_001:33->observe:47 P2 RED [CASE-P2-TD-REAL-WRITE-OPERATION-001]: missing production contract dec.core.model.runtime.RuntimeModelAccessScope
[INFO]
[ERROR] Tests run: 5, Failures: 5, Errors: 0, Skipped: 0
[INFO]
[INFO] ------------------------------------------------------------------------
[INFO] BUILD FAILURE
[INFO] ------------------------------------------------------------------------
[INFO] Total time:  1.957 s
[INFO] Finished at: 2026-08-11T05:30:35Z
[INFO] ------------------------------------------------------------------------
[ERROR] Failed to execute goal org.apache.maven.plugins:maven-surefire-plugin:3.2.5:test (default-test) on project dec-core-starter: There are test failures.
[ERROR]
[ERROR] Please refer to /home/runner/work/doc-eq-code-Dgremlin/doc-eq-code-Dgremlin/dec-core-starter/target/surefire-reports for the individual test results.
[ERROR] Please refer to dump files (if any exist) [date].dump, [date]-jvmRun[N].dump and [date].dumpstream.
[ERROR] -> [Help 1]
[ERROR]
[ERROR] To see the full stack trace of the errors, re-run Maven with the -e switch.
[ERROR] Re-run Maven using the -X switch to enable full debug logging.
[ERROR]
[ERROR] For more information about the errors and possible solutions, please read the following articles:
[ERROR] [Help 1] http://cwiki.apache.org/confluence/display/MAVEN/MojoFailureException
