[INFO] Scanning for projects...
[INFO] ------------------------------------------------------------------------
[INFO] Reactor Build Order:
[INFO]
[INFO] doc-eq-code-parent                                                 [pom]
[INFO] dec-core-context                                                   [jar]
[INFO] dec-core-datasource                                                [jar]
[INFO] dec-datasource-orm-sql                                             [jar]
[INFO] dec-core-model                                                     [jar]
[INFO]
[INFO] -------------------< doc.eq.code:doc-eq-code-parent >-------------------
[INFO] Building doc-eq-code-parent 1.0                                    [1/5]
[INFO]   from pom.xml
[INFO] --------------------------------[ pom ]---------------------------------
[INFO]
[INFO] --- enforcer:3.5.0:enforce (enforce-build-toolchain) @ doc-eq-code-parent ---
[INFO] Rule 0: org.apache.maven.enforcer.rules.version.RequireMavenVersion passed
[INFO] Rule 1: org.apache.maven.enforcer.rules.version.RequireJavaVersion passed
[INFO]
[INFO] --- jacoco:0.8.12:prepare-agent (prepare-agent) @ doc-eq-code-parent ---
[INFO] argLine set to -javaagent:/home/runner/.m2/repository/org/jacoco/org.jacoco.agent/0.8.12/org.jacoco.agent-0.8.12-runtime.jar=destfile=/home/runner/work/doc-eq-code-Dgremlin/doc-eq-code-Dgremlin/target/jacoco.exec
[INFO]
[INFO] --- failsafe:3.2.5:integration-test (default) @ doc-eq-code-parent ---
[INFO] Tests are skipped.
[INFO]
[INFO] --- failsafe:3.2.5:verify (default) @ doc-eq-code-parent ---
[INFO] Tests are skipped.
[INFO]
[INFO] --- jacoco:0.8.12:report (report) @ doc-eq-code-parent ---
[INFO] Skipping JaCoCo execution due to missing execution data file.
[INFO]
[INFO] --- install:3.1.4:install (default-install) @ doc-eq-code-parent ---
[INFO] Installing /home/runner/work/doc-eq-code-Dgremlin/doc-eq-code-Dgremlin/pom.xml to /home/runner/.m2/repository/doc/eq/code/doc-eq-code-parent/1.0/doc-eq-code-parent-1.0.pom
[INFO]
[INFO] --------------------< doc.eq.code:dec-core-context >--------------------
[INFO] Building dec-core-context 1.0                                      [2/5]
[INFO]   from dec-core-context/pom.xml
[INFO] --------------------------------[ jar ]---------------------------------
[INFO]
[INFO] --- enforcer:3.5.0:enforce (enforce-build-toolchain) @ dec-core-context ---
[INFO]
[INFO] --- jacoco:0.8.12:prepare-agent (prepare-agent) @ dec-core-context ---
[INFO] argLine set to -javaagent:/home/runner/.m2/repository/org/jacoco/org.jacoco.agent/0.8.12/org.jacoco.agent-0.8.12-runtime.jar=destfile=/home/runner/work/doc-eq-code-Dgremlin/doc-eq-code-Dgremlin/dec-core-context/target/jacoco.exec
[INFO]
[INFO] --- resources:3.4.0:resources (default-resources) @ dec-core-context ---
[INFO] skip non existing resourceDirectory /home/runner/work/doc-eq-code-Dgremlin/doc-eq-code-Dgremlin/dec-core-context/src/main/resources
[INFO]
[INFO] --- compiler:3.13.0:compile (default-compile) @ dec-core-context ---
[INFO] Nothing to compile - all classes are up to date.
[INFO]
[INFO] --- resources:3.4.0:testResources (default-testResources) @ dec-core-context ---
[INFO] Not copying test resources
[INFO]
[INFO] --- compiler:3.13.0:testCompile (default-testCompile) @ dec-core-context ---
[INFO] Not compiling test sources
[INFO]
[INFO] --- surefire:3.2.5:test (default-test) @ dec-core-context ---
[INFO] Tests are skipped.
[INFO]
[INFO] --- jar:3.5.0:jar (default-jar) @ dec-core-context ---
[INFO]
[INFO] --- failsafe:3.2.5:integration-test (default) @ dec-core-context ---
[INFO] Tests are skipped.
[INFO]
[INFO] --- failsafe:3.2.5:verify (default) @ dec-core-context ---
[INFO] Tests are skipped.
[INFO]
[INFO] --- jacoco:0.8.12:report (report) @ dec-core-context ---
[INFO] Skipping JaCoCo execution due to missing execution data file.
[INFO]
[INFO] --- install:3.1.4:install (default-install) @ dec-core-context ---
[INFO] Installing /home/runner/work/doc-eq-code-Dgremlin/doc-eq-code-Dgremlin/dec-core-context/pom.xml to /home/runner/.m2/repository/doc/eq/code/dec-core-context/1.0/dec-core-context-1.0.pom
[INFO] Installing /home/runner/work/doc-eq-code-Dgremlin/doc-eq-code-Dgremlin/dec-core-context/target/dec-core-context-1.0.jar to /home/runner/.m2/repository/doc/eq/code/dec-core-context/1.0/dec-core-context-1.0.jar
[INFO]
[INFO] ------------------< doc.eq.code:dec-core-datasource >-------------------
[INFO] Building dec-core-datasource 1.0                                   [3/5]
[INFO]   from dec-core-datasource/pom.xml
[INFO] --------------------------------[ jar ]---------------------------------
[INFO]
[INFO] --- enforcer:3.5.0:enforce (enforce-build-toolchain) @ dec-core-datasource ---
[INFO]
[INFO] --- jacoco:0.8.12:prepare-agent (prepare-agent) @ dec-core-datasource ---
[INFO] argLine set to -javaagent:/home/runner/.m2/repository/org/jacoco/org.jacoco.agent/0.8.12/org.jacoco.agent-0.8.12-runtime.jar=destfile=/home/runner/work/doc-eq-code-Dgremlin/doc-eq-code-Dgremlin/dec-core-datasource/target/jacoco.exec
[INFO]
[INFO] --- resources:3.4.0:resources (default-resources) @ dec-core-datasource ---
[INFO] skip non existing resourceDirectory /home/runner/work/doc-eq-code-Dgremlin/doc-eq-code-Dgremlin/dec-core-datasource/src/main/resources
[INFO]
[INFO] --- compiler:3.13.0:compile (default-compile) @ dec-core-datasource ---
[INFO] Recompiling the module because of changed source code.
[INFO] Compiling 19 source files with javac [debug release 8] to target/classes
[INFO]
[INFO] --- resources:3.4.0:testResources (default-testResources) @ dec-core-datasource ---
[INFO] Not copying test resources
[INFO]
[INFO] --- compiler:3.13.0:testCompile (default-testCompile) @ dec-core-datasource ---
[INFO] Not compiling test sources
[INFO]
[INFO] --- surefire:3.2.5:test (default-test) @ dec-core-datasource ---
[INFO] Tests are skipped.
[INFO]
[INFO] --- jar:3.5.0:jar (default-jar) @ dec-core-datasource ---
[INFO] Building jar: /home/runner/work/doc-eq-code-Dgremlin/doc-eq-code-Dgremlin/dec-core-datasource/target/dec-core-datasource-1.0.jar
[INFO]
[INFO] --- failsafe:3.2.5:integration-test (default) @ dec-core-datasource ---
[INFO] Tests are skipped.
[INFO]
[INFO] --- failsafe:3.2.5:verify (default) @ dec-core-datasource ---
[INFO] Tests are skipped.
[INFO]
[INFO] --- jacoco:0.8.12:report (report) @ dec-core-datasource ---
[INFO] Skipping JaCoCo execution due to missing execution data file.
[INFO]
[INFO] --- install:3.1.4:install (default-install) @ dec-core-datasource ---
[INFO] Installing /home/runner/work/doc-eq-code-Dgremlin/doc-eq-code-Dgremlin/dec-core-datasource/pom.xml to /home/runner/.m2/repository/doc/eq/code/dec-core-datasource/1.0/dec-core-datasource-1.0.pom
[INFO] Installing /home/runner/work/doc-eq-code-Dgremlin/doc-eq-code-Dgremlin/dec-core-datasource/target/dec-core-datasource-1.0.jar to /home/runner/.m2/repository/doc/eq/code/dec-core-datasource/1.0/dec-core-datasource-1.0.jar
[INFO]
[INFO] -----------------< doc.eq.code:dec-datasource-orm-sql >-----------------
[INFO] Building dec-datasource-orm-sql 1.0                                [4/5]
[INFO]   from dec-datasource-orm-sql/pom.xml
[INFO] --------------------------------[ jar ]---------------------------------
[INFO]
[INFO] --- enforcer:3.5.0:enforce (enforce-build-toolchain) @ dec-datasource-orm-sql ---
[INFO]
[INFO] --- jacoco:0.8.12:prepare-agent (prepare-agent) @ dec-datasource-orm-sql ---
[INFO] argLine set to -javaagent:/home/runner/.m2/repository/org/jacoco/org.jacoco.agent/0.8.12/org.jacoco.agent-0.8.12-runtime.jar=destfile=/home/runner/work/doc-eq-code-Dgremlin/doc-eq-code-Dgremlin/dec-datasource-orm-sql/target/jacoco.exec
[INFO]
[INFO] --- resources:3.4.0:resources (default-resources) @ dec-datasource-orm-sql ---
[INFO] skip non existing resourceDirectory /home/runner/work/doc-eq-code-Dgremlin/doc-eq-code-Dgremlin/dec-datasource-orm-sql/src/main/resources
[INFO]
[INFO] --- compiler:3.13.0:compile (default-compile) @ dec-datasource-orm-sql ---
[INFO] Recompiling the module because of changed dependency.
[INFO] Compiling 48 source files with javac [debug release 8] to target/classes
[INFO] /home/runner/work/doc-eq-code-Dgremlin/doc-eq-code-Dgremlin/dec-datasource-orm-sql/src/main/java/dec/external/datasource/sql/collections/list/SimpleList.java: Some input files use unchecked or unsafe operations.
[INFO] /home/runner/work/doc-eq-code-Dgremlin/doc-eq-code-Dgremlin/dec-datasource-orm-sql/src/main/java/dec/external/datasource/sql/collections/list/SimpleList.java: Recompile with -Xlint:unchecked for details.
[INFO]
[INFO] --- resources:3.4.0:testResources (default-testResources) @ dec-datasource-orm-sql ---
[INFO] Not copying test resources
[INFO]
[INFO] --- compiler:3.13.0:testCompile (default-testCompile) @ dec-datasource-orm-sql ---
[INFO] Not compiling test sources
[INFO]
[INFO] --- surefire:3.2.5:test (default-test) @ dec-datasource-orm-sql ---
[INFO] Tests are skipped.
[INFO]
[INFO] --- jar:3.5.0:jar (default-jar) @ dec-datasource-orm-sql ---
[INFO] Building jar: /home/runner/work/doc-eq-code-Dgremlin/doc-eq-code-Dgremlin/dec-datasource-orm-sql/target/dec-datasource-orm-sql-1.0.jar
[INFO]
[INFO] --- failsafe:3.2.5:integration-test (default) @ dec-datasource-orm-sql ---
[INFO] Tests are skipped.
[INFO]
[INFO] --- failsafe:3.2.5:verify (default) @ dec-datasource-orm-sql ---
[INFO] Tests are skipped.
[INFO]
[INFO] --- jacoco:0.8.12:report (report) @ dec-datasource-orm-sql ---
[INFO] Skipping JaCoCo execution due to missing execution data file.
[INFO]
[INFO] --- install:3.1.4:install (default-install) @ dec-datasource-orm-sql ---
[INFO] Installing /home/runner/work/doc-eq-code-Dgremlin/doc-eq-code-Dgremlin/dec-datasource-orm-sql/pom.xml to /home/runner/.m2/repository/doc/eq/code/dec-datasource-orm-sql/1.0/dec-datasource-orm-sql-1.0.pom
[INFO] Installing /home/runner/work/doc-eq-code-Dgremlin/doc-eq-code-Dgremlin/dec-datasource-orm-sql/target/dec-datasource-orm-sql-1.0.jar to /home/runner/.m2/repository/doc/eq/code/dec-datasource-orm-sql/1.0/dec-datasource-orm-sql-1.0.jar
[INFO]
[INFO] ---------------------< doc.eq.code:dec-core-model >---------------------
[INFO] Building dec-core-model 1.0                                        [5/5]
[INFO]   from dec-core-model/pom.xml
[INFO] --------------------------------[ jar ]---------------------------------
[INFO]
[INFO] --- enforcer:3.5.0:enforce (enforce-build-toolchain) @ dec-core-model ---
[INFO]
[INFO] --- jacoco:0.8.12:prepare-agent (prepare-agent) @ dec-core-model ---
[INFO] argLine set to -javaagent:/home/runner/.m2/repository/org/jacoco/org.jacoco.agent/0.8.12/org.jacoco.agent-0.8.12-runtime.jar=destfile=/home/runner/work/doc-eq-code-Dgremlin/doc-eq-code-Dgremlin/dec-core-model/target/jacoco.exec
[INFO]
[INFO] --- resources:3.4.0:resources (default-resources) @ dec-core-model ---
[INFO] skip non existing resourceDirectory /home/runner/work/doc-eq-code-Dgremlin/doc-eq-code-Dgremlin/dec-core-model/src/main/resources
[INFO]
[INFO] --- compiler:3.13.0:compile (default-compile) @ dec-core-model ---
[INFO] Recompiling the module because of changed dependency.
[INFO] Compiling 92 source files with javac [debug release 8] to target/classes
[INFO] /home/runner/work/doc-eq-code-Dgremlin/doc-eq-code-Dgremlin/dec-core-model/src/main/java/dec/core/collections/list/SimpleList.java: Some input files use unchecked or unsafe operations.
[INFO] /home/runner/work/doc-eq-code-Dgremlin/doc-eq-code-Dgremlin/dec-core-model/src/main/java/dec/core/collections/list/SimpleList.java: Recompile with -Xlint:unchecked for details.
[INFO]
[INFO] --- resources:3.4.0:testResources (default-testResources) @ dec-core-model ---
[INFO] Not copying test resources
[INFO]
[INFO] --- compiler:3.13.0:testCompile (default-testCompile) @ dec-core-model ---
[INFO] Not compiling test sources
[INFO]
[INFO] --- surefire:3.2.5:test (default-test) @ dec-core-model ---
[INFO] Tests are skipped.
[INFO]
[INFO] --- jar:3.5.0:jar (default-jar) @ dec-core-model ---
[INFO] Building jar: /home/runner/work/doc-eq-code-Dgremlin/doc-eq-code-Dgremlin/dec-core-model/target/dec-core-model-1.0.jar
[INFO]
[INFO] --- failsafe:3.2.5:integration-test (default) @ dec-core-model ---
[INFO] Tests are skipped.
[INFO]
[INFO] --- failsafe:3.2.5:verify (default) @ dec-core-model ---
[INFO] Tests are skipped.
[INFO]
[INFO] --- jacoco:0.8.12:report (report) @ dec-core-model ---
[INFO] Skipping JaCoCo execution due to missing execution data file.
[INFO]
[INFO] --- install:3.1.4:install (default-install) @ dec-core-model ---
[INFO] Installing /home/runner/work/doc-eq-code-Dgremlin/doc-eq-code-Dgremlin/dec-core-model/pom.xml to /home/runner/.m2/repository/doc/eq/code/dec-core-model/1.0/dec-core-model-1.0.pom
[INFO] Installing /home/runner/work/doc-eq-code-Dgremlin/doc-eq-code-Dgremlin/dec-core-model/target/dec-core-model-1.0.jar to /home/runner/.m2/repository/doc/eq/code/dec-core-model/1.0/dec-core-model-1.0.jar
[INFO] ------------------------------------------------------------------------
[INFO] Reactor Summary for doc-eq-code-parent 1.0:
[INFO]
[INFO] doc-eq-code-parent ................................. SUCCESS [  0.684 s]
[INFO] dec-core-context ................................... SUCCESS [  0.540 s]
[INFO] dec-core-datasource ................................ SUCCESS [  0.576 s]
[INFO] dec-datasource-orm-sql ............................. SUCCESS [  1.442 s]
[INFO] dec-core-model ..................................... SUCCESS [  0.898 s]
[INFO] ------------------------------------------------------------------------
[INFO] BUILD SUCCESS
[INFO] ------------------------------------------------------------------------
[INFO] Total time:  4.271 s
[INFO] Finished at: 2026-08-11T05:29:33Z
[INFO] ------------------------------------------------------------------------
