[INFO] Scanning for projects...
[INFO]
[INFO] --------------------< doc.eq.code:dec-core-starter >--------------------
[INFO] Building dec-core-starter 1.0
[INFO]   from pom.xml
[INFO] --------------------------------[ jar ]---------------------------------
[INFO]
[INFO] --- enforcer:3.5.0:enforce (enforce-build-toolchain) @ dec-core-starter ---
[INFO] Rule 0: org.apache.maven.enforcer.rules.version.RequireMavenVersion passed
[INFO] Rule 1: org.apache.maven.enforcer.rules.version.RequireJavaVersion passed
[INFO]
[INFO] --- jacoco:0.8.12:prepare-agent (prepare-agent) @ dec-core-starter ---
[INFO] argLine set to -javaagent:/home/runner/.m2/repository/org/jacoco/org.jacoco.agent/0.8.12/org.jacoco.agent-0.8.12-runtime.jar=destfile=/home/runner/work/doc-eq-code-Dgremlin/doc-eq-code-Dgremlin/dec-core-starter/target/jacoco.exec
[INFO]
[INFO] --- resources:3.4.0:resources (default-resources) @ dec-core-starter ---
[INFO] skip non existing resourceDirectory /home/runner/work/doc-eq-code-Dgremlin/doc-eq-code-Dgremlin/dec-core-starter/src/main/resources
[INFO]
[INFO] --- compiler:3.13.0:compile (default-compile) @ dec-core-starter ---
[INFO] Nothing to compile - all classes are up to date.
[INFO]
[INFO] --- resources:3.4.0:testResources (default-testResources) @ dec-core-starter ---
[INFO] Copying 11 resources from src/test/resources to target/test-classes
[INFO]
[INFO] --- compiler:3.13.0:testCompile (default-testCompile) @ dec-core-starter ---
[INFO] Nothing to compile - all classes are up to date.
[INFO]
[INFO] --- surefire:3.2.5:test (default-test) @ dec-core-starter ---
[INFO] Using auto detected provider org.apache.maven.surefire.junitplatform.JUnitPlatformProvider
[INFO]
[INFO] -------------------------------------------------------
[INFO]  T E S T S
[INFO] -------------------------------------------------------
[INFO] Running dec.core.starter.access.ProtectedAccessProductionCompositionTest
[ERROR] Tests run: 16, Failures: 16, Errors: 0, Skipped: 0, Time elapsed: 0.114 s <<< FAILURE! -- in dec.core.starter.access.ProtectedAccessProductionCompositionTest
[ERROR] dec.core.starter.access.ProtectedAccessProductionCompositionTest.case_case_p2_td_production_seam_no_legal_bypass_001 -- Time elapsed: 0.033 s <<< FAILURE!
org.opentest4j.AssertionFailedError: P2 RED [CASE-P2-TD-PRODUCTION-SEAM-NO-LEGAL-BYPASS-001]: missing production contract dec.core.model.runtime.RuntimeModelAccessScope
	at org.junit.jupiter.api.AssertionUtils.fail(AssertionUtils.java:38)
	at org.junit.jupiter.api.Assertions.fail(Assertions.java:138)
	at dec.core.starter.access.ProtectedAccessProductionCompositionTest.observe(ProtectedAccessProductionCompositionTest.java:113)
	at dec.core.starter.access.ProtectedAccessProductionCompositionTest.case_case_p2_td_production_seam_no_legal_bypass_001(ProtectedAccessProductionCompositionTest.java:27)
	at java.base/java.lang.reflect.Method.invoke(Method.java:569)
	at java.base/java.util.ArrayList.forEach(ArrayList.java:1511)
	at java.base/java.util.ArrayList.forEach(ArrayList.java:1511)

[ERROR] dec.core.starter.access.ProtectedAccessProductionCompositionTest.case_case_p2_td_production_frame_handoff_001 -- Time elapsed: 0.003 s <<< FAILURE!
org.opentest4j.AssertionFailedError: P2 RED [CASE-P2-TD-PRODUCTION-FRAME-HANDOFF-001]: missing production contract dec.core.model.runtime.RuntimeModelAccessScope
	at org.junit.jupiter.api.AssertionUtils.fail(AssertionUtils.java:38)
	at org.junit.jupiter.api.Assertions.fail(Assertions.java:138)
	at dec.core.starter.access.ProtectedAccessProductionCompositionTest.observe(ProtectedAccessProductionCompositionTest.java:113)
	at dec.core.starter.access.ProtectedAccessProductionCompositionTest.case_case_p2_td_production_frame_handoff_001(ProtectedAccessProductionCompositionTest.java:87)
	at java.base/java.lang.reflect.Method.invoke(Method.java:569)
	at java.base/java.util.ArrayList.forEach(ArrayList.java:1511)
	at java.base/java.util.ArrayList.forEach(ArrayList.java:1511)

[ERROR] dec.core.starter.access.ProtectedAccessProductionCompositionTest.case_case_p2_td_composition_runtime_context_match_001 -- Time elapsed: 0.002 s <<< FAILURE!
org.opentest4j.AssertionFailedError: P2 RED [CASE-P2-TD-COMPOSITION-RUNTIME-CONTEXT-MATCH-001]: missing production contract dec.core.model.runtime.RuntimeModelAccessScope
	at org.junit.jupiter.api.AssertionUtils.fail(AssertionUtils.java:38)
	at org.junit.jupiter.api.Assertions.fail(Assertions.java:138)
	at dec.core.starter.access.ProtectedAccessProductionCompositionTest.observe(ProtectedAccessProductionCompositionTest.java:113)
	at dec.core.starter.access.ProtectedAccessProductionCompositionTest.case_case_p2_td_composition_runtime_context_match_001(ProtectedAccessProductionCompositionTest.java:75)
	at java.base/java.lang.reflect.Method.invoke(Method.java:569)
	at java.base/java.util.ArrayList.forEach(ArrayList.java:1511)
	at java.base/java.util.ArrayList.forEach(ArrayList.java:1511)

[ERROR] dec.core.starter.access.ProtectedAccessProductionCompositionTest.case_case_p2_td_composition_failure_algebra_001 -- Time elapsed: 0.002 s <<< FAILURE!
org.opentest4j.AssertionFailedError: P2 RED [CASE-P2-TD-COMPOSITION-FAILURE-ALGEBRA-001]: missing production contract dec.core.model.runtime.RuntimeModelAccessScope
	at org.junit.jupiter.api.AssertionUtils.fail(AssertionUtils.java:38)
	at org.junit.jupiter.api.Assertions.fail(Assertions.java:138)
	at dec.core.starter.access.ProtectedAccessProductionCompositionTest.observe(ProtectedAccessProductionCompositionTest.java:113)
	at dec.core.starter.access.ProtectedAccessProductionCompositionTest.case_case_p2_td_composition_failure_algebra_001(ProtectedAccessProductionCompositionTest.java:105)
	at java.base/java.lang.reflect.Method.invoke(Method.java:569)
	at java.base/java.util.ArrayList.forEach(ArrayList.java:1511)
	at java.base/java.util.ArrayList.forEach(ArrayList.java:1511)

[ERROR] dec.core.starter.access.ProtectedAccessProductionCompositionTest.case_case_p2_td_ac007_consumer_parity_001 -- Time elapsed: 0.002 s <<< FAILURE!
org.opentest4j.AssertionFailedError: P2 RED [CASE-P2-TD-AC007-CONSUMER-PARITY-001]: missing production contract dec.core.model.runtime.RuntimeModelAccessScope
	at org.junit.jupiter.api.AssertionUtils.fail(AssertionUtils.java:38)
	at org.junit.jupiter.api.Assertions.fail(Assertions.java:138)
	at dec.core.starter.access.ProtectedAccessProductionCompositionTest.observe(ProtectedAccessProductionCompositionTest.java:113)
	at dec.core.starter.access.ProtectedAccessProductionCompositionTest.case_case_p2_td_ac007_consumer_parity_001(ProtectedAccessProductionCompositionTest.java:57)
	at java.base/java.lang.reflect.Method.invoke(Method.java:569)
	at java.base/java.util.ArrayList.forEach(ArrayList.java:1511)
	at java.base/java.util.ArrayList.forEach(ArrayList.java:1511)

[ERROR] dec.core.starter.access.ProtectedAccessProductionCompositionTest.case_case_p2_td_ac007_real_production_reachability_001 -- Time elapsed: 0.002 s <<< FAILURE!
org.opentest4j.AssertionFailedError: P2 RED [CASE-P2-TD-AC007-REAL-PRODUCTION-REACHABILITY-001]: missing production contract dec.core.model.runtime.RuntimeModelAccessScope
	at org.junit.jupiter.api.AssertionUtils.fail(AssertionUtils.java:38)
	at org.junit.jupiter.api.Assertions.fail(Assertions.java:138)
	at dec.core.starter.access.ProtectedAccessProductionCompositionTest.observe(ProtectedAccessProductionCompositionTest.java:113)
	at dec.core.starter.access.ProtectedAccessProductionCompositionTest.case_case_p2_td_ac007_real_production_reachability_001(ProtectedAccessProductionCompositionTest.java:69)
	at java.base/java.lang.reflect.Method.invoke(Method.java:569)
	at java.base/java.util.ArrayList.forEach(ArrayList.java:1511)
	at java.base/java.util.ArrayList.forEach(ArrayList.java:1511)

[ERROR] dec.core.starter.access.ProtectedAccessProductionCompositionTest.case_case_p2_td_ac007_production_composition_001 -- Time elapsed: 0.002 s <<< FAILURE!
org.opentest4j.AssertionFailedError: P2 RED [CASE-P2-TD-AC007-PRODUCTION-COMPOSITION-001]: missing production contract dec.core.model.runtime.RuntimeModelAccessScope
	at org.junit.jupiter.api.AssertionUtils.fail(AssertionUtils.java:38)
	at org.junit.jupiter.api.Assertions.fail(Assertions.java:138)
	at dec.core.starter.access.ProtectedAccessProductionCompositionTest.observe(ProtectedAccessProductionCompositionTest.java:113)
	at dec.core.starter.access.ProtectedAccessProductionCompositionTest.case_case_p2_td_ac007_production_composition_001(ProtectedAccessProductionCompositionTest.java:33)
	at java.base/java.lang.reflect.Method.invoke(Method.java:569)
	at java.base/java.util.ArrayList.forEach(ArrayList.java:1511)
	at java.base/java.util.ArrayList.forEach(ArrayList.java:1511)

[ERROR] dec.core.starter.access.ProtectedAccessProductionCompositionTest.case_case_p2_td_model_effect_provider_binding_001 -- Time elapsed: 0.002 s <<< FAILURE!
org.opentest4j.AssertionFailedError: P2 RED [CASE-P2-TD-MODEL-EFFECT-PROVIDER-BINDING-001]: missing production contract dec.core.model.runtime.RuntimeModelAccessScope
	at org.junit.jupiter.api.AssertionUtils.fail(AssertionUtils.java:38)
	at org.junit.jupiter.api.Assertions.fail(Assertions.java:138)
	at dec.core.starter.access.ProtectedAccessProductionCompositionTest.observe(ProtectedAccessProductionCompositionTest.java:113)
	at dec.core.starter.access.ProtectedAccessProductionCompositionTest.case_case_p2_td_model_effect_provider_binding_001(ProtectedAccessProductionCompositionTest.java:15)
	at java.base/java.lang.reflect.Method.invoke(Method.java:569)
	at java.base/java.util.ArrayList.forEach(ArrayList.java:1511)
	at java.base/java.util.ArrayList.forEach(ArrayList.java:1511)

[ERROR] dec.core.starter.access.ProtectedAccessProductionCompositionTest.case_case_p2_td_runtime_scope_provenance_001 -- Time elapsed: 0.002 s <<< FAILURE!
org.opentest4j.AssertionFailedError: P2 RED [CASE-P2-TD-RUNTIME-SCOPE-PROVENANCE-001]: missing production contract dec.core.model.runtime.RuntimeModelAccessScope
	at org.junit.jupiter.api.AssertionUtils.fail(AssertionUtils.java:38)
	at org.junit.jupiter.api.Assertions.fail(Assertions.java:138)
	at dec.core.starter.access.ProtectedAccessProductionCompositionTest.observe(ProtectedAccessProductionCompositionTest.java:113)
	at dec.core.starter.access.ProtectedAccessProductionCompositionTest.case_case_p2_td_runtime_scope_provenance_001(ProtectedAccessProductionCompositionTest.java:99)
	at java.base/java.lang.reflect.Method.invoke(Method.java:569)
	at java.base/java.util.ArrayList.forEach(ArrayList.java:1511)
	at java.base/java.util.ArrayList.forEach(ArrayList.java:1511)

[ERROR] dec.core.starter.access.ProtectedAccessProductionCompositionTest.case_case_p2_td_ac007_custom_action_consumer_integration_001 -- Time elapsed: 0.002 s <<< FAILURE!
org.opentest4j.AssertionFailedError: P2 RED [CASE-P2-TD-AC007-CUSTOM-ACTION-CONSUMER-INTEGRATION-001]: missing production contract dec.core.model.runtime.RuntimeModelAccessScope
	at org.junit.jupiter.api.AssertionUtils.fail(AssertionUtils.java:38)
	at org.junit.jupiter.api.Assertions.fail(Assertions.java:138)
	at dec.core.starter.access.ProtectedAccessProductionCompositionTest.observe(ProtectedAccessProductionCompositionTest.java:113)
	at dec.core.starter.access.ProtectedAccessProductionCompositionTest.case_case_p2_td_ac007_custom_action_consumer_integration_001(ProtectedAccessProductionCompositionTest.java:51)
	at java.base/java.lang.reflect.Method.invoke(Method.java:569)
	at java.base/java.util.ArrayList.forEach(ArrayList.java:1511)
	at java.base/java.util.ArrayList.forEach(ArrayList.java:1511)

[ERROR] dec.core.starter.access.ProtectedAccessProductionCompositionTest.case_case_p2_td_ac007_rule_consumer_integration_001 -- Time elapsed: 0.002 s <<< FAILURE!
org.opentest4j.AssertionFailedError: P2 RED [CASE-P2-TD-AC007-RULE-CONSUMER-INTEGRATION-001]: missing production contract dec.core.model.runtime.RuntimeModelAccessScope
	at org.junit.jupiter.api.AssertionUtils.fail(AssertionUtils.java:38)
	at org.junit.jupiter.api.Assertions.fail(Assertions.java:138)
	at dec.core.starter.access.ProtectedAccessProductionCompositionTest.observe(ProtectedAccessProductionCompositionTest.java:113)
	at dec.core.starter.access.ProtectedAccessProductionCompositionTest.case_case_p2_td_ac007_rule_consumer_integration_001(ProtectedAccessProductionCompositionTest.java:39)
	at java.base/java.lang.reflect.Method.invoke(Method.java:569)
	at java.base/java.util.ArrayList.forEach(ArrayList.java:1511)
	at java.base/java.util.ArrayList.forEach(ArrayList.java:1511)

[ERROR] dec.core.starter.access.ProtectedAccessProductionCompositionTest.case_case_p2_td_ac007_change_consumer_integration_001 -- Time elapsed: 0.002 s <<< FAILURE!
org.opentest4j.AssertionFailedError: P2 RED [CASE-P2-TD-AC007-CHANGE-CONSUMER-INTEGRATION-001]: missing production contract dec.core.model.runtime.RuntimeModelAccessScope
	at org.junit.jupiter.api.AssertionUtils.fail(AssertionUtils.java:38)
	at org.junit.jupiter.api.Assertions.fail(Assertions.java:138)
	at dec.core.starter.access.ProtectedAccessProductionCompositionTest.observe(ProtectedAccessProductionCompositionTest.java:113)
	at dec.core.starter.access.ProtectedAccessProductionCompositionTest.case_case_p2_td_ac007_change_consumer_integration_001(ProtectedAccessProductionCompositionTest.java:45)
	at java.base/java.lang.reflect.Method.invoke(Method.java:569)
	at java.base/java.util.ArrayList.forEach(ArrayList.java:1511)
	at java.base/java.util.ArrayList.forEach(ArrayList.java:1511)

[ERROR] dec.core.starter.access.ProtectedAccessProductionCompositionTest.case_case_p2_td_runtime_target_substitution_001 -- Time elapsed: 0.002 s <<< FAILURE!
org.opentest4j.AssertionFailedError: P2 RED [CASE-P2-TD-RUNTIME-TARGET-SUBSTITUTION-001]: missing production contract dec.core.model.runtime.RuntimeModelAccessScope
	at org.junit.jupiter.api.AssertionUtils.fail(AssertionUtils.java:38)
	at org.junit.jupiter.api.Assertions.fail(Assertions.java:138)
	at dec.core.starter.access.ProtectedAccessProductionCompositionTest.observe(ProtectedAccessProductionCompositionTest.java:113)
	at dec.core.starter.access.ProtectedAccessProductionCompositionTest.case_case_p2_td_runtime_target_substitution_001(ProtectedAccessProductionCompositionTest.java:21)
	at java.base/java.lang.reflect.Method.invoke(Method.java:569)
	at java.base/java.util.ArrayList.forEach(ArrayList.java:1511)
	at java.base/java.util.ArrayList.forEach(ArrayList.java:1511)

[ERROR] dec.core.starter.access.ProtectedAccessProductionCompositionTest.case_case_p2_td_production_runtime_registration_binding_001 -- Time elapsed: 0.002 s <<< FAILURE!
org.opentest4j.AssertionFailedError: P2 RED [CASE-P2-TD-PRODUCTION-RUNTIME-REGISTRATION-BINDING-001]: missing production contract dec.core.model.runtime.RuntimeModelAccessScope
	at org.junit.jupiter.api.AssertionUtils.fail(AssertionUtils.java:38)
	at org.junit.jupiter.api.Assertions.fail(Assertions.java:138)
	at dec.core.starter.access.ProtectedAccessProductionCompositionTest.observe(ProtectedAccessProductionCompositionTest.java:113)
	at dec.core.starter.access.ProtectedAccessProductionCompositionTest.case_case_p2_td_production_runtime_registration_binding_001(ProtectedAccessProductionCompositionTest.java:81)
	at java.base/java.lang.reflect.Method.invoke(Method.java:569)
	at java.base/java.util.ArrayList.forEach(ArrayList.java:1511)
	at java.base/java.util.ArrayList.forEach(ArrayList.java:1511)

[ERROR] dec.core.starter.access.ProtectedAccessProductionCompositionTest.case_case_p2_td_ac007_representative_consumer_structure_001 -- Time elapsed: 0.002 s <<< FAILURE!
org.opentest4j.AssertionFailedError: P2 RED [CASE-P2-TD-AC007-REPRESENTATIVE-CONSUMER-STRUCTURE-001]: missing production contract dec.core.model.runtime.RuntimeModelAccessScope
	at org.junit.jupiter.api.AssertionUtils.fail(AssertionUtils.java:38)
	at org.junit.jupiter.api.Assertions.fail(Assertions.java:138)
	at dec.core.starter.access.ProtectedAccessProductionCompositionTest.observe(ProtectedAccessProductionCompositionTest.java:113)
	at dec.core.starter.access.ProtectedAccessProductionCompositionTest.case_case_p2_td_ac007_representative_consumer_structure_001(ProtectedAccessProductionCompositionTest.java:63)
	at java.base/java.lang.reflect.Method.invoke(Method.java:569)
	at java.base/java.util.ArrayList.forEach(ArrayList.java:1511)
	at java.base/java.util.ArrayList.forEach(ArrayList.java:1511)

[ERROR] dec.core.starter.access.ProtectedAccessProductionCompositionTest.case_case_p2_td_production_session_handoff_001 -- Time elapsed: 0.001 s <<< FAILURE!
org.opentest4j.AssertionFailedError: P2 RED [CASE-P2-TD-PRODUCTION-SESSION-HANDOFF-001]: missing production contract dec.core.model.runtime.RuntimeModelAccessScope
	at org.junit.jupiter.api.AssertionUtils.fail(AssertionUtils.java:38)
	at org.junit.jupiter.api.Assertions.fail(Assertions.java:138)
	at dec.core.starter.access.ProtectedAccessProductionCompositionTest.observe(ProtectedAccessProductionCompositionTest.java:113)
	at dec.core.starter.access.ProtectedAccessProductionCompositionTest.case_case_p2_td_production_session_handoff_001(ProtectedAccessProductionCompositionTest.java:93)
	at java.base/java.lang.reflect.Method.invoke(Method.java:569)
	at java.base/java.util.ArrayList.forEach(ArrayList.java:1511)
	at java.base/java.util.ArrayList.forEach(ArrayList.java:1511)

[INFO]
[INFO] Results:
[INFO]
[ERROR] Failures:
[ERROR]   ProtectedAccessProductionCompositionTest.case_case_p2_td_ac007_change_consumer_integration_001:45->observe:113 P2 RED [CASE-P2-TD-AC007-CHANGE-CONSUMER-INTEGRATION-001]: missing production contract dec.core.model.runtime.RuntimeModelAccessScope
[ERROR]   ProtectedAccessProductionCompositionTest.case_case_p2_td_ac007_consumer_parity_001:57->observe:113 P2 RED [CASE-P2-TD-AC007-CONSUMER-PARITY-001]: missing production contract dec.core.model.runtime.RuntimeModelAccessScope
[ERROR]   ProtectedAccessProductionCompositionTest.case_case_p2_td_ac007_custom_action_consumer_integration_001:51->observe:113 P2 RED [CASE-P2-TD-AC007-CUSTOM-ACTION-CONSUMER-INTEGRATION-001]: missing production contract dec.core.model.runtime.RuntimeModelAccessScope
[ERROR]   ProtectedAccessProductionCompositionTest.case_case_p2_td_ac007_production_composition_001:33->observe:113 P2 RED [CASE-P2-TD-AC007-PRODUCTION-COMPOSITION-001]: missing production contract dec.core.model.runtime.RuntimeModelAccessScope
[ERROR]   ProtectedAccessProductionCompositionTest.case_case_p2_td_ac007_real_production_reachability_001:69->observe:113 P2 RED [CASE-P2-TD-AC007-REAL-PRODUCTION-REACHABILITY-001]: missing production contract dec.core.model.runtime.RuntimeModelAccessScope
[ERROR]   ProtectedAccessProductionCompositionTest.case_case_p2_td_ac007_representative_consumer_structure_001:63->observe:113 P2 RED [CASE-P2-TD-AC007-REPRESENTATIVE-CONSUMER-STRUCTURE-001]: missing production contract dec.core.model.runtime.RuntimeModelAccessScope
[ERROR]   ProtectedAccessProductionCompositionTest.case_case_p2_td_ac007_rule_consumer_integration_001:39->observe:113 P2 RED [CASE-P2-TD-AC007-RULE-CONSUMER-INTEGRATION-001]: missing production contract dec.core.model.runtime.RuntimeModelAccessScope
[ERROR]   ProtectedAccessProductionCompositionTest.case_case_p2_td_composition_failure_algebra_001:105->observe:113 P2 RED [CASE-P2-TD-COMPOSITION-FAILURE-ALGEBRA-001]: missing production contract dec.core.model.runtime.RuntimeModelAccessScope
[ERROR]   ProtectedAccessProductionCompositionTest.case_case_p2_td_composition_runtime_context_match_001:75->observe:113 P2 RED [CASE-P2-TD-COMPOSITION-RUNTIME-CONTEXT-MATCH-001]: missing production contract dec.core.model.runtime.RuntimeModelAccessScope
[ERROR]   ProtectedAccessProductionCompositionTest.case_case_p2_td_model_effect_provider_binding_001:15->observe:113 P2 RED [CASE-P2-TD-MODEL-EFFECT-PROVIDER-BINDING-001]: missing production contract dec.core.model.runtime.RuntimeModelAccessScope
[ERROR]   ProtectedAccessProductionCompositionTest.case_case_p2_td_production_frame_handoff_001:87->observe:113 P2 RED [CASE-P2-TD-PRODUCTION-FRAME-HANDOFF-001]: missing production contract dec.core.model.runtime.RuntimeModelAccessScope
[ERROR]   ProtectedAccessProductionCompositionTest.case_case_p2_td_production_runtime_registration_binding_001:81->observe:113 P2 RED [CASE-P2-TD-PRODUCTION-RUNTIME-REGISTRATION-BINDING-001]: missing production contract dec.core.model.runtime.RuntimeModelAccessScope
[ERROR]   ProtectedAccessProductionCompositionTest.case_case_p2_td_production_seam_no_legal_bypass_001:27->observe:113 P2 RED [CASE-P2-TD-PRODUCTION-SEAM-NO-LEGAL-BYPASS-001]: missing production contract dec.core.model.runtime.RuntimeModelAccessScope
[ERROR]   ProtectedAccessProductionCompositionTest.case_case_p2_td_production_session_handoff_001:93->observe:113 P2 RED [CASE-P2-TD-PRODUCTION-SESSION-HANDOFF-001]: missing production contract dec.core.model.runtime.RuntimeModelAccessScope
[ERROR]   ProtectedAccessProductionCompositionTest.case_case_p2_td_runtime_scope_provenance_001:99->observe:113 P2 RED [CASE-P2-TD-RUNTIME-SCOPE-PROVENANCE-001]: missing production contract dec.core.model.runtime.RuntimeModelAccessScope
[ERROR]   ProtectedAccessProductionCompositionTest.case_case_p2_td_runtime_target_substitution_001:21->observe:113 P2 RED [CASE-P2-TD-RUNTIME-TARGET-SUBSTITUTION-001]: missing production contract dec.core.model.runtime.RuntimeModelAccessScope
[INFO]
[ERROR] Tests run: 16, Failures: 16, Errors: 0, Skipped: 0
[INFO]
[INFO] ------------------------------------------------------------------------
[INFO] BUILD FAILURE
[INFO] ------------------------------------------------------------------------
[INFO] Total time:  2.071 s
[INFO] Finished at: 2026-08-11T05:30:45Z
[INFO] ------------------------------------------------------------------------
[ERROR] Failed to execute goal org.apache.maven.plugins:maven-surefire-plugin:3.2.5:test (default-test) on project dec-core-starter: There are test failures.
[ERROR]
[ERROR] Please refer to /home/runner/work/doc-eq-code-Dgremlin/doc-eq-code-Dgremlin/dec-core-starter/target/surefire-reports for the individual test results.
[ERROR] Please refer to dump files (if any exist) [date].dump, [date]-jvmRun[N].dump and [date].dumpstream.
[ERROR] -> [Help 1]
[ERROR]
[ERROR] To see the full stack trace of the errors, re-run Maven with the -e switch.
[ERROR] Re-run Maven using the -X switch to enable full debug logging.
[ERROR]
[ERROR] For more information about the errors and possible solutions, please read the following articles:
[ERROR] [Help 1] http://cwiki.apache.org/confluence/display/MAVEN/MojoFailureException
