[INFO] Scanning for projects...
[INFO]
[INFO] --------------------< doc.eq.code:dec-core-starter >--------------------
[INFO] Building dec-core-starter 1.0
[INFO]   from pom.xml
[INFO] --------------------------------[ jar ]---------------------------------
[INFO]
[INFO] --- enforcer:3.5.0:enforce (enforce-build-toolchain) @ dec-core-starter ---
[INFO] Rule 0: org.apache.maven.enforcer.rules.version.RequireMavenVersion passed
[INFO] Rule 1: org.apache.maven.enforcer.rules.version.RequireJavaVersion passed
[INFO]
[INFO] --- jacoco:0.8.12:prepare-agent (prepare-agent) @ dec-core-starter ---
[INFO] argLine set to -javaagent:/home/runner/.m2/repository/org/jacoco/org.jacoco.agent/0.8.12/org.jacoco.agent-0.8.12-runtime.jar=destfile=/home/runner/work/doc-eq-code-Dgremlin/doc-eq-code-Dgremlin/dec-core-starter/target/jacoco.exec
[INFO]
[INFO] --- resources:3.4.0:resources (default-resources) @ dec-core-starter ---
[INFO] skip non existing resourceDirectory /home/runner/work/doc-eq-code-Dgremlin/doc-eq-code-Dgremlin/dec-core-starter/src/main/resources
[INFO]
[INFO] --- compiler:3.13.0:compile (default-compile) @ dec-core-starter ---
[INFO] Nothing to compile - all classes are up to date.
[INFO]
[INFO] --- resources:3.4.0:testResources (default-testResources) @ dec-core-starter ---
[INFO] Copying 11 resources from src/test/resources to target/test-classes
[INFO]
[INFO] --- compiler:3.13.0:testCompile (default-testCompile) @ dec-core-starter ---
[INFO] Nothing to compile - all classes are up to date.
[INFO]
[INFO] --- surefire:3.2.5:test (default-test) @ dec-core-starter ---
[INFO] Using auto detected provider org.apache.maven.surefire.junitplatform.JUnitPlatformProvider
[INFO]
[INFO] -------------------------------------------------------
[INFO]  T E S T S
[INFO] -------------------------------------------------------
[INFO] Running dec.core.starter.access.ProtectedAccessConcurrencyTest
[ERROR] Tests run: 3, Failures: 3, Errors: 0, Skipped: 0, Time elapsed: 0.085 s <<< FAILURE! -- in dec.core.starter.access.ProtectedAccessConcurrencyTest
[ERROR] dec.core.starter.access.ProtectedAccessConcurrencyTest.case_case_p2_td_capability_concurrent_consume_001 -- Time elapsed: 0.033 s <<< FAILURE!
org.opentest4j.AssertionFailedError: P2 RED [CASE-P2-TD-CAPABILITY-CONCURRENT-CONSUME-001]: missing production contract dec.core.model.runtime.RuntimeModelSession
	at org.junit.jupiter.api.AssertionUtils.fail(AssertionUtils.java:38)
	at org.junit.jupiter.api.Assertions.fail(Assertions.java:138)
	at dec.core.starter.access.ProtectedAccessConcurrencyTest.observe(ProtectedAccessConcurrencyTest.java:35)
	at dec.core.starter.access.ProtectedAccessConcurrencyTest.case_case_p2_td_capability_concurrent_consume_001(ProtectedAccessConcurrencyTest.java:15)
	at java.base/java.lang.reflect.Method.invoke(Method.java:569)
	at java.base/java.util.ArrayList.forEach(ArrayList.java:1511)
	at java.base/java.util.ArrayList.forEach(ArrayList.java:1511)

[ERROR] dec.core.starter.access.ProtectedAccessConcurrencyTest.case_case_p2_td_cross_session_modeldata_ownership_001 -- Time elapsed: 0.004 s <<< FAILURE!
org.opentest4j.AssertionFailedError: P2 RED [CASE-P2-TD-CROSS-SESSION-MODELDATA-OWNERSHIP-001]: missing production contract dec.core.model.runtime.RuntimeModelSession
	at org.junit.jupiter.api.AssertionUtils.fail(AssertionUtils.java:38)
	at org.junit.jupiter.api.Assertions.fail(Assertions.java:138)
	at dec.core.starter.access.ProtectedAccessConcurrencyTest.observe(ProtectedAccessConcurrencyTest.java:35)
	at dec.core.starter.access.ProtectedAccessConcurrencyTest.case_case_p2_td_cross_session_modeldata_ownership_001(ProtectedAccessConcurrencyTest.java:27)
	at java.base/java.lang.reflect.Method.invoke(Method.java:569)
	at java.base/java.util.ArrayList.forEach(ArrayList.java:1511)
	at java.base/java.util.ArrayList.forEach(ArrayList.java:1511)

[ERROR] dec.core.starter.access.ProtectedAccessConcurrencyTest.case_case_p2_td_different_capability_concurrency_001 -- Time elapsed: 0.004 s <<< FAILURE!
org.opentest4j.AssertionFailedError: P2 RED [CASE-P2-TD-DIFFERENT-CAPABILITY-CONCURRENCY-001]: missing production contract dec.core.model.runtime.RuntimeModelSession
	at org.junit.jupiter.api.AssertionUtils.fail(AssertionUtils.java:38)
	at org.junit.jupiter.api.Assertions.fail(Assertions.java:138)
	at dec.core.starter.access.ProtectedAccessConcurrencyTest.observe(ProtectedAccessConcurrencyTest.java:35)
	at dec.core.starter.access.ProtectedAccessConcurrencyTest.case_case_p2_td_different_capability_concurrency_001(ProtectedAccessConcurrencyTest.java:21)
	at java.base/java.lang.reflect.Method.invoke(Method.java:569)
	at java.base/java.util.ArrayList.forEach(ArrayList.java:1511)
	at java.base/java.util.ArrayList.forEach(ArrayList.java:1511)

[INFO]
[INFO] Results:
[INFO]
[ERROR] Failures:
[ERROR]   ProtectedAccessConcurrencyTest.case_case_p2_td_capability_concurrent_consume_001:15->observe:35 P2 RED [CASE-P2-TD-CAPABILITY-CONCURRENT-CONSUME-001]: missing production contract dec.core.model.runtime.RuntimeModelSession
[ERROR]   ProtectedAccessConcurrencyTest.case_case_p2_td_cross_session_modeldata_ownership_001:27->observe:35 P2 RED [CASE-P2-TD-CROSS-SESSION-MODELDATA-OWNERSHIP-001]: missing production contract dec.core.model.runtime.RuntimeModelSession
[ERROR]   ProtectedAccessConcurrencyTest.case_case_p2_td_different_capability_concurrency_001:21->observe:35 P2 RED [CASE-P2-TD-DIFFERENT-CAPABILITY-CONCURRENCY-001]: missing production contract dec.core.model.runtime.RuntimeModelSession
[INFO]
[ERROR] Tests run: 3, Failures: 3, Errors: 0, Skipped: 0
[INFO]
[INFO] ------------------------------------------------------------------------
[INFO] BUILD FAILURE
[INFO] ------------------------------------------------------------------------
[INFO] Total time:  2.031 s
[INFO] Finished at: 2026-08-11T05:30:49Z
[INFO] ------------------------------------------------------------------------
[ERROR] Failed to execute goal org.apache.maven.plugins:maven-surefire-plugin:3.2.5:test (default-test) on project dec-core-starter: There are test failures.
[ERROR]
[ERROR] Please refer to /home/runner/work/doc-eq-code-Dgremlin/doc-eq-code-Dgremlin/dec-core-starter/target/surefire-reports for the individual test results.
[ERROR] Please refer to dump files (if any exist) [date].dump, [date]-jvmRun[N].dump and [date].dumpstream.
[ERROR] -> [Help 1]
[ERROR]
[ERROR] To see the full stack trace of the errors, re-run Maven with the -e switch.
[ERROR] Re-run Maven using the -X switch to enable full debug logging.
[ERROR]
[ERROR] For more information about the errors and possible solutions, please read the following articles:
[ERROR] [Help 1] http://cwiki.apache.org/confluence/display/MAVEN/MojoFailureException
