[INFO] Scanning for projects...
[INFO]
[INFO] ------------------------< doc.eq.code:dec-demo >------------------------
[INFO] Building dec-demo 1.0
[INFO]   from pom.xml
[INFO] --------------------------------[ jar ]---------------------------------
[INFO]
[INFO] --- enforcer:3.5.0:enforce (enforce-build-toolchain) @ dec-demo ---
[INFO] Rule 0: org.apache.maven.enforcer.rules.version.RequireMavenVersion passed
[INFO] Rule 1: org.apache.maven.enforcer.rules.version.RequireJavaVersion passed
[INFO]
[INFO] --- jacoco:0.8.12:prepare-agent (prepare-agent) @ dec-demo ---
[INFO] argLine set to -javaagent:/home/runner/.m2/repository/org/jacoco/org.jacoco.agent/0.8.12/org.jacoco.agent-0.8.12-runtime.jar=destfile=/home/runner/work/doc-eq-code-Dgremlin/doc-eq-code-Dgremlin/dec-demo/target/jacoco.exec
[INFO]
[INFO] --- resources:3.4.0:resources (default-resources) @ dec-demo ---
[INFO] Copying 50 resources from src/main/resources to target/classes
[INFO]
[INFO] --- compiler:3.13.0:compile (default-compile) @ dec-demo ---
[INFO] Nothing to compile - all classes are up to date.
[INFO]
[INFO] --- resources:3.4.0:testResources (default-testResources) @ dec-demo ---
[INFO] Copying 52 resources from src/test/resources to target/test-classes
[INFO]
[INFO] --- compiler:3.13.0:testCompile (default-testCompile) @ dec-demo ---
[INFO] Recompiling the module because of changed source code.
[INFO] Compiling 8 source files with javac [debug release 8] to target/test-classes
[INFO]
[INFO] --- surefire:3.2.5:test (default-test) @ dec-demo ---
[INFO] Using auto detected provider org.apache.maven.surefire.junitplatform.JUnitPlatformProvider
[INFO]
[INFO] -------------------------------------------------------
[INFO]  T E S T S
[INFO] -------------------------------------------------------
[INFO] Running dec.demo.p2.P2RealFixtureIntegrationTest
[ERROR] Tests run: 2, Failures: 2, Errors: 0, Skipped: 0, Time elapsed: 0.087 s <<< FAILURE! -- in dec.demo.p2.P2RealFixtureIntegrationTest
[ERROR] dec.demo.p2.P2RealFixtureIntegrationTest.case_case_p2_td_source_to_read_write_operation_001 -- Time elapsed: 0.041 s <<< FAILURE!
org.opentest4j.AssertionFailedError: P2 RED [CASE-P2-TD-SOURCE-TO-READ-WRITE-OPERATION-001]: missing production contract dec.core.model.runtime.RuntimeModelExecutionRoot
	at org.junit.jupiter.api.AssertionUtils.fail(AssertionUtils.java:38)
	at org.junit.jupiter.api.Assertions.fail(Assertions.java:138)
	at dec.demo.p2.P2RealFixtureIntegrationTest.observe(P2RealFixtureIntegrationTest.java:29)
	at dec.demo.p2.P2RealFixtureIntegrationTest.case_case_p2_td_source_to_read_write_operation_001(P2RealFixtureIntegrationTest.java:21)
	at java.base/java.lang.reflect.Method.invoke(Method.java:569)
	at java.base/java.util.ArrayList.forEach(ArrayList.java:1511)
	at java.base/java.util.ArrayList.forEach(ArrayList.java:1511)

[ERROR] dec.demo.p2.P2RealFixtureIntegrationTest.case_case_p2_td_dynamic_classifier_real_001 -- Time elapsed: 0.004 s <<< FAILURE!
org.opentest4j.AssertionFailedError: P2 RED [CASE-P2-TD-DYNAMIC-CLASSIFIER-REAL-001]: missing production contract dec.core.model.runtime.RuntimeModelExecutionRoot
	at org.junit.jupiter.api.AssertionUtils.fail(AssertionUtils.java:38)
	at org.junit.jupiter.api.Assertions.fail(Assertions.java:138)
	at dec.demo.p2.P2RealFixtureIntegrationTest.observe(P2RealFixtureIntegrationTest.java:29)
	at dec.demo.p2.P2RealFixtureIntegrationTest.case_case_p2_td_dynamic_classifier_real_001(P2RealFixtureIntegrationTest.java:15)
	at java.base/java.lang.reflect.Method.invoke(Method.java:569)
	at java.base/java.util.ArrayList.forEach(ArrayList.java:1511)
	at java.base/java.util.ArrayList.forEach(ArrayList.java:1511)

[INFO]
[INFO] Results:
[INFO]
[ERROR] Failures:
[ERROR]   P2RealFixtureIntegrationTest.case_case_p2_td_dynamic_classifier_real_001:15->observe:29 P2 RED [CASE-P2-TD-DYNAMIC-CLASSIFIER-REAL-001]: missing production contract dec.core.model.runtime.RuntimeModelExecutionRoot
[ERROR]   P2RealFixtureIntegrationTest.case_case_p2_td_source_to_read_write_operation_001:21->observe:29 P2 RED [CASE-P2-TD-SOURCE-TO-READ-WRITE-OPERATION-001]: missing production contract dec.core.model.runtime.RuntimeModelExecutionRoot
[INFO]
[ERROR] Tests run: 2, Failures: 2, Errors: 0, Skipped: 0
[INFO]
[INFO] ------------------------------------------------------------------------
[INFO] BUILD FAILURE
[INFO] ------------------------------------------------------------------------
[INFO] Total time:  3.018 s
[INFO] Finished at: 2026-08-11T05:31:03Z
[INFO] ------------------------------------------------------------------------
[ERROR] Failed to execute goal org.apache.maven.plugins:maven-surefire-plugin:3.2.5:test (default-test) on project dec-demo: There are test failures.
[ERROR]
[ERROR] Please refer to /home/runner/work/doc-eq-code-Dgremlin/doc-eq-code-Dgremlin/dec-demo/target/surefire-reports for the individual test results.
[ERROR] Please refer to dump files (if any exist) [date].dump, [date]-jvmRun[N].dump and [date].dumpstream.
[ERROR] -> [Help 1]
[ERROR]
[ERROR] To see the full stack trace of the errors, re-run Maven with the -e switch.
[ERROR] Re-run Maven using the -X switch to enable full debug logging.
[ERROR]
[ERROR] For more information about the errors and possible solutions, please read the following articles:
[ERROR] [Help 1] http://cwiki.apache.org/confluence/display/MAVEN/MojoFailureException
