[INFO] Scanning for projects...
[INFO]
[INFO] ---------------------< doc.eq.code:dec-core-model >---------------------
[INFO] Building dec-core-model 1.0
[INFO]   from pom.xml
[INFO] --------------------------------[ jar ]---------------------------------
[INFO]
[INFO] --- enforcer:3.5.0:enforce (enforce-build-toolchain) @ dec-core-model ---
[INFO] Rule 0: org.apache.maven.enforcer.rules.version.RequireMavenVersion passed
[INFO] Rule 1: org.apache.maven.enforcer.rules.version.RequireJavaVersion passed
[INFO]
[INFO] --- jacoco:0.8.12:prepare-agent (prepare-agent) @ dec-core-model ---
[INFO] argLine set to -javaagent:/home/runner/.m2/repository/org/jacoco/org.jacoco.agent/0.8.12/org.jacoco.agent-0.8.12-runtime.jar=destfile=/home/runner/work/doc-eq-code-Dgremlin/doc-eq-code-Dgremlin/dec-core-model/target/jacoco.exec
[INFO]
[INFO] --- resources:3.4.0:resources (default-resources) @ dec-core-model ---
[INFO] skip non existing resourceDirectory /home/runner/work/doc-eq-code-Dgremlin/doc-eq-code-Dgremlin/dec-core-model/src/main/resources
[INFO]
[INFO] --- compiler:3.13.0:compile (default-compile) @ dec-core-model ---
[INFO] Nothing to compile - all classes are up to date.
[INFO]
[INFO] --- resources:3.4.0:testResources (default-testResources) @ dec-core-model ---
[INFO] skip non existing resourceDirectory /home/runner/work/doc-eq-code-Dgremlin/doc-eq-code-Dgremlin/dec-core-model/src/test/resources
[INFO]
[INFO] --- compiler:3.13.0:testCompile (default-testCompile) @ dec-core-model ---
[INFO] Nothing to compile - all classes are up to date.
[INFO]
[INFO] --- surefire:3.2.5:test (default-test) @ dec-core-model ---
[INFO] Using auto detected provider org.apache.maven.surefire.junitplatform.JUnitPlatformProvider
[INFO]
[INFO] -------------------------------------------------------
[INFO]  T E S T S
[INFO] -------------------------------------------------------
[INFO] Running dec.core.model.runtime.RuntimeModelMaterializationIntegrationTest
[ERROR] Tests run: 12, Failures: 12, Errors: 0, Skipped: 0, Time elapsed: 0.114 s <<< FAILURE! -- in dec.core.model.runtime.RuntimeModelMaterializationIntegrationTest
[ERROR] dec.core.model.runtime.RuntimeModelMaterializationIntegrationTest.case_case_p2_td_compiled_view_materialization_plan_001 -- Time elapsed: 0.032 s <<< FAILURE!
org.opentest4j.AssertionFailedError: P2 RED [CASE-P2-TD-COMPILED-VIEW-MATERIALIZATION-PLAN-001]: missing production contract dec.core.context.model.CompiledViewMaterializationPlan
	at org.junit.jupiter.api.AssertionUtils.fail(AssertionUtils.java:38)
	at org.junit.jupiter.api.Assertions.fail(Assertions.java:138)
	at dec.core.model.runtime.RuntimeModelMaterializationIntegrationTest.observe(RuntimeModelMaterializationIntegrationTest.java:89)
	at dec.core.model.runtime.RuntimeModelMaterializationIntegrationTest.case_case_p2_td_compiled_view_materialization_plan_001(RuntimeModelMaterializationIntegrationTest.java:51)
	at java.base/java.lang.reflect.Method.invoke(Method.java:569)
	at java.base/java.util.ArrayList.forEach(ArrayList.java:1511)
	at java.base/java.util.ArrayList.forEach(ArrayList.java:1511)

[ERROR] dec.core.model.runtime.RuntimeModelMaterializationIntegrationTest.case_case_p2_td_trusted_materialization_input_001 -- Time elapsed: 0.003 s <<< FAILURE!
org.opentest4j.AssertionFailedError: P2 RED [CASE-P2-TD-TRUSTED-MATERIALIZATION-INPUT-001]: missing production contract dec.core.context.model.CompiledViewMaterializationPlan
	at org.junit.jupiter.api.AssertionUtils.fail(AssertionUtils.java:38)
	at org.junit.jupiter.api.Assertions.fail(Assertions.java:138)
	at dec.core.model.runtime.RuntimeModelMaterializationIntegrationTest.observe(RuntimeModelMaterializationIntegrationTest.java:89)
	at dec.core.model.runtime.RuntimeModelMaterializationIntegrationTest.case_case_p2_td_trusted_materialization_input_001(RuntimeModelMaterializationIntegrationTest.java:39)
	at java.base/java.lang.reflect.Method.invoke(Method.java:569)
	at java.base/java.util.ArrayList.forEach(ArrayList.java:1511)
	at java.base/java.util.ArrayList.forEach(ArrayList.java:1511)

[ERROR] dec.core.model.runtime.RuntimeModelMaterializationIntegrationTest.case_case_p2_td_production_load_plan_mismatch_001 -- Time elapsed: 0.002 s <<< FAILURE!
org.opentest4j.AssertionFailedError: P2 RED [CASE-P2-TD-PRODUCTION-LOAD-PLAN-MISMATCH-001]: missing production contract dec.core.context.model.CompiledViewMaterializationPlan
	at org.junit.jupiter.api.AssertionUtils.fail(AssertionUtils.java:38)
	at org.junit.jupiter.api.Assertions.fail(Assertions.java:138)
	at dec.core.model.runtime.RuntimeModelMaterializationIntegrationTest.observe(RuntimeModelMaterializationIntegrationTest.java:89)
	at dec.core.model.runtime.RuntimeModelMaterializationIntegrationTest.case_case_p2_td_production_load_plan_mismatch_001(RuntimeModelMaterializationIntegrationTest.java:21)
	at java.base/java.lang.reflect.Method.invoke(Method.java:569)
	at java.base/java.util.ArrayList.forEach(ArrayList.java:1511)
	at java.base/java.util.ArrayList.forEach(ArrayList.java:1511)

[ERROR] dec.core.model.runtime.RuntimeModelMaterializationIntegrationTest.case_case_p2_td_model_execution_root_load_001 -- Time elapsed: 0.003 s <<< FAILURE!
org.opentest4j.AssertionFailedError: P2 RED [CASE-P2-TD-MODEL-EXECUTION-ROOT-LOAD-001]: missing production contract dec.core.context.model.CompiledViewMaterializationPlan
	at org.junit.jupiter.api.AssertionUtils.fail(AssertionUtils.java:38)
	at org.junit.jupiter.api.Assertions.fail(Assertions.java:138)
	at dec.core.model.runtime.RuntimeModelMaterializationIntegrationTest.observe(RuntimeModelMaterializationIntegrationTest.java:89)
	at dec.core.model.runtime.RuntimeModelMaterializationIntegrationTest.case_case_p2_td_model_execution_root_load_001(RuntimeModelMaterializationIntegrationTest.java:75)
	at java.base/java.lang.reflect.Method.invoke(Method.java:569)
	at java.base/java.util.ArrayList.forEach(ArrayList.java:1511)
	at java.base/java.util.ArrayList.forEach(ArrayList.java:1511)

[ERROR] dec.core.model.runtime.RuntimeModelMaterializationIntegrationTest.case_case_p2_td_trusted_materialization_exact_view_001 -- Time elapsed: 0.004 s <<< FAILURE!
org.opentest4j.AssertionFailedError: P2 RED [CASE-P2-TD-TRUSTED-MATERIALIZATION-EXACT-VIEW-001]: missing production contract dec.core.context.model.CompiledViewMaterializationPlan
	at org.junit.jupiter.api.AssertionUtils.fail(AssertionUtils.java:38)
	at org.junit.jupiter.api.Assertions.fail(Assertions.java:138)
	at dec.core.model.runtime.RuntimeModelMaterializationIntegrationTest.observe(RuntimeModelMaterializationIntegrationTest.java:89)
	at dec.core.model.runtime.RuntimeModelMaterializationIntegrationTest.case_case_p2_td_trusted_materialization_exact_view_001(RuntimeModelMaterializationIntegrationTest.java:45)
	at java.base/java.lang.reflect.Method.invoke(Method.java:569)
	at java.base/java.util.ArrayList.forEach(ArrayList.java:1511)
	at java.base/java.util.ArrayList.forEach(ArrayList.java:1511)

[ERROR] dec.core.model.runtime.RuntimeModelMaterializationIntegrationTest.case_case_p2_td_production_container_trust_boundary_001 -- Time elapsed: 0.003 s <<< FAILURE!
org.opentest4j.AssertionFailedError: P2 RED [CASE-P2-TD-PRODUCTION-CONTAINER-TRUST-BOUNDARY-001]: missing production contract dec.core.context.model.CompiledViewMaterializationPlan
	at org.junit.jupiter.api.AssertionUtils.fail(AssertionUtils.java:38)
	at org.junit.jupiter.api.Assertions.fail(Assertions.java:138)
	at dec.core.model.runtime.RuntimeModelMaterializationIntegrationTest.observe(RuntimeModelMaterializationIntegrationTest.java:89)
	at dec.core.model.runtime.RuntimeModelMaterializationIntegrationTest.case_case_p2_td_production_container_trust_boundary_001(RuntimeModelMaterializationIntegrationTest.java:33)
	at java.base/java.lang.reflect.Method.invoke(Method.java:569)
	at java.base/java.util.ArrayList.forEach(ArrayList.java:1511)
	at java.base/java.util.ArrayList.forEach(ArrayList.java:1511)

[ERROR] dec.core.model.runtime.RuntimeModelMaterializationIntegrationTest.case_case_p2_td_production_object_writeback_001 -- Time elapsed: 0.003 s <<< FAILURE!
org.opentest4j.AssertionFailedError: P2 RED [CASE-P2-TD-PRODUCTION-OBJECT-WRITEBACK-001]: missing production contract dec.core.context.model.CompiledViewMaterializationPlan
	at org.junit.jupiter.api.AssertionUtils.fail(AssertionUtils.java:38)
	at org.junit.jupiter.api.Assertions.fail(Assertions.java:138)
	at dec.core.model.runtime.RuntimeModelMaterializationIntegrationTest.observe(RuntimeModelMaterializationIntegrationTest.java:89)
	at dec.core.model.runtime.RuntimeModelMaterializationIntegrationTest.case_case_p2_td_production_object_writeback_001(RuntimeModelMaterializationIntegrationTest.java:57)
	at java.base/java.lang.reflect.Method.invoke(Method.java:569)
	at java.base/java.util.ArrayList.forEach(ArrayList.java:1511)
	at java.base/java.util.ArrayList.forEach(ArrayList.java:1511)

[ERROR] dec.core.model.runtime.RuntimeModelMaterializationIntegrationTest.case_case_p2_td_production_modeldata_identity_001 -- Time elapsed: 0.005 s <<< FAILURE!
org.opentest4j.AssertionFailedError: P2 RED [CASE-P2-TD-PRODUCTION-MODELDATA-IDENTITY-001]: missing production contract dec.core.context.model.CompiledViewMaterializationPlan
	at org.junit.jupiter.api.AssertionUtils.fail(AssertionUtils.java:38)
	at org.junit.jupiter.api.Assertions.fail(Assertions.java:138)
	at dec.core.model.runtime.RuntimeModelMaterializationIntegrationTest.observe(RuntimeModelMaterializationIntegrationTest.java:89)
	at dec.core.model.runtime.RuntimeModelMaterializationIntegrationTest.case_case_p2_td_production_modeldata_identity_001(RuntimeModelMaterializationIntegrationTest.java:27)
	at java.base/java.lang.reflect.Method.invoke(Method.java:569)
	at java.base/java.util.ArrayList.forEach(ArrayList.java:1511)
	at java.base/java.util.ArrayList.forEach(ArrayList.java:1511)

[ERROR] dec.core.model.runtime.RuntimeModelMaterializationIntegrationTest.case_case_p2_td_trusted_frame_precondition_failure_matrix_001 -- Time elapsed: 0.003 s <<< FAILURE!
org.opentest4j.AssertionFailedError: P2 RED [CASE-P2-TD-TRUSTED-FRAME-PRECONDITION-FAILURE-MATRIX-001]: missing production contract dec.core.context.model.CompiledViewMaterializationPlan
	at org.junit.jupiter.api.AssertionUtils.fail(AssertionUtils.java:38)
	at org.junit.jupiter.api.Assertions.fail(Assertions.java:138)
	at dec.core.model.runtime.RuntimeModelMaterializationIntegrationTest.observe(RuntimeModelMaterializationIntegrationTest.java:89)
	at dec.core.model.runtime.RuntimeModelMaterializationIntegrationTest.case_case_p2_td_trusted_frame_precondition_failure_matrix_001(RuntimeModelMaterializationIntegrationTest.java:69)
	at java.base/java.lang.reflect.Method.invoke(Method.java:569)
	at java.base/java.util.ArrayList.forEach(ArrayList.java:1511)
	at java.base/java.util.ArrayList.forEach(ArrayList.java:1511)

[ERROR] dec.core.model.runtime.RuntimeModelMaterializationIntegrationTest.case_case_p2_td_production_load_request_001 -- Time elapsed: 0.002 s <<< FAILURE!
org.opentest4j.AssertionFailedError: P2 RED [CASE-P2-TD-PRODUCTION-LOAD-REQUEST-001]: missing production contract dec.core.context.model.CompiledViewMaterializationPlan
	at org.junit.jupiter.api.AssertionUtils.fail(AssertionUtils.java:38)
	at org.junit.jupiter.api.Assertions.fail(Assertions.java:138)
	at dec.core.model.runtime.RuntimeModelMaterializationIntegrationTest.observe(RuntimeModelMaterializationIntegrationTest.java:89)
	at dec.core.model.runtime.RuntimeModelMaterializationIntegrationTest.case_case_p2_td_production_load_request_001(RuntimeModelMaterializationIntegrationTest.java:15)
	at java.base/java.lang.reflect.Method.invoke(Method.java:569)
	at java.base/java.util.ArrayList.forEach(ArrayList.java:1511)
	at java.base/java.util.ArrayList.forEach(ArrayList.java:1511)

[ERROR] dec.core.model.runtime.RuntimeModelMaterializationIntegrationTest.case_case_p2_td_r26_fresh_snapshot_seam_absent_001 -- Time elapsed: 0.001 s <<< FAILURE!
org.opentest4j.AssertionFailedError: P2 RED [CASE-P2-TD-R26-FRESH-SNAPSHOT-SEAM-ABSENT-001]: missing production contract dec.core.context.model.CompiledViewMaterializationPlan
	at org.junit.jupiter.api.AssertionUtils.fail(AssertionUtils.java:38)
	at org.junit.jupiter.api.Assertions.fail(Assertions.java:138)
	at dec.core.model.runtime.RuntimeModelMaterializationIntegrationTest.observe(RuntimeModelMaterializationIntegrationTest.java:89)
	at dec.core.model.runtime.RuntimeModelMaterializationIntegrationTest.case_case_p2_td_r26_fresh_snapshot_seam_absent_001(RuntimeModelMaterializationIntegrationTest.java:63)
	at java.base/java.lang.reflect.Method.invoke(Method.java:569)
	at java.base/java.util.ArrayList.forEach(ArrayList.java:1511)
	at java.base/java.util.ArrayList.forEach(ArrayList.java:1511)

[ERROR] dec.core.model.runtime.RuntimeModelMaterializationIntegrationTest.case_case_p2_td_model_scope_producer_001 -- Time elapsed: 0.002 s <<< FAILURE!
org.opentest4j.AssertionFailedError: P2 RED [CASE-P2-TD-MODEL-SCOPE-PRODUCER-001]: missing production contract dec.core.context.model.CompiledViewMaterializationPlan
	at org.junit.jupiter.api.AssertionUtils.fail(AssertionUtils.java:38)
	at org.junit.jupiter.api.Assertions.fail(Assertions.java:138)
	at dec.core.model.runtime.RuntimeModelMaterializationIntegrationTest.observe(RuntimeModelMaterializationIntegrationTest.java:89)
	at dec.core.model.runtime.RuntimeModelMaterializationIntegrationTest.case_case_p2_td_model_scope_producer_001(RuntimeModelMaterializationIntegrationTest.java:81)
	at java.base/java.lang.reflect.Method.invoke(Method.java:569)
	at java.base/java.util.ArrayList.forEach(ArrayList.java:1511)
	at java.base/java.util.ArrayList.forEach(ArrayList.java:1511)

[INFO]
[INFO] Results:
[INFO]
[ERROR] Failures:
[ERROR]   RuntimeModelMaterializationIntegrationTest.case_case_p2_td_compiled_view_materialization_plan_001:51->observe:89 P2 RED [CASE-P2-TD-COMPILED-VIEW-MATERIALIZATION-PLAN-001]: missing production contract dec.core.context.model.CompiledViewMaterializationPlan
[ERROR]   RuntimeModelMaterializationIntegrationTest.case_case_p2_td_model_execution_root_load_001:75->observe:89 P2 RED [CASE-P2-TD-MODEL-EXECUTION-ROOT-LOAD-001]: missing production contract dec.core.context.model.CompiledViewMaterializationPlan
[ERROR]   RuntimeModelMaterializationIntegrationTest.case_case_p2_td_model_scope_producer_001:81->observe:89 P2 RED [CASE-P2-TD-MODEL-SCOPE-PRODUCER-001]: missing production contract dec.core.context.model.CompiledViewMaterializationPlan
[ERROR]   RuntimeModelMaterializationIntegrationTest.case_case_p2_td_production_container_trust_boundary_001:33->observe:89 P2 RED [CASE-P2-TD-PRODUCTION-CONTAINER-TRUST-BOUNDARY-001]: missing production contract dec.core.context.model.CompiledViewMaterializationPlan
[ERROR]   RuntimeModelMaterializationIntegrationTest.case_case_p2_td_production_load_plan_mismatch_001:21->observe:89 P2 RED [CASE-P2-TD-PRODUCTION-LOAD-PLAN-MISMATCH-001]: missing production contract dec.core.context.model.CompiledViewMaterializationPlan
[ERROR]   RuntimeModelMaterializationIntegrationTest.case_case_p2_td_production_load_request_001:15->observe:89 P2 RED [CASE-P2-TD-PRODUCTION-LOAD-REQUEST-001]: missing production contract dec.core.context.model.CompiledViewMaterializationPlan
[ERROR]   RuntimeModelMaterializationIntegrationTest.case_case_p2_td_production_modeldata_identity_001:27->observe:89 P2 RED [CASE-P2-TD-PRODUCTION-MODELDATA-IDENTITY-001]: missing production contract dec.core.context.model.CompiledViewMaterializationPlan
[ERROR]   RuntimeModelMaterializationIntegrationTest.case_case_p2_td_production_object_writeback_001:57->observe:89 P2 RED [CASE-P2-TD-PRODUCTION-OBJECT-WRITEBACK-001]: missing production contract dec.core.context.model.CompiledViewMaterializationPlan
[ERROR]   RuntimeModelMaterializationIntegrationTest.case_case_p2_td_r26_fresh_snapshot_seam_absent_001:63->observe:89 P2 RED [CASE-P2-TD-R26-FRESH-SNAPSHOT-SEAM-ABSENT-001]: missing production contract dec.core.context.model.CompiledViewMaterializationPlan
[ERROR]   RuntimeModelMaterializationIntegrationTest.case_case_p2_td_trusted_frame_precondition_failure_matrix_001:69->observe:89 P2 RED [CASE-P2-TD-TRUSTED-FRAME-PRECONDITION-FAILURE-MATRIX-001]: missing production contract dec.core.context.model.CompiledViewMaterializationPlan
[ERROR]   RuntimeModelMaterializationIntegrationTest.case_case_p2_td_trusted_materialization_exact_view_001:45->observe:89 P2 RED [CASE-P2-TD-TRUSTED-MATERIALIZATION-EXACT-VIEW-001]: missing production contract dec.core.context.model.CompiledViewMaterializationPlan
[ERROR]   RuntimeModelMaterializationIntegrationTest.case_case_p2_td_trusted_materialization_input_001:39->observe:89 P2 RED [CASE-P2-TD-TRUSTED-MATERIALIZATION-INPUT-001]: missing production contract dec.core.context.model.CompiledViewMaterializationPlan
[INFO]
[ERROR] Tests run: 12, Failures: 12, Errors: 0, Skipped: 0
[INFO]
[INFO] ------------------------------------------------------------------------
[INFO] BUILD FAILURE
[INFO] ------------------------------------------------------------------------
[INFO] Total time:  2.063 s
[INFO] Finished at: 2026-08-11T05:30:22Z
[INFO] ------------------------------------------------------------------------
[ERROR] Failed to execute goal org.apache.maven.plugins:maven-surefire-plugin:3.2.5:test (default-test) on project dec-core-model: There are test failures.
[ERROR]
[ERROR] Please refer to /home/runner/work/doc-eq-code-Dgremlin/doc-eq-code-Dgremlin/dec-core-model/target/surefire-reports for the individual test results.
[ERROR] Please refer to dump files (if any exist) [date].dump, [date]-jvmRun[N].dump and [date].dumpstream.
[ERROR] -> [Help 1]
[ERROR]
[ERROR] To see the full stack trace of the errors, re-run Maven with the -e switch.
[ERROR] Re-run Maven using the -X switch to enable full debug logging.
[ERROR]
[ERROR] For more information about the errors and possible solutions, please read the following articles:
[ERROR] [Help 1] http://cwiki.apache.org/confluence/display/MAVEN/MojoFailureException
