[INFO] Scanning for projects...
[INFO]
[INFO] -------------------< doc.eq.code:dec-core-compiler >--------------------
[INFO] Building DEC Core Compiler 1.0
[INFO]   from pom.xml
[INFO] --------------------------------[ jar ]---------------------------------
[INFO]
[INFO] --- enforcer:3.5.0:enforce (enforce-build-toolchain) @ dec-core-compiler ---
[INFO] Rule 0: org.apache.maven.enforcer.rules.version.RequireMavenVersion passed
[INFO] Rule 1: org.apache.maven.enforcer.rules.version.RequireJavaVersion passed
[INFO]
[INFO] --- jacoco:0.8.12:prepare-agent (prepare-agent) @ dec-core-compiler ---
[INFO] argLine set to -javaagent:/home/runner/.m2/repository/org/jacoco/org.jacoco.agent/0.8.12/org.jacoco.agent-0.8.12-runtime.jar=destfile=/home/runner/work/doc-eq-code-Dgremlin/doc-eq-code-Dgremlin/dec-core-compiler/target/jacoco.exec
[INFO]
[INFO] --- resources:3.4.0:resources (default-resources) @ dec-core-compiler ---
[INFO] skip non existing resourceDirectory /home/runner/work/doc-eq-code-Dgremlin/doc-eq-code-Dgremlin/dec-core-compiler/src/main/resources
[INFO]
[INFO] --- compiler:3.13.0:compile (default-compile) @ dec-core-compiler ---
[INFO] Nothing to compile - all classes are up to date.
[INFO]
[INFO] --- resources:3.4.0:testResources (default-testResources) @ dec-core-compiler ---
[INFO] skip non existing resourceDirectory /home/runner/work/doc-eq-code-Dgremlin/doc-eq-code-Dgremlin/dec-core-compiler/src/test/resources
[INFO] Copying 50 resources from ../dec-demo/src/main/resources to target/test-classes/main-fixture
[INFO] Copying 52 resources from ../dec-demo/src/test/resources to target/test-classes/test-fixture
[INFO]
[INFO] --- compiler:3.13.0:testCompile (default-testCompile) @ dec-core-compiler ---
[INFO] Nothing to compile - all classes are up to date.
[INFO]
[INFO] --- surefire:3.2.5:test (default-test) @ dec-core-compiler ---
[INFO] Using auto detected provider org.apache.maven.surefire.junitplatform.JUnitPlatformProvider
[INFO]
[INFO] -------------------------------------------------------
[INFO]  T E S T S
[INFO] -------------------------------------------------------
[INFO] Running dec.core.compiler.model.access.ModelAccessPolicyContractTest
[ERROR] Tests run: 9, Failures: 9, Errors: 0, Skipped: 0, Time elapsed: 0.096 s <<< FAILURE! -- in dec.core.compiler.model.access.ModelAccessPolicyContractTest
[ERROR] dec.core.compiler.model.access.ModelAccessPolicyContractTest.case_case_p2_td_access_read_write_matrix_001 -- Time elapsed: 0.032 s <<< FAILURE!
org.opentest4j.AssertionFailedError: P2 RED [CASE-P2-TD-ACCESS-READ-WRITE-MATRIX-001]: missing production contract dec.core.context.model.ModelAccessRuleKey
	at org.junit.jupiter.api.AssertionUtils.fail(AssertionUtils.java:38)
	at org.junit.jupiter.api.Assertions.fail(Assertions.java:138)
	at dec.core.compiler.model.access.ModelAccessPolicyContractTest.observe(ModelAccessPolicyContractTest.java:71)
	at dec.core.compiler.model.access.ModelAccessPolicyContractTest.case_case_p2_td_access_read_write_matrix_001(ModelAccessPolicyContractTest.java:21)
	at java.base/java.lang.reflect.Method.invoke(Method.java:569)
	at java.base/java.util.ArrayList.forEach(ArrayList.java:1511)
	at java.base/java.util.ArrayList.forEach(ArrayList.java:1511)

[ERROR] dec.core.compiler.model.access.ModelAccessPolicyContractTest.case_case_p2_td_runtime_plan_exact_binding_001 -- Time elapsed: 0.003 s <<< FAILURE!
org.opentest4j.AssertionFailedError: P2 RED [CASE-P2-TD-RUNTIME-PLAN-EXACT-BINDING-001]: missing production contract dec.core.context.model.ModelAccessRuleKey
	at org.junit.jupiter.api.AssertionUtils.fail(AssertionUtils.java:38)
	at org.junit.jupiter.api.Assertions.fail(Assertions.java:138)
	at dec.core.compiler.model.access.ModelAccessPolicyContractTest.observe(ModelAccessPolicyContractTest.java:71)
	at dec.core.compiler.model.access.ModelAccessPolicyContractTest.case_case_p2_td_runtime_plan_exact_binding_001(ModelAccessPolicyContractTest.java:45)
	at java.base/java.lang.reflect.Method.invoke(Method.java:569)
	at java.base/java.util.ArrayList.forEach(ArrayList.java:1511)
	at java.base/java.util.ArrayList.forEach(ArrayList.java:1511)

[ERROR] dec.core.compiler.model.access.ModelAccessPolicyContractTest.case_case_p2_td_runtime_plan_mismatch_001 -- Time elapsed: 0.002 s <<< FAILURE!
org.opentest4j.AssertionFailedError: P2 RED [CASE-P2-TD-RUNTIME-PLAN-MISMATCH-001]: missing production contract dec.core.context.model.ModelAccessRuleKey
	at org.junit.jupiter.api.AssertionUtils.fail(AssertionUtils.java:38)
	at org.junit.jupiter.api.Assertions.fail(Assertions.java:138)
	at dec.core.compiler.model.access.ModelAccessPolicyContractTest.observe(ModelAccessPolicyContractTest.java:71)
	at dec.core.compiler.model.access.ModelAccessPolicyContractTest.case_case_p2_td_runtime_plan_mismatch_001(ModelAccessPolicyContractTest.java:57)
	at java.base/java.lang.reflect.Method.invoke(Method.java:569)
	at java.base/java.util.ArrayList.forEach(ArrayList.java:1511)
	at java.base/java.util.ArrayList.forEach(ArrayList.java:1511)

[ERROR] dec.core.compiler.model.access.ModelAccessPolicyContractTest.case_case_p2_td_policy_index_publication_001 -- Time elapsed: 0.002 s <<< FAILURE!
org.opentest4j.AssertionFailedError: P2 RED [CASE-P2-TD-POLICY-INDEX-PUBLICATION-001]: missing production contract dec.core.context.model.ModelAccessRuleKey
	at org.junit.jupiter.api.AssertionUtils.fail(AssertionUtils.java:38)
	at org.junit.jupiter.api.Assertions.fail(Assertions.java:138)
	at dec.core.compiler.model.access.ModelAccessPolicyContractTest.observe(ModelAccessPolicyContractTest.java:71)
	at dec.core.compiler.model.access.ModelAccessPolicyContractTest.case_case_p2_td_policy_index_publication_001(ModelAccessPolicyContractTest.java:63)
	at java.base/java.lang.reflect.Method.invoke(Method.java:569)
	at java.base/java.util.ArrayList.forEach(ArrayList.java:1511)
	at java.base/java.util.ArrayList.forEach(ArrayList.java:1511)

[ERROR] dec.core.compiler.model.access.ModelAccessPolicyContractTest.case_case_p2_td_policy_classification_truth_table_001 -- Time elapsed: 0.002 s <<< FAILURE!
org.opentest4j.AssertionFailedError: P2 RED [CASE-P2-TD-POLICY-CLASSIFICATION-TRUTH-TABLE-001]: missing production contract dec.core.context.model.ModelAccessRuleKey
	at org.junit.jupiter.api.AssertionUtils.fail(AssertionUtils.java:38)
	at org.junit.jupiter.api.Assertions.fail(Assertions.java:138)
	at dec.core.compiler.model.access.ModelAccessPolicyContractTest.observe(ModelAccessPolicyContractTest.java:71)
	at dec.core.compiler.model.access.ModelAccessPolicyContractTest.case_case_p2_td_policy_classification_truth_table_001(ModelAccessPolicyContractTest.java:39)
	at java.base/java.lang.reflect.Method.invoke(Method.java:569)
	at java.base/java.util.ArrayList.forEach(ArrayList.java:1511)
	at java.base/java.util.ArrayList.forEach(ArrayList.java:1511)

[ERROR] dec.core.compiler.model.access.ModelAccessPolicyContractTest.case_case_p2_td_static_deny_001 -- Time elapsed: 0.002 s <<< FAILURE!
org.opentest4j.AssertionFailedError: P2 RED [CASE-P2-TD-STATIC-DENY-001]: missing production contract dec.core.context.model.ModelAccessRuleKey
	at org.junit.jupiter.api.AssertionUtils.fail(AssertionUtils.java:38)
	at org.junit.jupiter.api.Assertions.fail(Assertions.java:138)
	at dec.core.compiler.model.access.ModelAccessPolicyContractTest.observe(ModelAccessPolicyContractTest.java:71)
	at dec.core.compiler.model.access.ModelAccessPolicyContractTest.case_case_p2_td_static_deny_001(ModelAccessPolicyContractTest.java:33)
	at java.base/java.lang.reflect.Method.invoke(Method.java:569)
	at java.base/java.util.ArrayList.forEach(ArrayList.java:1511)
	at java.base/java.util.ArrayList.forEach(ArrayList.java:1511)

[ERROR] dec.core.compiler.model.access.ModelAccessPolicyContractTest.case_case_p2_td_parent_path_no_auth_fallback_001 -- Time elapsed: 0.002 s <<< FAILURE!
org.opentest4j.AssertionFailedError: P2 RED [CASE-P2-TD-PARENT-PATH-NO-AUTH-FALLBACK-001]: missing production contract dec.core.context.model.ModelAccessRuleKey
	at org.junit.jupiter.api.AssertionUtils.fail(AssertionUtils.java:38)
	at org.junit.jupiter.api.Assertions.fail(Assertions.java:138)
	at dec.core.compiler.model.access.ModelAccessPolicyContractTest.observe(ModelAccessPolicyContractTest.java:71)
	at dec.core.compiler.model.access.ModelAccessPolicyContractTest.case_case_p2_td_parent_path_no_auth_fallback_001(ModelAccessPolicyContractTest.java:15)
	at java.base/java.lang.reflect.Method.invoke(Method.java:569)
	at java.base/java.util.ArrayList.forEach(ArrayList.java:1511)
	at java.base/java.util.ArrayList.forEach(ArrayList.java:1511)

[ERROR] dec.core.compiler.model.access.ModelAccessPolicyContractTest.case_case_p2_td_runtime_binding_proof_001 -- Time elapsed: 0.002 s <<< FAILURE!
org.opentest4j.AssertionFailedError: P2 RED [CASE-P2-TD-RUNTIME-BINDING-PROOF-001]: missing production contract dec.core.context.model.ModelAccessRuleKey
	at org.junit.jupiter.api.AssertionUtils.fail(AssertionUtils.java:38)
	at org.junit.jupiter.api.Assertions.fail(Assertions.java:138)
	at dec.core.compiler.model.access.ModelAccessPolicyContractTest.observe(ModelAccessPolicyContractTest.java:71)
	at dec.core.compiler.model.access.ModelAccessPolicyContractTest.case_case_p2_td_runtime_binding_proof_001(ModelAccessPolicyContractTest.java:51)
	at java.base/java.lang.reflect.Method.invoke(Method.java:569)
	at java.base/java.util.ArrayList.forEach(ArrayList.java:1511)
	at java.base/java.util.ArrayList.forEach(ArrayList.java:1511)

[ERROR] dec.core.compiler.model.access.ModelAccessPolicyContractTest.case_case_p2_td_no_execute_contract_001 -- Time elapsed: 0.002 s <<< FAILURE!
org.opentest4j.AssertionFailedError: P2 RED [CASE-P2-TD-NO-EXECUTE-CONTRACT-001]: missing production contract dec.core.context.model.ModelAccessRuleKey
	at org.junit.jupiter.api.AssertionUtils.fail(AssertionUtils.java:38)
	at org.junit.jupiter.api.Assertions.fail(Assertions.java:138)
	at dec.core.compiler.model.access.ModelAccessPolicyContractTest.observe(ModelAccessPolicyContractTest.java:71)
	at dec.core.compiler.model.access.ModelAccessPolicyContractTest.case_case_p2_td_no_execute_contract_001(ModelAccessPolicyContractTest.java:27)
	at java.base/java.lang.reflect.Method.invoke(Method.java:569)
	at java.base/java.util.ArrayList.forEach(ArrayList.java:1511)
	at java.base/java.util.ArrayList.forEach(ArrayList.java:1511)

[INFO]
[INFO] Results:
[INFO]
[ERROR] Failures:
[ERROR]   ModelAccessPolicyContractTest.case_case_p2_td_access_read_write_matrix_001:21->observe:71 P2 RED [CASE-P2-TD-ACCESS-READ-WRITE-MATRIX-001]: missing production contract dec.core.context.model.ModelAccessRuleKey
[ERROR]   ModelAccessPolicyContractTest.case_case_p2_td_no_execute_contract_001:27->observe:71 P2 RED [CASE-P2-TD-NO-EXECUTE-CONTRACT-001]: missing production contract dec.core.context.model.ModelAccessRuleKey
[ERROR]   ModelAccessPolicyContractTest.case_case_p2_td_parent_path_no_auth_fallback_001:15->observe:71 P2 RED [CASE-P2-TD-PARENT-PATH-NO-AUTH-FALLBACK-001]: missing production contract dec.core.context.model.ModelAccessRuleKey
[ERROR]   ModelAccessPolicyContractTest.case_case_p2_td_policy_classification_truth_table_001:39->observe:71 P2 RED [CASE-P2-TD-POLICY-CLASSIFICATION-TRUTH-TABLE-001]: missing production contract dec.core.context.model.ModelAccessRuleKey
[ERROR]   ModelAccessPolicyContractTest.case_case_p2_td_policy_index_publication_001:63->observe:71 P2 RED [CASE-P2-TD-POLICY-INDEX-PUBLICATION-001]: missing production contract dec.core.context.model.ModelAccessRuleKey
[ERROR]   ModelAccessPolicyContractTest.case_case_p2_td_runtime_binding_proof_001:51->observe:71 P2 RED [CASE-P2-TD-RUNTIME-BINDING-PROOF-001]: missing production contract dec.core.context.model.ModelAccessRuleKey
[ERROR]   ModelAccessPolicyContractTest.case_case_p2_td_runtime_plan_exact_binding_001:45->observe:71 P2 RED [CASE-P2-TD-RUNTIME-PLAN-EXACT-BINDING-001]: missing production contract dec.core.context.model.ModelAccessRuleKey
[ERROR]   ModelAccessPolicyContractTest.case_case_p2_td_runtime_plan_mismatch_001:57->observe:71 P2 RED [CASE-P2-TD-RUNTIME-PLAN-MISMATCH-001]: missing production contract dec.core.context.model.ModelAccessRuleKey
[ERROR]   ModelAccessPolicyContractTest.case_case_p2_td_static_deny_001:33->observe:71 P2 RED [CASE-P2-TD-STATIC-DENY-001]: missing production contract dec.core.context.model.ModelAccessRuleKey
[INFO]
[ERROR] Tests run: 9, Failures: 9, Errors: 0, Skipped: 0
[INFO]
[INFO] ------------------------------------------------------------------------
[INFO] BUILD FAILURE
[INFO] ------------------------------------------------------------------------
[INFO] Total time:  2.136 s
[INFO] Finished at: 2026-08-11T05:30:04Z
[INFO] ------------------------------------------------------------------------
[ERROR] Failed to execute goal org.apache.maven.plugins:maven-surefire-plugin:3.2.5:test (default-test) on project dec-core-compiler: There are test failures.
[ERROR]
[ERROR] Please refer to /home/runner/work/doc-eq-code-Dgremlin/doc-eq-code-Dgremlin/dec-core-compiler/target/surefire-reports for the individual test results.
[ERROR] Please refer to dump files (if any exist) [date].dump, [date]-jvmRun[N].dump and [date].dumpstream.
[ERROR] -> [Help 1]
[ERROR]
[ERROR] To see the full stack trace of the errors, re-run Maven with the -e switch.
[ERROR] Re-run Maven using the -X switch to enable full debug logging.
[ERROR]
[ERROR] For more information about the errors and possible solutions, please read the following articles:
[ERROR] [Help 1] http://cwiki.apache.org/confluence/display/MAVEN/MojoFailureException
