[INFO] Scanning for projects...
[INFO]
[INFO] -------------------< doc.eq.code:dec-core-compiler >--------------------
[INFO] Building DEC Core Compiler 1.0
[INFO]   from pom.xml
[INFO] --------------------------------[ jar ]---------------------------------
[INFO]
[INFO] --- enforcer:3.5.0:enforce (enforce-build-toolchain) @ dec-core-compiler ---
[INFO] Rule 0: org.apache.maven.enforcer.rules.version.RequireMavenVersion passed
[INFO] Rule 1: org.apache.maven.enforcer.rules.version.RequireJavaVersion passed
[INFO]
[INFO] --- jacoco:0.8.12:prepare-agent (prepare-agent) @ dec-core-compiler ---
[INFO] argLine set to -javaagent:/home/runner/.m2/repository/org/jacoco/org.jacoco.agent/0.8.12/org.jacoco.agent-0.8.12-runtime.jar=destfile=/home/runner/work/doc-eq-code-Dgremlin/doc-eq-code-Dgremlin/dec-core-compiler/target/jacoco.exec
[INFO]
[INFO] --- resources:3.4.0:resources (default-resources) @ dec-core-compiler ---
[INFO] skip non existing resourceDirectory /home/runner/work/doc-eq-code-Dgremlin/doc-eq-code-Dgremlin/dec-core-compiler/src/main/resources
[INFO]
[INFO] --- compiler:3.13.0:compile (default-compile) @ dec-core-compiler ---
[INFO] Nothing to compile - all classes are up to date.
[INFO]
[INFO] --- resources:3.4.0:testResources (default-testResources) @ dec-core-compiler ---
[INFO] skip non existing resourceDirectory /home/runner/work/doc-eq-code-Dgremlin/doc-eq-code-Dgremlin/dec-core-compiler/src/test/resources
[INFO] Copying 50 resources from ../dec-demo/src/main/resources to target/test-classes/main-fixture
[INFO] Copying 52 resources from ../dec-demo/src/test/resources to target/test-classes/test-fixture
[INFO]
[INFO] --- compiler:3.13.0:testCompile (default-testCompile) @ dec-core-compiler ---
[INFO] Nothing to compile - all classes are up to date.
[INFO]
[INFO] --- surefire:3.2.5:test (default-test) @ dec-core-compiler ---
[INFO] Using auto detected provider org.apache.maven.surefire.junitplatform.JUnitPlatformProvider
[INFO]
[INFO] -------------------------------------------------------
[INFO]  T E S T S
[INFO] -------------------------------------------------------
[INFO] Running dec.core.compiler.model.access.TargetKeyModelPathContractTest
[ERROR] Tests run: 11, Failures: 11, Errors: 0, Skipped: 0, Time elapsed: 0.117 s <<< FAILURE! -- in dec.core.compiler.model.access.TargetKeyModelPathContractTest
[ERROR] dec.core.compiler.model.access.TargetKeyModelPathContractTest.case_case_p2_td_nested_object_path_001 -- Time elapsed: 0.037 s <<< FAILURE!
org.opentest4j.AssertionFailedError: P2 RED [CASE-P2-TD-NESTED-OBJECT-PATH-001]: missing production contract dec.core.context.model.TargetKey
	at org.junit.jupiter.api.AssertionUtils.fail(AssertionUtils.java:38)
	at org.junit.jupiter.api.Assertions.fail(Assertions.java:138)
	at dec.core.compiler.model.access.TargetKeyModelPathContractTest.observe(TargetKeyModelPathContractTest.java:83)
	at dec.core.compiler.model.access.TargetKeyModelPathContractTest.case_case_p2_td_nested_object_path_001(TargetKeyModelPathContractTest.java:51)
	at java.base/java.lang.reflect.Method.invoke(Method.java:569)
	at java.base/java.util.ArrayList.forEach(ArrayList.java:1511)
	at java.base/java.util.ArrayList.forEach(ArrayList.java:1511)

[ERROR] dec.core.compiler.model.access.TargetKeyModelPathContractTest.case_case_p2_td_target_path_orthogonality_001 -- Time elapsed: 0.003 s <<< FAILURE!
org.opentest4j.AssertionFailedError: P2 RED [CASE-P2-TD-TARGET-PATH-ORTHOGONALITY-001]: missing production contract dec.core.context.model.TargetKey
	at org.junit.jupiter.api.AssertionUtils.fail(AssertionUtils.java:38)
	at org.junit.jupiter.api.Assertions.fail(Assertions.java:138)
	at dec.core.compiler.model.access.TargetKeyModelPathContractTest.observe(TargetKeyModelPathContractTest.java:83)
	at dec.core.compiler.model.access.TargetKeyModelPathContractTest.case_case_p2_td_target_path_orthogonality_001(TargetKeyModelPathContractTest.java:21)
	at java.base/java.lang.reflect.Method.invoke(Method.java:569)
	at java.base/java.util.ArrayList.forEach(ArrayList.java:1511)
	at java.base/java.util.ArrayList.forEach(ArrayList.java:1511)

[ERROR] dec.core.compiler.model.access.TargetKeyModelPathContractTest.case_case_p2_td_non_composite_intermediate_001 -- Time elapsed: 0.002 s <<< FAILURE!
org.opentest4j.AssertionFailedError: P2 RED [CASE-P2-TD-NON-COMPOSITE-INTERMEDIATE-001]: missing production contract dec.core.context.model.TargetKey
	at org.junit.jupiter.api.AssertionUtils.fail(AssertionUtils.java:38)
	at org.junit.jupiter.api.Assertions.fail(Assertions.java:138)
	at dec.core.compiler.model.access.TargetKeyModelPathContractTest.observe(TargetKeyModelPathContractTest.java:83)
	at dec.core.compiler.model.access.TargetKeyModelPathContractTest.case_case_p2_td_non_composite_intermediate_001(TargetKeyModelPathContractTest.java:63)
	at java.base/java.lang.reflect.Method.invoke(Method.java:569)
	at java.base/java.util.ArrayList.forEach(ArrayList.java:1511)
	at java.base/java.util.ArrayList.forEach(ArrayList.java:1511)

[ERROR] dec.core.compiler.model.access.TargetKeyModelPathContractTest.case_case_p2_td_wildcard_finite_expansion_001 -- Time elapsed: 0.002 s <<< FAILURE!
org.opentest4j.AssertionFailedError: P2 RED [CASE-P2-TD-WILDCARD-FINITE-EXPANSION-001]: missing production contract dec.core.context.model.TargetKey
	at org.junit.jupiter.api.AssertionUtils.fail(AssertionUtils.java:38)
	at org.junit.jupiter.api.Assertions.fail(Assertions.java:138)
	at dec.core.compiler.model.access.TargetKeyModelPathContractTest.observe(TargetKeyModelPathContractTest.java:83)
	at dec.core.compiler.model.access.TargetKeyModelPathContractTest.case_case_p2_td_wildcard_finite_expansion_001(TargetKeyModelPathContractTest.java:33)
	at java.base/java.lang.reflect.Method.invoke(Method.java:569)
	at java.base/java.util.ArrayList.forEach(ArrayList.java:1511)
	at java.base/java.util.ArrayList.forEach(ArrayList.java:1511)

[ERROR] dec.core.compiler.model.access.TargetKeyModelPathContractTest.case_case_p2_td_target_main_path_isolation_001 -- Time elapsed: 0.003 s <<< FAILURE!
org.opentest4j.AssertionFailedError: P2 RED [CASE-P2-TD-TARGET-MAIN-PATH-ISOLATION-001]: missing production contract dec.core.context.model.TargetKey
	at org.junit.jupiter.api.AssertionUtils.fail(AssertionUtils.java:38)
	at org.junit.jupiter.api.Assertions.fail(Assertions.java:138)
	at dec.core.compiler.model.access.TargetKeyModelPathContractTest.observe(TargetKeyModelPathContractTest.java:83)
	at dec.core.compiler.model.access.TargetKeyModelPathContractTest.case_case_p2_td_target_main_path_isolation_001(TargetKeyModelPathContractTest.java:75)
	at java.base/java.lang.reflect.Method.invoke(Method.java:569)
	at java.base/java.util.ArrayList.forEach(ArrayList.java:1511)
	at java.base/java.util.ArrayList.forEach(ArrayList.java:1511)

[ERROR] dec.core.compiler.model.access.TargetKeyModelPathContractTest.case_case_p2_td_nested_collection_path_001 -- Time elapsed: 0.005 s <<< FAILURE!
org.opentest4j.AssertionFailedError: P2 RED [CASE-P2-TD-NESTED-COLLECTION-PATH-001]: missing production contract dec.core.context.model.TargetKey
	at org.junit.jupiter.api.AssertionUtils.fail(AssertionUtils.java:38)
	at org.junit.jupiter.api.Assertions.fail(Assertions.java:138)
	at dec.core.compiler.model.access.TargetKeyModelPathContractTest.observe(TargetKeyModelPathContractTest.java:83)
	at dec.core.compiler.model.access.TargetKeyModelPathContractTest.case_case_p2_td_nested_collection_path_001(TargetKeyModelPathContractTest.java:69)
	at java.base/java.lang.reflect.Method.invoke(Method.java:569)
	at java.base/java.util.ArrayList.forEach(ArrayList.java:1511)
	at java.base/java.util.ArrayList.forEach(ArrayList.java:1511)

[ERROR] dec.core.compiler.model.access.TargetKeyModelPathContractTest.case_case_p2_td_p1_path_operation_migration_001 -- Time elapsed: 0.002 s <<< FAILURE!
org.opentest4j.AssertionFailedError: P2 RED [CASE-P2-TD-P1-PATH-OPERATION-MIGRATION-001]: missing production contract dec.core.context.model.TargetKey
	at org.junit.jupiter.api.AssertionUtils.fail(AssertionUtils.java:38)
	at org.junit.jupiter.api.Assertions.fail(Assertions.java:138)
	at dec.core.compiler.model.access.TargetKeyModelPathContractTest.observe(TargetKeyModelPathContractTest.java:83)
	at dec.core.compiler.model.access.TargetKeyModelPathContractTest.case_case_p2_td_p1_path_operation_migration_001(TargetKeyModelPathContractTest.java:45)
	at java.base/java.lang.reflect.Method.invoke(Method.java:569)
	at java.base/java.util.ArrayList.forEach(ArrayList.java:1511)
	at java.base/java.util.ArrayList.forEach(ArrayList.java:1511)

[ERROR] dec.core.compiler.model.access.TargetKeyModelPathContractTest.case_case_p2_td_deep_nested_object_path_001 -- Time elapsed: 0.004 s <<< FAILURE!
org.opentest4j.AssertionFailedError: P2 RED [CASE-P2-TD-DEEP-NESTED-OBJECT-PATH-001]: missing production contract dec.core.context.model.TargetKey
	at org.junit.jupiter.api.AssertionUtils.fail(AssertionUtils.java:38)
	at org.junit.jupiter.api.Assertions.fail(Assertions.java:138)
	at dec.core.compiler.model.access.TargetKeyModelPathContractTest.observe(TargetKeyModelPathContractTest.java:83)
	at dec.core.compiler.model.access.TargetKeyModelPathContractTest.case_case_p2_td_deep_nested_object_path_001(TargetKeyModelPathContractTest.java:57)
	at java.base/java.lang.reflect.Method.invoke(Method.java:569)
	at java.base/java.util.ArrayList.forEach(ArrayList.java:1511)
	at java.base/java.util.ArrayList.forEach(ArrayList.java:1511)

[ERROR] dec.core.compiler.model.access.TargetKeyModelPathContractTest.case_case_p2_td_targetkey_source_mapping_001 -- Time elapsed: 0.001 s <<< FAILURE!
org.opentest4j.AssertionFailedError: P2 RED [CASE-P2-TD-TARGETKEY-SOURCE-MAPPING-001]: missing production contract dec.core.context.model.TargetKey
	at org.junit.jupiter.api.AssertionUtils.fail(AssertionUtils.java:38)
	at org.junit.jupiter.api.Assertions.fail(Assertions.java:138)
	at dec.core.compiler.model.access.TargetKeyModelPathContractTest.observe(TargetKeyModelPathContractTest.java:83)
	at dec.core.compiler.model.access.TargetKeyModelPathContractTest.case_case_p2_td_targetkey_source_mapping_001(TargetKeyModelPathContractTest.java:15)
	at java.base/java.lang.reflect.Method.invoke(Method.java:569)
	at java.base/java.util.ArrayList.forEach(ArrayList.java:1511)
	at java.base/java.util.ArrayList.forEach(ArrayList.java:1511)

[ERROR] dec.core.compiler.model.access.TargetKeyModelPathContractTest.case_case_p2_td_model_path_cross_consumer_equivalence_001 -- Time elapsed: 0.001 s <<< FAILURE!
org.opentest4j.AssertionFailedError: P2 RED [CASE-P2-TD-MODEL-PATH-CROSS-CONSUMER-EQUIVALENCE-001]: missing production contract dec.core.context.model.TargetKey
	at org.junit.jupiter.api.AssertionUtils.fail(AssertionUtils.java:38)
	at org.junit.jupiter.api.Assertions.fail(Assertions.java:138)
	at dec.core.compiler.model.access.TargetKeyModelPathContractTest.observe(TargetKeyModelPathContractTest.java:83)
	at dec.core.compiler.model.access.TargetKeyModelPathContractTest.case_case_p2_td_model_path_cross_consumer_equivalence_001(TargetKeyModelPathContractTest.java:39)
	at java.base/java.lang.reflect.Method.invoke(Method.java:569)
	at java.base/java.util.ArrayList.forEach(ArrayList.java:1511)
	at java.base/java.util.ArrayList.forEach(ArrayList.java:1511)

[ERROR] dec.core.compiler.model.access.TargetKeyModelPathContractTest.case_case_p2_td_model_path_unknown_001 -- Time elapsed: 0.001 s <<< FAILURE!
org.opentest4j.AssertionFailedError: P2 RED [CASE-P2-TD-MODEL-PATH-UNKNOWN-001]: missing production contract dec.core.context.model.TargetKey
	at org.junit.jupiter.api.AssertionUtils.fail(AssertionUtils.java:38)
	at org.junit.jupiter.api.Assertions.fail(Assertions.java:138)
	at dec.core.compiler.model.access.TargetKeyModelPathContractTest.observe(TargetKeyModelPathContractTest.java:83)
	at dec.core.compiler.model.access.TargetKeyModelPathContractTest.case_case_p2_td_model_path_unknown_001(TargetKeyModelPathContractTest.java:27)
	at java.base/java.lang.reflect.Method.invoke(Method.java:569)
	at java.base/java.util.ArrayList.forEach(ArrayList.java:1511)
	at java.base/java.util.ArrayList.forEach(ArrayList.java:1511)

[INFO]
[INFO] Results:
[INFO]
[ERROR] Failures:
[ERROR]   TargetKeyModelPathContractTest.case_case_p2_td_deep_nested_object_path_001:57->observe:83 P2 RED [CASE-P2-TD-DEEP-NESTED-OBJECT-PATH-001]: missing production contract dec.core.context.model.TargetKey
[ERROR]   TargetKeyModelPathContractTest.case_case_p2_td_model_path_cross_consumer_equivalence_001:39->observe:83 P2 RED [CASE-P2-TD-MODEL-PATH-CROSS-CONSUMER-EQUIVALENCE-001]: missing production contract dec.core.context.model.TargetKey
[ERROR]   TargetKeyModelPathContractTest.case_case_p2_td_model_path_unknown_001:27->observe:83 P2 RED [CASE-P2-TD-MODEL-PATH-UNKNOWN-001]: missing production contract dec.core.context.model.TargetKey
[ERROR]   TargetKeyModelPathContractTest.case_case_p2_td_nested_collection_path_001:69->observe:83 P2 RED [CASE-P2-TD-NESTED-COLLECTION-PATH-001]: missing production contract dec.core.context.model.TargetKey
[ERROR]   TargetKeyModelPathContractTest.case_case_p2_td_nested_object_path_001:51->observe:83 P2 RED [CASE-P2-TD-NESTED-OBJECT-PATH-001]: missing production contract dec.core.context.model.TargetKey
[ERROR]   TargetKeyModelPathContractTest.case_case_p2_td_non_composite_intermediate_001:63->observe:83 P2 RED [CASE-P2-TD-NON-COMPOSITE-INTERMEDIATE-001]: missing production contract dec.core.context.model.TargetKey
[ERROR]   TargetKeyModelPathContractTest.case_case_p2_td_p1_path_operation_migration_001:45->observe:83 P2 RED [CASE-P2-TD-P1-PATH-OPERATION-MIGRATION-001]: missing production contract dec.core.context.model.TargetKey
[ERROR]   TargetKeyModelPathContractTest.case_case_p2_td_target_main_path_isolation_001:75->observe:83 P2 RED [CASE-P2-TD-TARGET-MAIN-PATH-ISOLATION-001]: missing production contract dec.core.context.model.TargetKey
[ERROR]   TargetKeyModelPathContractTest.case_case_p2_td_target_path_orthogonality_001:21->observe:83 P2 RED [CASE-P2-TD-TARGET-PATH-ORTHOGONALITY-001]: missing production contract dec.core.context.model.TargetKey
[ERROR]   TargetKeyModelPathContractTest.case_case_p2_td_targetkey_source_mapping_001:15->observe:83 P2 RED [CASE-P2-TD-TARGETKEY-SOURCE-MAPPING-001]: missing production contract dec.core.context.model.TargetKey
[ERROR]   TargetKeyModelPathContractTest.case_case_p2_td_wildcard_finite_expansion_001:33->observe:83 P2 RED [CASE-P2-TD-WILDCARD-FINITE-EXPANSION-001]: missing production contract dec.core.context.model.TargetKey
[INFO]
[ERROR] Tests run: 11, Failures: 11, Errors: 0, Skipped: 0
[INFO]
[INFO] ------------------------------------------------------------------------
[INFO] BUILD FAILURE
[INFO] ------------------------------------------------------------------------
[INFO] Total time:  2.030 s
[INFO] Finished at: 2026-08-11T05:30:01Z
[INFO] ------------------------------------------------------------------------
[ERROR] Failed to execute goal org.apache.maven.plugins:maven-surefire-plugin:3.2.5:test (default-test) on project dec-core-compiler: There are test failures.
[ERROR]
[ERROR] Please refer to /home/runner/work/doc-eq-code-Dgremlin/doc-eq-code-Dgremlin/dec-core-compiler/target/surefire-reports for the individual test results.
[ERROR] Please refer to dump files (if any exist) [date].dump, [date]-jvmRun[N].dump and [date].dumpstream.
[ERROR] -> [Help 1]
[ERROR]
[ERROR] To see the full stack trace of the errors, re-run Maven with the -e switch.
[ERROR] Re-run Maven using the -X switch to enable full debug logging.
[ERROR]
[ERROR] For more information about the errors and possible solutions, please read the following articles:
[ERROR] [Help 1] http://cwiki.apache.org/confluence/display/MAVEN/MojoFailureException
